Archive member included to satisfy reference by file (symbol)

/usr/lib/gcc/arm-none-eabi/12.2.1/../../../arm-none-eabi/lib/thumb/v7e-m+dp/hard/libc_nano.a(lib_a-atexit.o)
                              /usr/lib/gcc/arm-none-eabi/12.2.1/../../../arm-none-eabi/lib/thumb/v7e-m+dp/hard/crt0.o (atexit)
/usr/lib/gcc/arm-none-eabi/12.2.1/../../../arm-none-eabi/lib/thumb/v7e-m+dp/hard/libc_nano.a(lib_a-exit.o)
                              /usr/lib/gcc/arm-none-eabi/12.2.1/../../../arm-none-eabi/lib/thumb/v7e-m+dp/hard/crt0.o (exit)
/usr/lib/gcc/arm-none-eabi/12.2.1/../../../arm-none-eabi/lib/thumb/v7e-m+dp/hard/libc_nano.a(lib_a-fini.o)
                              /usr/lib/gcc/arm-none-eabi/12.2.1/../../../arm-none-eabi/lib/thumb/v7e-m+dp/hard/crt0.o (__libc_fini_array)
/usr/lib/gcc/arm-none-eabi/12.2.1/../../../arm-none-eabi/lib/thumb/v7e-m+dp/hard/libc_nano.a(lib_a-impure.o)
                              /usr/lib/gcc/arm-none-eabi/12.2.1/../../../arm-none-eabi/lib/thumb/v7e-m+dp/hard/libc_nano.a(lib_a-exit.o) (_global_impure_ptr)
/usr/lib/gcc/arm-none-eabi/12.2.1/../../../arm-none-eabi/lib/thumb/v7e-m+dp/hard/libc_nano.a(lib_a-init.o)
                              /usr/lib/gcc/arm-none-eabi/12.2.1/../../../arm-none-eabi/lib/thumb/v7e-m+dp/hard/crt0.o (__libc_init_array)
/usr/lib/gcc/arm-none-eabi/12.2.1/../../../arm-none-eabi/lib/thumb/v7e-m+dp/hard/libc_nano.a(lib_a-memcpy.o)
                              build/sensor.o (memcpy)
/usr/lib/gcc/arm-none-eabi/12.2.1/../../../arm-none-eabi/lib/thumb/v7e-m+dp/hard/libc_nano.a(lib_a-memset.o)
                              /usr/lib/gcc/arm-none-eabi/12.2.1/../../../arm-none-eabi/lib/thumb/v7e-m+dp/hard/crt0.o (memset)
/usr/lib/gcc/arm-none-eabi/12.2.1/../../../arm-none-eabi/lib/thumb/v7e-m+dp/hard/libc_nano.a(lib_a-__atexit.o)
                              /usr/lib/gcc/arm-none-eabi/12.2.1/../../../arm-none-eabi/lib/thumb/v7e-m+dp/hard/libc_nano.a(lib_a-atexit.o) (__register_exitproc)
/usr/lib/gcc/arm-none-eabi/12.2.1/../../../arm-none-eabi/lib/thumb/v7e-m+dp/hard/libc_nano.a(lib_a-__call_atexit.o)
                              /usr/lib/gcc/arm-none-eabi/12.2.1/../../../arm-none-eabi/lib/thumb/v7e-m+dp/hard/libc_nano.a(lib_a-__atexit.o) (__call_exitprocs)
/usr/lib/gcc/arm-none-eabi/12.2.1/../../../arm-none-eabi/lib/thumb/v7e-m+dp/hard/libnosys.a(_exit.o)
                              /usr/lib/gcc/arm-none-eabi/12.2.1/../../../arm-none-eabi/lib/thumb/v7e-m+dp/hard/libc_nano.a(lib_a-exit.o) (_exit)
/usr/lib/gcc/arm-none-eabi/12.2.1/thumb/v7e-m+dp/hard/libgcc.a(_aeabi_uldivmod.o)
                              build/stm32h7xx_hal_uart.o (__aeabi_uldivmod)
/usr/lib/gcc/arm-none-eabi/12.2.1/thumb/v7e-m+dp/hard/libgcc.a(_udivmoddi4.o)
                              /usr/lib/gcc/arm-none-eabi/12.2.1/thumb/v7e-m+dp/hard/libgcc.a(_aeabi_uldivmod.o) (__udivmoddi4)
/usr/lib/gcc/arm-none-eabi/12.2.1/thumb/v7e-m+dp/hard/libgcc.a(_dvmd_tls.o)
                              /usr/lib/gcc/arm-none-eabi/12.2.1/thumb/v7e-m+dp/hard/libgcc.a(_aeabi_uldivmod.o) (__aeabi_ldiv0)

Discarded input sections

 .text          0x0000000000000000        0x0 /usr/lib/gcc/arm-none-eabi/12.2.1/thumb/v7e-m+dp/hard/crti.o
 .data          0x0000000000000000        0x0 /usr/lib/gcc/arm-none-eabi/12.2.1/thumb/v7e-m+dp/hard/crti.o
 .bss           0x0000000000000000        0x0 /usr/lib/gcc/arm-none-eabi/12.2.1/thumb/v7e-m+dp/hard/crti.o
 .data          0x0000000000000000        0x4 /usr/lib/gcc/arm-none-eabi/12.2.1/thumb/v7e-m+dp/hard/crtbegin.o
 .rodata        0x0000000000000000       0x24 /usr/lib/gcc/arm-none-eabi/12.2.1/thumb/v7e-m+dp/hard/crtbegin.o
 .text          0x0000000000000000       0x70 /usr/lib/gcc/arm-none-eabi/12.2.1/../../../arm-none-eabi/lib/thumb/v7e-m+dp/hard/crt0.o
 .data          0x0000000000000000        0x0 /usr/lib/gcc/arm-none-eabi/12.2.1/../../../arm-none-eabi/lib/thumb/v7e-m+dp/hard/crt0.o
 .bss           0x0000000000000000        0x0 /usr/lib/gcc/arm-none-eabi/12.2.1/../../../arm-none-eabi/lib/thumb/v7e-m+dp/hard/crt0.o
 .ARM.extab     0x0000000000000000        0x0 /usr/lib/gcc/arm-none-eabi/12.2.1/../../../arm-none-eabi/lib/thumb/v7e-m+dp/hard/crt0.o
 .ARM.exidx     0x0000000000000000       0x10 /usr/lib/gcc/arm-none-eabi/12.2.1/../../../arm-none-eabi/lib/thumb/v7e-m+dp/hard/crt0.o
 .debug_line    0x0000000000000000       0x87 /usr/lib/gcc/arm-none-eabi/12.2.1/../../../arm-none-eabi/lib/thumb/v7e-m+dp/hard/crt0.o
 .debug_info    0x0000000000000000       0x26 /usr/lib/gcc/arm-none-eabi/12.2.1/../../../arm-none-eabi/lib/thumb/v7e-m+dp/hard/crt0.o
 .debug_abbrev  0x0000000000000000       0x14 /usr/lib/gcc/arm-none-eabi/12.2.1/../../../arm-none-eabi/lib/thumb/v7e-m+dp/hard/crt0.o
 .debug_aranges
                0x0000000000000000       0x20 /usr/lib/gcc/arm-none-eabi/12.2.1/../../../arm-none-eabi/lib/thumb/v7e-m+dp/hard/crt0.o
 .debug_str     0x0000000000000000       0x98 /usr/lib/gcc/arm-none-eabi/12.2.1/../../../arm-none-eabi/lib/thumb/v7e-m+dp/hard/crt0.o
 .ARM.attributes
[...]
Memory Configuration

Name             Origin             Length             Attributes
DTCMRAM          0x0000000020000000 0x0000000000020000 xrw
RAM_D1           0x0000000024000000 0x0000000000080000 xrw
RAM_D2           0x0000000030000000 0x0000000000048000 xrw
RAM_D3           0x0000000038000000 0x0000000000010000 xrw
ITCMRAM          0x0000000000000000 0x0000000000010000 xrw
FLASH            0x0000000008000000 0x0000000000020000 xr
*default*        0x0000000000000000 0xffffffffffffffff

Linker script and memory map

LOAD /usr/lib/gcc/arm-none-eabi/12.2.1/thumb/v7e-m+dp/hard/crti.o
LOAD /usr/lib/gcc/arm-none-eabi/12.2.1/thumb/v7e-m+dp/hard/crtbegin.o
LOAD /usr/lib/gcc/arm-none-eabi/12.2.1/../../../arm-none-eabi/lib/thumb/v7e-m+dp/hard/crt0.o
LOAD build/main.o
LOAD build/ready.o
LOAD build/prefire_purge.o
LOAD build/fill_chill.o
LOAD build/standby.o
LOAD build/fire.o
LOAD build/disarm.o
LOAD build/post_fire.o
LOAD build/manual.o
LOAD build/abort_hotfire.o
LOAD build/valve_control.o
LOAD build/protocol.o
LOAD build/data_logger.o
LOAD build/terminal.o
LOAD build/init.o
LOAD build/sdr_error.o
LOAD build/commands.o
LOAD build/ignition.o
LOAD build/led.o
LOAD build/power.o
LOAD build/flash.o
LOAD build/loadcell.o
LOAD build/pressure.o
LOAD build/rs485.o
LOAD build/sensor.o
LOAD build/temp.o
LOAD build/usb.o
LOAD build/valve.o
LOAD build/wireless.o
LOAD build/stm32h7xx_it.o
LOAD build/stm32h7xx_hal_msp.o
LOAD build/system_stm32h7xx.o
LOAD build/stm32h7xx_hal_adc.o
LOAD build/stm32h7xx_hal_adc_ex.o
LOAD build/stm32h7xx_hal_cortex.o
LOAD build/stm32h7xx_hal_spi.o
LOAD build/stm32h7xx_hal_spi_ex.o
LOAD build/stm32h7xx_hal_rcc.o
LOAD build/stm32h7xx_hal_rcc_ex.o
LOAD build/stm32h7xx_hal_flash.o
LOAD build/stm32h7xx_hal_flash_ex.o
LOAD build/stm32h7xx_hal_gpio.o
LOAD build/stm32h7xx_hal_hsem.o
LOAD build/stm32h7xx_hal_dma.o
LOAD build/stm32h7xx_hal_dma_ex.o
LOAD build/stm32h7xx_hal_mdma.o
LOAD build/stm32h7xx_hal_pwr.o
LOAD build/stm32h7xx_hal_pwr_ex.o
LOAD build/stm32h7xx_hal.o
LOAD build/stm32h7xx_hal_i2c.o
LOAD build/stm32h7xx_hal_i2c_ex.o
LOAD build/stm32h7xx_hal_exti.o
LOAD build/stm32h7xx_hal_tim.o
LOAD build/stm32h7xx_hal_tim_ex.o
LOAD build/stm32h7xx_hal_uart.o
LOAD build/stm32h7xx_hal_uart_ex.o
LOAD build/startup_stm32h750xx.o
LOAD /usr/lib/gcc/arm-none-eabi/12.2.1/../../../arm-none-eabi/lib/thumb/v7e-m+dp/hard/libc_nano.a
LOAD /usr/lib/gcc/arm-none-eabi/12.2.1/../../../arm-none-eabi/lib/thumb/v7e-m+dp/hard/libm.a
LOAD /usr/lib/gcc/arm-none-eabi/12.2.1/../../../arm-none-eabi/lib/thumb/v7e-m+dp/hard/libnosys.a
START GROUP
LOAD /usr/lib/gcc/arm-none-eabi/12.2.1/thumb/v7e-m+dp/hard/libgcc.a
LOAD /usr/lib/gcc/arm-none-eabi/12.2.1/../../../arm-none-eabi/lib/thumb/v7e-m+dp/hard/libc_nano.a
END GROUP
START GROUP
LOAD /usr/lib/gcc/arm-none-eabi/12.2.1/thumb/v7e-m+dp/hard/libgcc.a
LOAD /usr/lib/gcc/arm-none-eabi/12.2.1/../../../arm-none-eabi/lib/thumb/v7e-m+dp/hard/libc_nano.a
END GROUP
LOAD /usr/lib/gcc/arm-none-eabi/12.2.1/thumb/v7e-m+dp/hard/crtend.o
LOAD /usr/lib/gcc/arm-none-eabi/12.2.1/thumb/v7e-m+dp/hard/crtn.o
                0x0000000020020000                _estack = 0x20020000
                0x0000000000000200                _Min_Heap_Size = 0x200
                0x0000000000000400                _Min_Stack_Size = 0x400

.isr_vector     0x0000000008000000      0x298
                0x0000000008000000                . = ALIGN (0x4)
 *(.isr_vector)
 .isr_vector    0x0000000008000000      0x298 build/startup_stm32h750xx.o
                0x0000000008000000                g_pfnVectors
                0x0000000008000298                . = ALIGN (0x4)

.text           0x0000000008000298     0x82d8
                0x0000000008000298                . = ALIGN (0x4)
 *(.text)
 .text          0x0000000008000298       0x88 /usr/lib/gcc/arm-none-eabi/12.2.1/thumb/v7e-m+dp/hard/crtbegin.o
 .text          0x0000000008000320       0x48 /usr/lib/gcc/arm-none-eabi/12.2.1/../../../arm-none-eabi/lib/thumb/v7e-m+dp/hard/libc_nano.a(lib_a-init.o)
                0x0000000008000320                __libc_init_array
 .text          0x0000000008000368       0xa4 /usr/lib/gcc/arm-none-eabi/12.2.1/../../../arm-none-eabi/lib/thumb/v7e-m+dp/hard/libc_nano.a(lib_a-memset.o)
                0x0000000008000368                memset
 .text          0x000000000800040c       0x30 /usr/lib/gcc/arm-none-eabi/12.2.1/thumb/v7e-m+dp/hard/libgcc.a(_aeabi_uldivmod.o)
                0x000000000800040c                __aeabi_uldivmod
 .text          0x000000000800043c      0x2bc /usr/lib/gcc/arm-none-eabi/12.2.1/thumb/v7e-m+dp/hard/libgcc.a(_udivmoddi4.o)
                0x000000000800043c                __udivmoddi4
 .text          0x00000000080006f8        0x4 /usr/lib/gcc/arm-none-eabi/12.2.1/thumb/v7e-m+dp/hard/libgcc.a(_dvmd_tls.o)
                0x00000000080006f8                __aeabi_ldiv0
                0x00000000080006f8                __aeabi_idiv0
 *(.text*)
 .text.main     0x00000000080006fc      0x194 build/main.o
                0x00000000080006fc                main
 .text.run_ready_state
                0x0000000008000890       0x28 build/ready.o
                0x0000000008000890                run_ready_state
 .text.run_pre_fire_purge_state
                0x00000000080008b8       0x50 build/prefire_purge.o
                0x00000000080008b8                run_pre_fire_purge_state
 .text.run_fill_chill_state
                0x0000000008000908       0xac build/fill_chill.o
                0x0000000008000908                run_fill_chill_state
 .text.run_standby_state
                0x00000000080009b4       0x18 build/standby.o
                0x00000000080009b4                run_standby_state
 .text.run_fire_state
                0x00000000080009cc       0xdc build/fire.o
                0x00000000080009cc                run_fire_state
 .text.run_disarm_state
                0x0000000008000aa8      0x1b4 build/disarm.o
                0x0000000008000aa8                run_disarm_state
 .text.run_post_fire_state
                0x0000000008000c5c        0xa build/post_fire.o
                0x0000000008000c5c                run_post_fire_state
 *fill*         0x0000000008000c66        0x2 
 .text.run_manual_state
                0x0000000008000c68       0x1c build/manual.o
                0x0000000008000c68                run_manual_state
 .text.run_abort_state
                0x0000000008000c84       0x30 build/abort_hotfire.o
                0x0000000008000c84                run_abort_state
 .text.vc_open_solenoids
                0x0000000008000cb4       0x4a build/valve_control.o
                0x0000000008000cb4                vc_open_solenoids
 .text.vc_close_solenoids
                0x0000000008000cfe       0x4a build/valve_control.o
                0x0000000008000cfe                vc_close_solenoids
 .text.vc_reset_solenoids
                0x0000000008000d48       0x26 build/valve_control.o
                0x0000000008000d48                vc_reset_solenoids
 .text.vc_open_main_valves
                0x0000000008000d6e       0x88 build/valve_control.o
                0x0000000008000d6e                vc_open_main_valves
 .text.vc_crack_main_valves
                0x0000000008000df6       0x80 build/valve_control.o
                0x0000000008000df6                vc_crack_main_valves
 .text.vc_close_main_valves
                0x0000000008000e76       0x84 build/valve_control.o
                0x0000000008000e76                vc_close_main_valves
 .text.vc_calibrate_main_valves
                0x0000000008000efa       0x26 build/valve_control.o
                0x0000000008000efa                vc_calibrate_main_valves
 .text.vc_enable_main_valves
                0x0000000008000f20       0x26 build/valve_control.o
                0x0000000008000f20                vc_enable_main_valves
 .text.vc_connect
                0x0000000008000f46       0x42 build/valve_control.o
                0x0000000008000f46                vc_connect
 .text.data_logger_init_timer
                0x0000000008000f88       0x10 build/data_logger.o
                0x0000000008000f88                data_logger_init_timer
 .text.data_logger_log_data
                0x0000000008000f98       0x80 build/data_logger.o
                0x0000000008000f98                data_logger_log_data
 .text.data_logger_get_data
                0x0000000008001018       0x50 build/data_logger.o
                0x0000000008001018                data_logger_get_data
 .text.data_logger_get_time
                0x0000000008001068       0x14 build/data_logger.o
                0x0000000008001068                data_logger_get_time
 .text.data_logger_erase_flash
                0x000000000800107c       0x2a build/data_logger.o
                0x000000000800107c                data_logger_erase_flash
 *fill*         0x00000000080010a6        0x2 
 .text.SystemClock_Config
                0x00000000080010a8       0xc8 build/init.o
                0x00000000080010a8                SystemClock_Config
 .text.PeriphCommonClock_Config
                0x0000000008001170       0x40 build/init.o
                0x0000000008001170                PeriphCommonClock_Config
 .text.PRESSURE_ADC_Init
                0x00000000080011b0       0xc4 build/init.o
                0x00000000080011b0                PRESSURE_ADC_Init
 .text.LOADCELL_ADC_Init
                0x0000000008001274       0xb0 build/init.o
                0x0000000008001274                LOADCELL_ADC_Init
 .text.PRESSURE5_ADC_Init
                0x0000000008001324       0xac build/init.o
                0x0000000008001324                PRESSURE5_ADC_Init
 .text.Thermocouple_I2C_Init
                0x00000000080013d0       0x64 build/init.o
                0x00000000080013d0                Thermocouple_I2C_Init
 .text.FLASH_SPI_Init
                0x0000000008001434       0x5c build/init.o
                0x0000000008001434                FLASH_SPI_Init
 .text.USB_UART_Init
                0x0000000008001490       0x70 build/init.o
                0x0000000008001490                USB_UART_Init
 .text.Valve_UART_Init
                0x0000000008001500       0x70 build/init.o
                0x0000000008001500                Valve_UART_Init
 .text.Wireless_UART_Init
                0x0000000008001570       0x70 build/init.o
                0x0000000008001570                Wireless_UART_Init
 .text.GPIO_Init
                0x00000000080015e0      0x1c4 build/init.o
                0x00000000080015e0                GPIO_Init
 .text.Error_Handler
                0x00000000080017a4       0x10 build/sdr_error.o
                0x00000000080017a4                Error_Handler
 .text.ign_ematch_cont
                0x00000000080017b4       0x14 build/ignition.o
                0x00000000080017b4                ign_ematch_cont
 .text.ign_ignite
                0x00000000080017c8       0x3c build/ignition.o
                0x00000000080017c8                ign_ignite
 .text.led_reset
                0x0000000008001804       0x14 build/led.o
                0x0000000008001804                led_reset
 .text.led_error_assert
                0x0000000008001818       0x18 build/led.o
                0x0000000008001818                led_error_assert
 .text.led_set_color
                0x0000000008001830       0x80 build/led.o
                0x0000000008001830                led_set_color
 .text.address_to_bytes
                0x00000000080018b0        0xc build/flash.o
 .text.write_disable
                0x00000000080018bc       0x48 build/flash.o
 .text.write_enable
                0x0000000008001904       0x48 build/flash.o
 .text.flash_get_status
                0x000000000800194c       0x6c build/flash.o
                0x000000000800194c                flash_get_status
 .text.flash_set_status
                0x00000000080019b8       0xb0 build/flash.o
                0x00000000080019b8                flash_set_status
 .text.flash_is_flash_busy
                0x0000000008001a68       0x2c build/flash.o
                0x0000000008001a68                flash_is_flash_busy
 .text.flash_write_enable
                0x0000000008001a94        0xc build/flash.o
                0x0000000008001a94                flash_write_enable
 .text.flash_write_disable
                0x0000000008001aa0        0xc build/flash.o
                0x0000000008001aa0                flash_write_disable
 .text.flash_init
                0x0000000008001aac       0x62 build/flash.o
                0x0000000008001aac                flash_init
 *fill*         0x0000000008001b0e        0x2 
 .text.flash_write_byte
                0x0000000008001b10       0xa4 build/flash.o
                0x0000000008001b10                flash_write_byte
 .text.flash_write
                0x0000000008001bb4      0x190 build/flash.o
                0x0000000008001bb4                flash_write
 .text.flash_erase
                0x0000000008001d44       0x60 build/flash.o
                0x0000000008001d44                flash_erase
 .text.pt7_adc_channel_select
                0x0000000008001da4       0x40 build/sensor.o
 .text.loadcell_adc_channel_select
                0x0000000008001de4       0x40 build/sensor.o
 .text.pt8_adc_channel_select
                0x0000000008001e24       0x40 build/sensor.o
 .text.pt5_adc_channel_select
                0x0000000008001e64       0x3c build/sensor.o
 .text.pt6_adc_channel_select
                0x0000000008001ea0       0x40 build/sensor.o
 .text.pt1_adc_channel_select
                0x0000000008001ee0       0x40 build/sensor.o
 .text.sensor_init
                0x0000000008001f20       0x50 build/sensor.o
                0x0000000008001f20                sensor_init
 .text.sensor_conv_pressure
                0x0000000008001f70       0x4c build/sensor.o
                0x0000000008001f70                sensor_conv_pressure
 .text.sensor_adc_burst_read
                0x0000000008001fbc      0x1f4 build/sensor.o
                0x0000000008001fbc                sensor_adc_burst_read
 .text.sensor_dump
                0x00000000080021b0        0x8 build/sensor.o
                0x00000000080021b0                sensor_dump
 .text.write_reg
                0x00000000080021b8       0x48 build/temp.o
 .text.read_reg
                0x0000000008002200       0x44 build/temp.o
 .text.temp_get_status
                0x0000000008002244        0xe build/temp.o
                0x0000000008002244                temp_get_status
 .text.temp_get_device_id
                0x0000000008002252        0xe build/temp.o
                0x0000000008002252                temp_get_device_id
 .text.temp_init
                0x0000000008002260       0x74 build/temp.o
                0x0000000008002260                temp_init
 .text.usb_receive_IT
                0x00000000080022d4       0x18 build/usb.o
                0x00000000080022d4                usb_receive_IT
 .text.valve_transmit
                0x00000000080022ec       0x24 build/valve.o
                0x00000000080022ec                valve_transmit
 .text.valve_receive
                0x0000000008002310       0x24 build/valve.o
                0x0000000008002310                valve_receive
 .text.NMI_Handler
                0x0000000008002334        0x2 build/stm32h7xx_it.o
                0x0000000008002334                NMI_Handler
 .text.HardFault_Handler
                0x0000000008002336        0x2 build/stm32h7xx_it.o
                0x0000000008002336                HardFault_Handler
 .text.MemManage_Handler
                0x0000000008002338        0x2 build/stm32h7xx_it.o
                0x0000000008002338                MemManage_Handler
 .text.BusFault_Handler
                0x000000000800233a        0x2 build/stm32h7xx_it.o
                0x000000000800233a                BusFault_Handler
 .text.UsageFault_Handler
                0x000000000800233c        0x2 build/stm32h7xx_it.o
                0x000000000800233c                UsageFault_Handler
 .text.SVC_Handler
                0x000000000800233e        0x2 build/stm32h7xx_it.o
                0x000000000800233e                SVC_Handler
 .text.DebugMon_Handler
                0x0000000008002340        0x2 build/stm32h7xx_it.o
                0x0000000008002340                DebugMon_Handler
 .text.PendSV_Handler
                0x0000000008002342        0x2 build/stm32h7xx_it.o
                0x0000000008002342                PendSV_Handler
 .text.SysTick_Handler
                0x0000000008002344        0x8 build/stm32h7xx_it.o
                0x0000000008002344                SysTick_Handler
 .text.HAL_MspInit
                0x000000000800234c       0x24 build/stm32h7xx_hal_msp.o
                0x000000000800234c                HAL_MspInit
 .text.HAL_ADC_MspInit
                0x0000000008002370      0x134 build/stm32h7xx_hal_msp.o
                0x0000000008002370                HAL_ADC_MspInit
 .text.HAL_I2C_MspInit
                0x00000000080024a4       0x98 build/stm32h7xx_hal_msp.o
                0x00000000080024a4                HAL_I2C_MspInit
 .text.HAL_SPI_MspInit
                0x000000000800253c       0xb4 build/stm32h7xx_hal_msp.o
                0x000000000800253c                HAL_SPI_MspInit
 .text.HAL_UART_MspInit
                0x00000000080025f0      0x190 build/stm32h7xx_hal_msp.o
                0x00000000080025f0                HAL_UART_MspInit
 .text.SystemInit
                0x0000000008002780       0xcc build/system_stm32h7xx.o
                0x0000000008002780                SystemInit
 .text.LL_ADC_REG_SetSequencerRanks
                0x000000000800284c       0x30 build/stm32h7xx_hal_adc.o
 .text.LL_ADC_SetChannelSamplingTime
                0x000000000800287c       0x2c build/stm32h7xx_hal_adc.o
 .text.HAL_ADC_PollForConversion
                0x00000000080028a8      0x130 build/stm32h7xx_hal_adc.o
                0x00000000080028a8                HAL_ADC_PollForConversion
 .text.HAL_ADC_GetValue
                0x00000000080029d8        0x6 build/stm32h7xx_hal_adc.o
                0x00000000080029d8                HAL_ADC_GetValue
 *fill*         0x00000000080029de        0x2 
 .text.HAL_ADC_ConfigChannel
                0x00000000080029e0      0x488 build/stm32h7xx_hal_adc.o
                0x00000000080029e0                HAL_ADC_ConfigChannel
 .text.ADC_ConversionStop
                0x0000000008002e68      0x100 build/stm32h7xx_hal_adc.o
                0x0000000008002e68                ADC_ConversionStop
 .text.ADC_Enable
                0x0000000008002f68       0xd4 build/stm32h7xx_hal_adc.o
                0x0000000008002f68                ADC_Enable
 .text.HAL_ADC_Start
                0x000000000800303c      0x110 build/stm32h7xx_hal_adc.o
                0x000000000800303c                HAL_ADC_Start
 .text.ADC_Disable
                0x000000000800314c       0x94 build/stm32h7xx_hal_adc.o
                0x000000000800314c                ADC_Disable
 .text.HAL_ADC_Stop
                0x00000000080031e0       0x44 build/stm32h7xx_hal_adc.o
                0x00000000080031e0                HAL_ADC_Stop
 .text.ADC_ConfigureBoostMode
                0x0000000008003224      0x164 build/stm32h7xx_hal_adc.o
                0x0000000008003224                ADC_ConfigureBoostMode
 .text.HAL_ADC_Init
                0x0000000008003388      0x258 build/stm32h7xx_hal_adc.o
                0x0000000008003388                HAL_ADC_Init
 .text.HAL_ADCEx_MultiModeConfigChannel
                0x00000000080035e0      0x150 build/stm32h7xx_hal_adc_ex.o
                0x00000000080035e0                HAL_ADCEx_MultiModeConfigChannel
 .text.__NVIC_EnableIRQ
                0x0000000008003730       0x1c build/stm32h7xx_hal_cortex.o
 .text.__NVIC_SetPriority
                0x000000000800374c       0x24 build/stm32h7xx_hal_cortex.o
 .text.NVIC_EncodePriority
                0x0000000008003770       0x3e build/stm32h7xx_hal_cortex.o
 *fill*         0x00000000080037ae        0x2 
 .text.HAL_NVIC_SetPriorityGrouping
                0x00000000080037b0       0x24 build/stm32h7xx_hal_cortex.o
                0x00000000080037b0                HAL_NVIC_SetPriorityGrouping
 .text.HAL_NVIC_SetPriority
                0x00000000080037d4       0x20 build/stm32h7xx_hal_cortex.o
                0x00000000080037d4                HAL_NVIC_SetPriority
 .text.HAL_NVIC_EnableIRQ
                0x00000000080037f4        0x8 build/stm32h7xx_hal_cortex.o
                0x00000000080037f4                HAL_NVIC_EnableIRQ
 .text.HAL_SYSTICK_Config
                0x00000000080037fc       0x28 build/stm32h7xx_hal_cortex.o
                0x00000000080037fc                HAL_SYSTICK_Config
 .text.SPI_CloseTransfer
                0x0000000008003824       0xd0 build/stm32h7xx_hal_spi.o
 .text.SPI_GetPacketSize
                0x00000000080038f4       0x10 build/stm32h7xx_hal_spi.o
 .text.SPI_WaitOnFlagUntilTimeout
                0x0000000008003904       0x46 build/stm32h7xx_hal_spi.o
 *fill*         0x000000000800394a        0x2 
 .text.HAL_SPI_Init
                0x000000000800394c      0x168 build/stm32h7xx_hal_spi.o
                0x000000000800394c                HAL_SPI_Init
 .text.HAL_SPI_Transmit
                0x0000000008003ab4      0x2c4 build/stm32h7xx_hal_spi.o
                0x0000000008003ab4                HAL_SPI_Transmit
 .text.HAL_SPI_TransmitReceive
                0x0000000008003d78      0x420 build/stm32h7xx_hal_spi.o
                0x0000000008003d78                HAL_SPI_TransmitReceive
 .text.HAL_SPI_Receive
                0x0000000008004198      0x2b8 build/stm32h7xx_hal_spi.o
                0x0000000008004198                HAL_SPI_Receive
 .text.HAL_RCC_OscConfig
                0x0000000008004450      0x674 build/stm32h7xx_hal_rcc.o
                0x0000000008004450                HAL_RCC_OscConfig
 .text.HAL_RCC_GetSysClockFreq
                0x0000000008004ac4      0x1f4 build/stm32h7xx_hal_rcc.o
                0x0000000008004ac4                HAL_RCC_GetSysClockFreq
 .text.HAL_RCC_ClockConfig
                0x0000000008004cb8      0x294 build/stm32h7xx_hal_rcc.o
                0x0000000008004cb8                HAL_RCC_ClockConfig
 .text.HAL_RCC_GetHCLKFreq
                0x0000000008004f4c       0x44 build/stm32h7xx_hal_rcc.o
                0x0000000008004f4c                HAL_RCC_GetHCLKFreq
 .text.HAL_RCC_GetPCLK1Freq
                0x0000000008004f90       0x24 build/stm32h7xx_hal_rcc.o
                0x0000000008004f90                HAL_RCC_GetPCLK1Freq
 .text.HAL_RCC_GetPCLK2Freq
                0x0000000008004fb4       0x24 build/stm32h7xx_hal_rcc.o
                0x0000000008004fb4                HAL_RCC_GetPCLK2Freq
 .text.RCCEx_PLL2_Config
                0x0000000008004fd8      0x10c build/stm32h7xx_hal_rcc_ex.o
 .text.RCCEx_PLL3_Config
                0x00000000080050e4      0x10c build/stm32h7xx_hal_rcc_ex.o
 .text.HAL_RCCEx_PeriphCLKConfig
                0x00000000080051f0      0x9c4 build/stm32h7xx_hal_rcc_ex.o
                0x00000000080051f0                HAL_RCCEx_PeriphCLKConfig
 .text.HAL_RCCEx_GetD3PCLK1Freq
                0x0000000008005bb4       0x24 build/stm32h7xx_hal_rcc_ex.o
                0x0000000008005bb4                HAL_RCCEx_GetD3PCLK1Freq
 .text.HAL_RCCEx_GetPLL2ClockFreq
                0x0000000008005bd8      0x1fc build/stm32h7xx_hal_rcc_ex.o
                0x0000000008005bd8                HAL_RCCEx_GetPLL2ClockFreq
 .text.HAL_RCCEx_GetPLL3ClockFreq
                0x0000000008005dd4      0x1fc build/stm32h7xx_hal_rcc_ex.o
                0x0000000008005dd4                HAL_RCCEx_GetPLL3ClockFreq
 .text.HAL_RCCEx_GetPLL1ClockFreq
                0x0000000008005fd0      0x1fc build/stm32h7xx_hal_rcc_ex.o
                0x0000000008005fd0                HAL_RCCEx_GetPLL1ClockFreq
 .text.HAL_RCCEx_GetPeriphCLKFreq
                0x00000000080061cc      0x614 build/stm32h7xx_hal_rcc_ex.o
                0x00000000080061cc                HAL_RCCEx_GetPeriphCLKFreq
 .text.HAL_GPIO_Init
                0x00000000080067e0      0x220 build/stm32h7xx_hal_gpio.o
                0x00000000080067e0                HAL_GPIO_Init
 .text.HAL_GPIO_ReadPin
                0x0000000008006a00        0xe build/stm32h7xx_hal_gpio.o
                0x0000000008006a00                HAL_GPIO_ReadPin
 .text.HAL_GPIO_WritePin
                0x0000000008006a0e        0xc build/stm32h7xx_hal_gpio.o
                0x0000000008006a0e                HAL_GPIO_WritePin
 *fill*         0x0000000008006a1a        0x2 
 .text.HAL_PWREx_ConfigSupply
                0x0000000008006a1c       0x54 build/stm32h7xx_hal_pwr_ex.o
                0x0000000008006a1c                HAL_PWREx_ConfigSupply
 .text.HAL_InitTick
                0x0000000008006a70       0x50 build/stm32h7xx_hal.o
                0x0000000008006a70                HAL_InitTick
 .text.HAL_Init
                0x0000000008006ac0       0x5c build/stm32h7xx_hal.o
                0x0000000008006ac0                HAL_Init
 .text.HAL_IncTick
                0x0000000008006b1c       0x18 build/stm32h7xx_hal.o
                0x0000000008006b1c                HAL_IncTick
 .text.HAL_GetTick
                0x0000000008006b34        0xc build/stm32h7xx_hal.o
                0x0000000008006b34                HAL_GetTick
 .text.HAL_Delay
                0x0000000008006b40       0x28 build/stm32h7xx_hal.o
                0x0000000008006b40                HAL_Delay
 .text.HAL_GetREVID
                0x0000000008006b68        0xc build/stm32h7xx_hal.o
                0x0000000008006b68                HAL_GetREVID
 .text.HAL_SYSCFG_AnalogSwitchConfig
                0x0000000008006b74       0x14 build/stm32h7xx_hal.o
                0x0000000008006b74                HAL_SYSCFG_AnalogSwitchConfig
 .text.I2C_Flush_TXDR
                0x0000000008006b88       0x22 build/stm32h7xx_hal_i2c.o
 .text.I2C_TransferConfig
                0x0000000008006baa       0x3c build/stm32h7xx_hal_i2c.o
 .text.I2C_IsErrorOccurred
                0x0000000008006be6      0x130 build/stm32h7xx_hal_i2c.o
 .text.I2C_WaitOnTXISFlagUntilTimeout
                0x0000000008006d16       0x56 build/stm32h7xx_hal_i2c.o
 .text.I2C_WaitOnFlagUntilTimeout
                0x0000000008006d6c       0x56 build/stm32h7xx_hal_i2c.o
 .text.I2C_WaitOnSTOPFlagUntilTimeout
                0x0000000008006dc2       0x50 build/stm32h7xx_hal_i2c.o
 .text.I2C_WaitOnRXNEFlagUntilTimeout
                0x0000000008006e12       0xae build/stm32h7xx_hal_i2c.o
 .text.HAL_I2C_Init
                0x0000000008006ec0       0xbc build/stm32h7xx_hal_i2c.o
                0x0000000008006ec0                HAL_I2C_Init
 .text.HAL_I2C_Master_Transmit
                0x0000000008006f7c      0x17c build/stm32h7xx_hal_i2c.o
                0x0000000008006f7c                HAL_I2C_Master_Transmit
 .text.HAL_I2C_Master_Receive
                0x00000000080070f8      0x17c build/stm32h7xx_hal_i2c.o
                0x00000000080070f8                HAL_I2C_Master_Receive
 .text.HAL_I2CEx_ConfigAnalogFilter
                0x0000000008007274       0x5c build/stm32h7xx_hal_i2c_ex.o
                0x0000000008007274                HAL_I2CEx_ConfigAnalogFilter
 .text.HAL_I2CEx_ConfigDigitalFilter
                0x00000000080072d0       0x58 build/stm32h7xx_hal_i2c_ex.o
                0x00000000080072d0                HAL_I2CEx_ConfigDigitalFilter
 .text.HAL_UART_RxCpltCallback
                0x0000000008007328        0x2 build/stm32h7xx_hal_uart.o
                0x0000000008007328                HAL_UART_RxCpltCallback
 .text.HAL_UART_ErrorCallback
                0x000000000800732a        0x2 build/stm32h7xx_hal_uart.o
                0x000000000800732a                HAL_UART_ErrorCallback
 .text.HAL_UARTEx_RxEventCallback
                0x000000000800732c        0x2 build/stm32h7xx_hal_uart.o
                0x000000000800732c                HAL_UARTEx_RxEventCallback
 .text.UART_RxISR_8BIT
                0x000000000800732e       0xb2 build/stm32h7xx_hal_uart.o
 .text.UART_RxISR_16BIT
                0x00000000080073e0       0xb0 build/stm32h7xx_hal_uart.o
 .text.UART_RxISR_8BIT_FIFOEN
                0x0000000008007490      0x1a0 build/stm32h7xx_hal_uart.o
 .text.UART_RxISR_16BIT_FIFOEN
                0x0000000008007630      0x19c build/stm32h7xx_hal_uart.o
 .text.UART_SetConfig
                0x00000000080077cc      0x5f4 build/stm32h7xx_hal_uart.o
                0x00000000080077cc                UART_SetConfig
 .text.UART_AdvFeatureConfig
                0x0000000008007dc0       0xca build/stm32h7xx_hal_uart.o
                0x0000000008007dc0                UART_AdvFeatureConfig
 .text.UART_WaitOnFlagUntilTimeout
                0x0000000008007e8a       0xd8 build/stm32h7xx_hal_uart.o
                0x0000000008007e8a                UART_WaitOnFlagUntilTimeout
 .text.HAL_UART_Transmit
                0x0000000008007f62       0xda build/stm32h7xx_hal_uart.o
                0x0000000008007f62                HAL_UART_Transmit
 .text.HAL_UART_Receive
                0x000000000800803c      0x128 build/stm32h7xx_hal_uart.o
                0x000000000800803c                HAL_UART_Receive
 .text.UART_CheckIdleState
                0x0000000008008164       0x74 build/stm32h7xx_hal_uart.o
                0x0000000008008164                UART_CheckIdleState
 .text.HAL_UART_Init
                0x00000000080081d8       0x66 build/stm32h7xx_hal_uart.o
                0x00000000080081d8                HAL_UART_Init
 *fill*         0x000000000800823e        0x2 
 .text.UART_Start_Receive_IT
                0x0000000008008240      0x148 build/stm32h7xx_hal_uart.o
                0x0000000008008240                UART_Start_Receive_IT
 .text.HAL_UART_Receive_IT
                0x0000000008008388       0x5c build/stm32h7xx_hal_uart.o
                0x0000000008008388                HAL_UART_Receive_IT
 .text.UARTEx_SetNbDataToProcess
                0x00000000080083e4       0x4c build/stm32h7xx_hal_uart_ex.o
 .text.HAL_UARTEx_DisableFifoMode
                0x0000000008008430       0x3e build/stm32h7xx_hal_uart_ex.o
                0x0000000008008430                HAL_UARTEx_DisableFifoMode
 .text.HAL_UARTEx_SetTxFifoThreshold
                0x000000000800846e       0x4a build/stm32h7xx_hal_uart_ex.o
                0x000000000800846e                HAL_UARTEx_SetTxFifoThreshold
 .text.HAL_UARTEx_SetRxFifoThreshold
                0x00000000080084b8       0x4a build/stm32h7xx_hal_uart_ex.o
                0x00000000080084b8                HAL_UARTEx_SetRxFifoThreshold
 *fill*         0x0000000008008502        0x2 
 .text.Reset_Handler
                0x0000000008008504       0x50 build/startup_stm32h750xx.o
                0x0000000008008504                Reset_Handler
 .text.Default_Handler
                0x0000000008008554        0x2 build/startup_stm32h750xx.o
                0x0000000008008554                RTC_Alarm_IRQHandler
                0x0000000008008554                HASH_RNG_IRQHandler
                0x0000000008008554                EXTI2_IRQHandler
                0x0000000008008554                TIM8_CC_IRQHandler
                0x0000000008008554                HRTIM1_Master_IRQHandler
                0x0000000008008554                UART8_IRQHandler
                0x0000000008008554                SPI4_IRQHandler
                0x0000000008008554                TIM1_CC_IRQHandler
                0x0000000008008554                BDMA_Channel6_IRQHandler
                0x0000000008008554                DMA2_Stream5_IRQHandler
                0x0000000008008554                HRTIM1_FLT_IRQHandler
                0x0000000008008554                JPEG_IRQHandler
                0x0000000008008554                DMA1_Stream5_IRQHandler
                0x0000000008008554                BDMA_Channel1_IRQHandler
                0x0000000008008554                HRTIM1_TIMD_IRQHandler
                0x0000000008008554                TAMP_STAMP_IRQHandler
                0x0000000008008554                EXTI3_IRQHandler
                0x0000000008008554                LPTIM4_IRQHandler
                0x0000000008008554                TIM8_TRG_COM_TIM14_IRQHandler
                0x0000000008008554                LPTIM2_IRQHandler
                0x0000000008008554                DFSDM1_FLT1_IRQHandler
                0x0000000008008554                DMAMUX2_OVR_IRQHandler
                0x0000000008008554                TIM8_UP_TIM13_IRQHandler
                0x0000000008008554                I2C3_ER_IRQHandler
                0x0000000008008554                DFSDM1_FLT2_IRQHandler
                0x0000000008008554                MDMA_IRQHandler
                0x0000000008008554                LPTIM3_IRQHandler
                0x0000000008008554                HSEM1_IRQHandler
                0x0000000008008554                EXTI0_IRQHandler
                0x0000000008008554                I2C2_EV_IRQHandler
                0x0000000008008554                DMA1_Stream2_IRQHandler
                0x0000000008008554                FPU_IRQHandler
                0x0000000008008554                OTG_HS_WKUP_IRQHandler
                0x0000000008008554                FDCAN1_IT1_IRQHandler
                0x0000000008008554                LTDC_ER_IRQHandler
                0x0000000008008554                DMA2_Stream2_IRQHandler
                0x0000000008008554                HRTIM1_TIME_IRQHandler
                0x0000000008008554                SPI1_IRQHandler
                0x0000000008008554                TIM6_DAC_IRQHandler
                0x0000000008008554                DCMI_IRQHandler
                0x0000000008008554                HRTIM1_TIMC_IRQHandler
                0x0000000008008554                DMA2_Stream3_IRQHandler
                0x0000000008008554                SAI2_IRQHandler
                0x0000000008008554                DFSDM1_FLT3_IRQHandler
                0x0000000008008554                USART6_IRQHandler
                0x0000000008008554                TIM17_IRQHandler
                0x0000000008008554                USART3_IRQHandler
                0x0000000008008554                BDMA_Channel7_IRQHandler
                0x0000000008008554                CRYP_IRQHandler
                0x0000000008008554                LPTIM5_IRQHandler
                0x0000000008008554                UART5_IRQHandler
                0x0000000008008554                ADC3_IRQHandler
                0x0000000008008554                DMA2_Stream0_IRQHandler
                0x0000000008008554                TIM4_IRQHandler
                0x0000000008008554                BDMA_Channel2_IRQHandler
                0x0000000008008554                QUADSPI_IRQHandler
                0x0000000008008554                I2C1_EV_IRQHandler
                0x0000000008008554                DMA1_Stream6_IRQHandler
                0x0000000008008554                DMAMUX1_OVR_IRQHandler
                0x0000000008008554                DMA1_Stream1_IRQHandler
                0x0000000008008554                TIM16_IRQHandler
                0x0000000008008554                UART4_IRQHandler
                0x0000000008008554                BDMA_Channel5_IRQHandler
                0x0000000008008554                TIM3_IRQHandler
                0x0000000008008554                RCC_IRQHandler
                0x0000000008008554                TIM8_BRK_TIM12_IRQHandler
                0x0000000008008554                TIM1_TRG_COM_IRQHandler
                0x0000000008008554                Default_Handler
                0x0000000008008554                ECC_IRQHandler
                0x0000000008008554                CEC_IRQHandler
                0x0000000008008554                EXTI15_10_IRQHandler
                0x0000000008008554                BDMA_Channel0_IRQHandler
                0x0000000008008554                ADC_IRQHandler
                0x0000000008008554                DMA1_Stream7_IRQHandler
                0x0000000008008554                HRTIM1_TIMA_IRQHandler
                0x0000000008008554                SPI5_IRQHandler
                0x0000000008008554                TIM7_IRQHandler
                0x0000000008008554                SDMMC1_IRQHandler
                0x0000000008008554                TIM5_IRQHandler
                0x0000000008008554                DMA2_Stream7_IRQHandler
                0x0000000008008554                TIM15_IRQHandler
                0x0000000008008554                PVD_AVD_IRQHandler
                0x0000000008008554                I2C3_EV_IRQHandler
                0x0000000008008554                EXTI9_5_IRQHandler
                0x0000000008008554                RTC_WKUP_IRQHandler
                0x0000000008008554                LTDC_IRQHandler
                0x0000000008008554                SAI3_IRQHandler
                0x0000000008008554                ETH_WKUP_IRQHandler
                0x0000000008008554                SPDIF_RX_IRQHandler
                0x0000000008008554                SPI2_IRQHandler
                0x0000000008008554                OTG_HS_EP1_IN_IRQHandler
                0x0000000008008554                DMA1_Stream0_IRQHandler
                0x0000000008008554                CRS_IRQHandler
                0x0000000008008554                EXTI4_IRQHandler
                0x0000000008008554                HRTIM1_TIMB_IRQHandler
                0x0000000008008554                FDCAN2_IT1_IRQHandler
                0x0000000008008554                ETH_IRQHandler
                0x0000000008008554                TIM1_UP_IRQHandler
                0x0000000008008554                BDMA_Channel4_IRQHandler
                0x0000000008008554                OTG_HS_EP1_OUT_IRQHandler
                0x0000000008008554                WWDG_IRQHandler
                0x0000000008008554                SPI6_IRQHandler
                0x0000000008008554                MDIOS_IRQHandler
                0x0000000008008554                I2C4_EV_IRQHandler
                0x0000000008008554                FDCAN2_IT0_IRQHandler
                0x0000000008008554                LPUART1_IRQHandler
                0x0000000008008554                FDCAN1_IT0_IRQHandler
                0x0000000008008554                TIM2_IRQHandler
                0x0000000008008554                OTG_FS_WKUP_IRQHandler
                0x0000000008008554                OTG_HS_IRQHandler
                0x0000000008008554                DMA2D_IRQHandler
                0x0000000008008554                TIM1_BRK_IRQHandler
                0x0000000008008554                EXTI1_IRQHandler
                0x0000000008008554                SDMMC2_IRQHandler
                0x0000000008008554                OTG_FS_EP1_OUT_IRQHandler
                0x0000000008008554                BDMA_Channel3_IRQHandler
                0x0000000008008554                UART7_IRQHandler
                0x0000000008008554                MDIOS_WKUP_IRQHandler
                0x0000000008008554                USART2_IRQHandler
                0x0000000008008554                DFSDM1_FLT0_IRQHandler
                0x0000000008008554                SAI4_IRQHandler
                0x0000000008008554                I2C2_ER_IRQHandler
                0x0000000008008554                DMA2_Stream1_IRQHandler
                0x0000000008008554                FLASH_IRQHandler
                0x0000000008008554                DMA2_Stream4_IRQHandler
                0x0000000008008554                USART1_IRQHandler
                0x0000000008008554                OTG_FS_IRQHandler
                0x0000000008008554                SPI3_IRQHandler
                0x0000000008008554                WAKEUP_PIN_IRQHandler
                0x0000000008008554                DMA1_Stream4_IRQHandler
                0x0000000008008554                OTG_FS_EP1_IN_IRQHandler
                0x0000000008008554                I2C1_ER_IRQHandler
                0x0000000008008554                FMC_IRQHandler
                0x0000000008008554                FDCAN_CAL_IRQHandler
                0x0000000008008554                SWPMI1_IRQHandler
                0x0000000008008554                COMP1_IRQHandler
                0x0000000008008554                LPTIM1_IRQHandler
                0x0000000008008554                I2C4_ER_IRQHandler
                0x0000000008008554                DMA2_Stream6_IRQHandler
                0x0000000008008554                SAI1_IRQHandler
                0x0000000008008554                DMA1_Stream3_IRQHandler
 *(.glue_7)
 .glue_7        0x0000000008008556        0x0 linker stubs
 *(.glue_7t)
 .glue_7t       0x0000000008008556        0x0 linker stubs
 *(.eh_frame)
 *fill*         0x0000000008008556        0x2 
 .eh_frame      0x0000000008008558        0x0 /usr/lib/gcc/arm-none-eabi/12.2.1/thumb/v7e-m+dp/hard/crtbegin.o
 *(.init)
 .init          0x0000000008008558        0x4 /usr/lib/gcc/arm-none-eabi/12.2.1/thumb/v7e-m+dp/hard/crti.o
                0x0000000008008558                _init
 .init          0x000000000800855c        0x8 /usr/lib/gcc/arm-none-eabi/12.2.1/thumb/v7e-m+dp/hard/crtn.o
 *(.fini)
 .fini          0x0000000008008564        0x4 /usr/lib/gcc/arm-none-eabi/12.2.1/thumb/v7e-m+dp/hard/crti.o
                0x0000000008008564                _fini
 .fini          0x0000000008008568        0x8 /usr/lib/gcc/arm-none-eabi/12.2.1/thumb/v7e-m+dp/hard/crtn.o
                0x0000000008008570                . = ALIGN (0x4)
                0x0000000008008570                _etext = .

.vfp11_veneer   0x0000000008008570        0x0
 .vfp11_veneer  0x0000000008008570        0x0 linker stubs

.v4_bx          0x0000000008008570        0x0
 .v4_bx         0x0000000008008570        0x0 linker stubs

.iplt           0x0000000008008570        0x0
 .iplt          0x0000000008008570        0x0 /usr/lib/gcc/arm-none-eabi/12.2.1/thumb/v7e-m+dp/hard/crtbegin.o

.rodata         0x0000000008008570       0x38
                0x0000000008008570                . = ALIGN (0x4)
 *(.rodata)
 *(.rodata*)
 .rodata.D1CorePrescTable
                0x0000000008008570       0x10 build/system_stm32h7xx.o
                0x0000000008008570                D1CorePrescTable
 .rodata.UARTPrescTable
                0x0000000008008580       0x18 build/stm32h7xx_hal_uart.o
                0x0000000008008580                UARTPrescTable
 .rodata.denominator.0
                0x0000000008008598        0x8 build/stm32h7xx_hal_uart_ex.o
 .rodata.numerator.1
                0x00000000080085a0        0x8 build/stm32h7xx_hal_uart_ex.o
                0x00000000080085a8                . = ALIGN (0x4)

.ARM.extab
 *(.ARM.extab* .gnu.linkonce.armextab.*)

.ARM            0x00000000080085a8        0x8
                0x00000000080085a8                __exidx_start = .
 *(.ARM.exidx*)
 .ARM.exidx     0x00000000080085a8        0x8 /usr/lib/gcc/arm-none-eabi/12.2.1/thumb/v7e-m+dp/hard/libgcc.a(_udivmoddi4.o)
                0x00000000080085b0                __exidx_end = .

.rel.dyn        0x00000000080085b0        0x0
 .rel.iplt      0x00000000080085b0        0x0 /usr/lib/gcc/arm-none-eabi/12.2.1/thumb/v7e-m+dp/hard/crtbegin.o

.preinit_array  0x00000000080085b0        0x0
                0x00000000080085b0                PROVIDE (__preinit_array_start = .)
 *(.preinit_array*)
                0x00000000080085b0                PROVIDE (__preinit_array_end = .)

.init_array     0x00000000080085b0        0x4
                0x00000000080085b0                PROVIDE (__init_array_start = .)
 *(SORT_BY_NAME(.init_array.*))
 *(.init_array*)
 .init_array    0x00000000080085b0        0x4 /usr/lib/gcc/arm-none-eabi/12.2.1/thumb/v7e-m+dp/hard/crtbegin.o
                0x00000000080085b4                PROVIDE (__init_array_end = .)

.fini_array     0x00000000080085b4        0x4
                0x00000000080085b4                PROVIDE (__fini_array_start = .)
 *(SORT_BY_NAME(.fini_array.*))
 *(.fini_array*)
 .fini_array    0x00000000080085b4        0x4 /usr/lib/gcc/arm-none-eabi/12.2.1/thumb/v7e-m+dp/hard/crtbegin.o
                0x00000000080085b8                PROVIDE (__fini_array_end = .)
                0x00000000080085b8                _sidata = LOADADDR (.data)

.data           0x0000000020000000       0x10 load address 0x00000000080085b8
                0x0000000020000000                . = ALIGN (0x4)
                0x0000000020000000                _sdata = .
 *(.data)
 *(.data*)
 .data.SystemD2Clock
                0x0000000020000000        0x4 build/system_stm32h7xx.o
                0x0000000020000000                SystemD2Clock
 .data.SystemCoreClock
                0x0000000020000004        0x4 build/system_stm32h7xx.o
                0x0000000020000004                SystemCoreClock
 .data.uwTickFreq
                0x0000000020000008        0x1 build/stm32h7xx_hal.o
                0x0000000020000008                uwTickFreq
 *fill*         0x0000000020000009        0x3 
 .data.uwTickPrio
                0x000000002000000c        0x4 build/stm32h7xx_hal.o
                0x000000002000000c                uwTickPrio
                0x0000000020000010                . = ALIGN (0x4)
                0x0000000020000010                _edata = .

.tm_clone_table
                0x0000000020000010        0x0 load address 0x00000000080085c8
 .tm_clone_table
                0x0000000020000010        0x0 /usr/lib/gcc/arm-none-eabi/12.2.1/thumb/v7e-m+dp/hard/crtbegin.o
 .tm_clone_table
                0x0000000020000010        0x0 /usr/lib/gcc/arm-none-eabi/12.2.1/thumb/v7e-m+dp/hard/crtend.o

.igot.plt       0x0000000020000010        0x0 load address 0x00000000080085c8
 .igot.plt      0x0000000020000010        0x0 /usr/lib/gcc/arm-none-eabi/12.2.1/thumb/v7e-m+dp/hard/crtbegin.o
                0x0000000020000010                . = ALIGN (0x4)

.bss            0x0000000020000010      0x43c load address 0x00000000080085c8
                0x0000000020000010                _sbss = .
                0x0000000020000010                __bss_start__ = _sbss
 *(.bss)
 .bss           0x0000000020000010       0x1c /usr/lib/gcc/arm-none-eabi/12.2.1/thumb/v7e-m+dp/hard/crtbegin.o
 *(.bss*)
 .bss.tanks_safe_flag
                0x000000002000002c        0x1 build/main.o
                0x000000002000002c                tanks_safe_flag
 .bss.kbottle_closed_flag
                0x000000002000002d        0x1 build/main.o
                0x000000002000002d                kbottle_closed_flag
 .bss.lox_purge_flag
                0x000000002000002e        0x1 build/main.o
                0x000000002000002e                lox_purge_flag
 .bss.stop_purge_flag
                0x000000002000002f        0x1 build/main.o
                0x000000002000002f                stop_purge_flag
 .bss.stop_hotfire_flag
                0x0000000020000030        0x1 build/main.o
                0x0000000020000030                stop_hotfire_flag
 .bss.gs_command
                0x0000000020000031        0x1 build/main.o
                0x0000000020000031                gs_command
 .bss.fsm_state
                0x0000000020000032        0x1 build/main.o
                0x0000000020000032                fsm_state
 *fill*         0x0000000020000033        0x1 
 .bss.huart4    0x0000000020000034       0x90 build/main.o
                0x0000000020000034                huart4
 .bss.huart2    0x00000000200000c4       0x90 build/main.o
                0x00000000200000c4                huart2
 .bss.huart1    0x0000000020000154       0x90 build/main.o
                0x0000000020000154                huart1
 .bss.hspi2     0x00000000200001e4       0x88 build/main.o
                0x00000000200001e4                hspi2
 .bss.hi2c1     0x000000002000026c       0x4c build/main.o
                0x000000002000026c                hi2c1
 .bss.hadc3     0x00000000200002b8       0x64 build/main.o
                0x00000000200002b8                hadc3
 .bss.hadc2     0x000000002000031c       0x64 build/main.o
                0x000000002000031c                hadc2
 .bss.hadc1     0x0000000020000380       0x64 build/main.o
                0x0000000020000380                hadc1
 .bss.data_logger_start_time
                0x00000000200003e4        0x4 build/data_logger.o
 .bss.data_logger_rel_addr
                0x00000000200003e8        0x4 build/data_logger.o
 .bss.data_logger_addr
                0x00000000200003ec        0x4 build/data_logger.o
 .bss.write_enabled
                0x00000000200003f0        0x1 build/flash.o
 *fill*         0x00000000200003f1        0x3 
 .bss.sensor_size_offsets_table
                0x00000000200003f4       0x50 build/sensor.o
 .bss.HAL_RCC_ADC12_CLK_ENABLED
                0x0000000020000444        0x4 build/stm32h7xx_hal_msp.o
 .bss.uwTick    0x0000000020000448        0x4 build/stm32h7xx_hal.o
                0x0000000020000448                uwTick
 *(COMMON)
                0x000000002000044c                . = ALIGN (0x4)
                0x000000002000044c                _ebss = .
                0x000000002000044c                __bss_end__ = _ebss

._user_heap_stack
                0x000000002000044c      0x604 load address 0x00000000080085c8
                0x0000000020000450                . = ALIGN (0x8)
 *fill*         0x000000002000044c        0x4 
                [!provide]                        PROVIDE (end = .)
                [!provide]                        PROVIDE (_end = .)
                0x0000000020000650                . = (. + _Min_Heap_Size)
 *fill*         0x0000000020000450      0x200 
                0x0000000020000a50                . = (. + _Min_Stack_Size)
 *fill*         0x0000000020000650      0x400 
                0x0000000020000a50                . = ALIGN (0x8)

/DISCARD/
 libc.a(*)
 libm.a(*)
 libgcc.a(*)

.ARM.attributes
                0x0000000000000000       0x2e
 *(.ARM.attributes)
 .ARM.attributes
                0x0000000000000000       0x20 /usr/lib/gcc/arm-none-eabi/12.2.1/thumb/v7e-m+dp/hard/crti.o
 .ARM.attributes
                0x0000000000000020       0x32 /usr/lib/gcc/arm-none-eabi/12.2.1/thumb/v7e-m+dp/hard/crtbegin.o
 .ARM.attributes
                0x0000000000000052       0x32 build/main.o
 .ARM.attributes
                0x0000000000000084       0x32 build/ready.o
 .ARM.attributes
                0x00000000000000b6       0x32 build/prefire_purge.o
 .ARM.attributes
                0x00000000000000e8       0x32 build/fill_chill.o
 .ARM.attributes
                0x000000000000011a       0x32 build/standby.o
 .ARM.attributes
                0x000000000000014c       0x32 build/fire.o
 .ARM.attributes
                0x000000000000017e       0x32 build/disarm.o
 .ARM.attributes
                0x00000000000001b0       0x32 build/post_fire.o
 .ARM.attributes
                0x00000000000001e2       0x32 build/manual.o
 .ARM.attributes
                0x0000000000000214       0x32 build/abort_hotfire.o
 .ARM.attributes
                0x0000000000000246       0x32 build/valve_control.o
 .ARM.attributes
                0x0000000000000278       0x32 build/data_logger.o
 .ARM.attributes
                0x00000000000002aa       0x32 build/init.o
 .ARM.attributes
                0x00000000000002dc       0x32 build/sdr_error.o
 .ARM.attributes
                0x000000000000030e       0x32 build/ignition.o
 .ARM.attributes
                0x0000000000000340       0x32 build/led.o
 .ARM.attributes
                0x0000000000000372       0x32 build/flash.o
 .ARM.attributes
                0x00000000000003a4       0x32 build/sensor.o
 .ARM.attributes
                0x00000000000003d6       0x32 build/temp.o
 .ARM.attributes
                0x0000000000000408       0x32 build/usb.o
 .ARM.attributes
                0x000000000000043a       0x32 build/valve.o
 .ARM.attributes
                0x000000000000046c       0x32 build/stm32h7xx_it.o
 .ARM.attributes
                0x000000000000049e       0x32 build/stm32h7xx_hal_msp.o
 .ARM.attributes
                0x00000000000004d0       0x32 build/system_stm32h7xx.o
 .ARM.attributes
                0x0000000000000502       0x32 build/stm32h7xx_hal_adc.o
 .ARM.attributes
                0x0000000000000534       0x32 build/stm32h7xx_hal_adc_ex.o
 .ARM.attributes
                0x0000000000000566       0x32 build/stm32h7xx_hal_cortex.o
 .ARM.attributes
                0x0000000000000598       0x32 build/stm32h7xx_hal_spi.o
 .ARM.attributes
                0x00000000000005ca       0x32 build/stm32h7xx_hal_rcc.o
 .ARM.attributes
                0x00000000000005fc       0x32 build/stm32h7xx_hal_rcc_ex.o
 .ARM.attributes
                0x000000000000062e       0x32 build/stm32h7xx_hal_gpio.o
 .ARM.attributes
                0x0000000000000660       0x32 build/stm32h7xx_hal_pwr_ex.o
 .ARM.attributes
                0x0000000000000692       0x32 build/stm32h7xx_hal.o
 .ARM.attributes
                0x00000000000006c4       0x32 build/stm32h7xx_hal_i2c.o
 .ARM.attributes
                0x00000000000006f6       0x32 build/stm32h7xx_hal_i2c_ex.o
 .ARM.attributes
                0x0000000000000728       0x32 build/stm32h7xx_hal_uart.o
 .ARM.attributes
                0x000000000000075a       0x32 build/stm32h7xx_hal_uart_ex.o
 .ARM.attributes
                0x000000000000078c       0x21 build/startup_stm32h750xx.o
 .ARM.attributes
                0x00000000000007ad       0x32 /usr/lib/gcc/arm-none-eabi/12.2.1/../../../arm-none-eabi/lib/thumb/v7e-m+dp/hard/libc_nano.a(lib_a-init.o)
 .ARM.attributes
                0x00000000000007df       0x32 /usr/lib/gcc/arm-none-eabi/12.2.1/../../../arm-none-eabi/lib/thumb/v7e-m+dp/hard/libc_nano.a(lib_a-memset.o)
 .ARM.attributes
                0x0000000000000811       0x20 /usr/lib/gcc/arm-none-eabi/12.2.1/thumb/v7e-m+dp/hard/libgcc.a(_aeabi_uldivmod.o)
 .ARM.attributes
                0x0000000000000831       0x32 /usr/lib/gcc/arm-none-eabi/12.2.1/thumb/v7e-m+dp/hard/libgcc.a(_udivmoddi4.o)
 .ARM.attributes
                0x0000000000000863       0x20 /usr/lib/gcc/arm-none-eabi/12.2.1/thumb/v7e-m+dp/hard/libgcc.a(_dvmd_tls.o)
 .ARM.attributes
                0x0000000000000883       0x32 /usr/lib/gcc/arm-none-eabi/12.2.1/thumb/v7e-m+dp/hard/crtend.o
 .ARM.attributes
                0x00000000000008b5       0x20 /usr/lib/gcc/arm-none-eabi/12.2.1/thumb/v7e-m+dp/hard/crtn.o
OUTPUT(build/hotfire_usb.elf elf32-littlearm)
LOAD linker stubs
LOAD /usr/lib/gcc/arm-none-eabi/12.2.1/../../../arm-none-eabi/lib/thumb/v7e-m+dp/hard/libc.a
LOAD /usr/lib/gcc/arm-none-eabi/12.2.1/../../../arm-none-eabi/lib/thumb/v7e-m+dp/hard/libm.a
LOAD /usr/lib/gcc/arm-none-eabi/12.2.1/thumb/v7e-m+dp/hard/libgcc.a

.comment        0x0000000000000000       0x59
 .comment       0x0000000000000000       0x26 /usr/lib/gcc/arm-none-eabi/12.2.1/thumb/v7e-m+dp/hard/crtbegin.o
                                         0x27 (size before relaxing)
 .comment       0x0000000000000026       0x27 build/main.o
 .comment       0x0000000000000026       0x27 build/ready.o
 .comment       0x0000000000000026       0x27 build/prefire_purge.o
 .comment       0x0000000000000026       0x27 build/fill_chill.o
 .comment       0x0000000000000026       0x27 build/standby.o
 .comment       0x0000000000000026       0x27 build/fire.o
 .comment       0x0000000000000026       0x27 build/disarm.o
 .comment       0x0000000000000026       0x27 build/post_fire.o
 .comment       0x0000000000000026       0x27 build/manual.o
 .comment       0x0000000000000026       0x27 build/abort_hotfire.o
 .comment       0x0000000000000026       0x27 build/valve_control.o
 .comment       0x0000000000000026       0x27 build/data_logger.o
 .comment       0x0000000000000026       0x27 build/init.o
 .comment       0x0000000000000026       0x27 build/sdr_error.o
 .comment       0x0000000000000026       0x27 build/ignition.o
 .comment       0x0000000000000026       0x27 build/led.o
 .comment       0x0000000000000026       0x27 build/flash.o
 .comment       0x0000000000000026       0x27 build/sensor.o
 .comment       0x0000000000000026       0x27 build/temp.o
 .comment       0x0000000000000026       0x27 build/usb.o
 .comment       0x0000000000000026       0x27 build/valve.o
 .comment       0x0000000000000026       0x27 build/stm32h7xx_it.o
 .comment       0x0000000000000026       0x27 build/stm32h7xx_hal_msp.o
 .comment       0x0000000000000026       0x27 build/system_stm32h7xx.o
 .comment       0x0000000000000026       0x27 build/stm32h7xx_hal_adc.o
 .comment       0x0000000000000026       0x27 build/stm32h7xx_hal_adc_ex.o
 .comment       0x0000000000000026       0x27 build/stm32h7xx_hal_cortex.o
 .comment       0x0000000000000026       0x27 build/stm32h7xx_hal_spi.o
 .comment       0x0000000000000026       0x27 build/stm32h7xx_hal_rcc.o
 .comment       0x0000000000000026       0x27 build/stm32h7xx_hal_rcc_ex.o
 .comment       0x0000000000000026       0x27 build/stm32h7xx_hal_gpio.o
 .comment       0x0000000000000026       0x27 build/stm32h7xx_hal_pwr_ex.o
 .comment       0x0000000000000026       0x27 build/stm32h7xx_hal.o
 .comment       0x0000000000000026       0x27 build/stm32h7xx_hal_i2c.o
 .comment       0x0000000000000026       0x27 build/stm32h7xx_hal_i2c_ex.o
 .comment       0x0000000000000026       0x27 build/stm32h7xx_hal_uart.o
 .comment       0x0000000000000026       0x27 build/stm32h7xx_hal_uart_ex.o
 .comment       0x0000000000000026       0x33 /usr/lib/gcc/arm-none-eabi/12.2.1/../../../arm-none-eabi/lib/thumb/v7e-m+dp/hard/libc_nano.a(lib_a-init.o)
                                         0x34 (size before relaxing)
 .comment       0x0000000000000059       0x34 /usr/lib/gcc/arm-none-eabi/12.2.1/../../../arm-none-eabi/lib/thumb/v7e-m+dp/hard/libc_nano.a(lib_a-memset.o)
 .comment       0x0000000000000059       0x27 /usr/lib/gcc/arm-none-eabi/12.2.1/thumb/v7e-m+dp/hard/libgcc.a(_udivmoddi4.o)
 .comment       0x0000000000000059       0x27 /usr/lib/gcc/arm-none-eabi/12.2.1/thumb/v7e-m+dp/hard/crtend.o

.debug_info     0x0000000000000000    0x304ba
 .debug_info    0x0000000000000000     0x21c1 build/main.o
 .debug_info    0x00000000000021c1      0x242 build/ready.o
 .debug_info    0x0000000000002403      0x2f4 build/prefire_purge.o
 .debug_info    0x00000000000026f7      0x504 build/fill_chill.o
 .debug_info    0x0000000000002bfb      0x16c build/standby.o
 .debug_info    0x0000000000002d67      0x5f8 build/fire.o
 .debug_info    0x000000000000335f      0x6df build/disarm.o
 .debug_info    0x0000000000003a3e      0x170 build/post_fire.o
 .debug_info    0x0000000000003bae      0x183 build/manual.o
 .debug_info    0x0000000000003d31      0x29f build/abort_hotfire.o
 .debug_info    0x0000000000003fd0      0x8c1 build/valve_control.o
 .debug_info    0x0000000000004891      0x679 build/data_logger.o
 .debug_info    0x0000000000004f0a     0x2f85 build/init.o
 .debug_info    0x0000000000007e8f      0x22d build/sdr_error.o
 .debug_info    0x00000000000080bc      0x4a8 build/ignition.o
 .debug_info    0x0000000000008564      0x42c build/led.o
 .debug_info    0x0000000000008990     0x1d03 build/flash.o
 .debug_info    0x000000000000a693     0x1bb9 build/sensor.o
 .debug_info    0x000000000000c24c      0xeb4 build/temp.o
 .debug_info    0x000000000000d100      0xbe8 build/usb.o
 .debug_info    0x000000000000dce8      0xa10 build/valve.o
 .debug_info    0x000000000000e6f8      0x16d build/stm32h7xx_it.o
 .debug_info    0x000000000000e865     0x2a93 build/stm32h7xx_hal_msp.o
 .debug_info    0x00000000000112f8      0xe9d build/system_stm32h7xx.o
 .debug_info    0x0000000000012195     0x3501 build/stm32h7xx_hal_adc.o
 .debug_info    0x0000000000015696     0x3689 build/stm32h7xx_hal_adc_ex.o
 .debug_info    0x0000000000018d1f     0x14c9 build/stm32h7xx_hal_cortex.o
 .debug_info    0x000000000001a1e8     0x1de9 build/stm32h7xx_hal_spi.o
 .debug_info    0x000000000001bfd1     0x13cb build/stm32h7xx_hal_rcc.o
 .debug_info    0x000000000001d39c     0x1bee build/stm32h7xx_hal_rcc_ex.o
 .debug_info    0x000000000001ef8a      0xec9 build/stm32h7xx_hal_gpio.o
 .debug_info    0x000000000001fe53     0x13d9 build/stm32h7xx_hal_pwr_ex.o
 .debug_info    0x000000000002122c     0x18f8 build/stm32h7xx_hal.o
 .debug_info    0x0000000000022b24     0x4457 build/stm32h7xx_hal_i2c.o
 .debug_info    0x0000000000026f7b      0xfb8 build/stm32h7xx_hal_i2c_ex.o
 .debug_info    0x0000000000027f33     0x6835 build/stm32h7xx_hal_uart.o
 .debug_info    0x000000000002e768     0x1385 build/stm32h7xx_hal_uart_ex.o
 .debug_info    0x000000000002faed       0x30 build/startup_stm32h750xx.o
 .debug_info    0x000000000002fb1d      0x11a /usr/lib/gcc/arm-none-eabi/12.2.1/../../../arm-none-eabi/lib/thumb/v7e-m+dp/hard/libc_nano.a(lib_a-init.o)
 .debug_info    0x000000000002fc37      0x137 /usr/lib/gcc/arm-none-eabi/12.2.1/../../../arm-none-eabi/lib/thumb/v7e-m+dp/hard/libc_nano.a(lib_a-memset.o)
 .debug_info    0x000000000002fd6e       0x24 /usr/lib/gcc/arm-none-eabi/12.2.1/thumb/v7e-m+dp/hard/libgcc.a(_aeabi_uldivmod.o)
 .debug_info    0x000000000002fd92      0x6ef /usr/lib/gcc/arm-none-eabi/12.2.1/thumb/v7e-m+dp/hard/libgcc.a(_udivmoddi4.o)
 .debug_info    0x0000000000030481       0x39 /usr/lib/gcc/arm-none-eabi/12.2.1/thumb/v7e-m+dp/hard/libgcc.a(_dvmd_tls.o)

.debug_abbrev   0x0000000000000000     0x500e
 .debug_abbrev  0x0000000000000000      0x276 build/main.o
 .debug_abbrev  0x0000000000000276       0xd1 build/ready.o
 .debug_abbrev  0x0000000000000347       0xe6 build/prefire_purge.o
 .debug_abbrev  0x000000000000042d      0x176 build/fill_chill.o
 .debug_abbrev  0x00000000000005a3       0xaf build/standby.o
 .debug_abbrev  0x0000000000000652      0x18f build/fire.o
 .debug_abbrev  0x00000000000007e1      0x1b3 build/disarm.o
 .debug_abbrev  0x0000000000000994       0xa8 build/post_fire.o
 .debug_abbrev  0x0000000000000a3c       0xc2 build/manual.o
 .debug_abbrev  0x0000000000000afe       0xdf build/abort_hotfire.o
 .debug_abbrev  0x0000000000000bdd      0x1c6 build/valve_control.o
 .debug_abbrev  0x0000000000000da3      0x1d9 build/data_logger.o
 .debug_abbrev  0x0000000000000f7c      0x259 build/init.o
 .debug_abbrev  0x00000000000011d5       0xd5 build/sdr_error.o
 .debug_abbrev  0x00000000000012aa      0x1c4 build/ignition.o
 .debug_abbrev  0x000000000000146e      0x163 build/led.o
 .debug_abbrev  0x00000000000015d1      0x35a build/flash.o
 .debug_abbrev  0x000000000000192b      0x328 build/sensor.o
 .debug_abbrev  0x0000000000001c53      0x24a build/temp.o
 .debug_abbrev  0x0000000000001e9d      0x1c0 build/usb.o
 .debug_abbrev  0x000000000000205d      0x1ae build/valve.o
 .debug_abbrev  0x000000000000220b       0x80 build/stm32h7xx_it.o
 .debug_abbrev  0x000000000000228b      0x25e build/stm32h7xx_hal_msp.o
 .debug_abbrev  0x00000000000024e9      0x12a build/system_stm32h7xx.o
 .debug_abbrev  0x0000000000002613      0x353 build/stm32h7xx_hal_adc.o
 .debug_abbrev  0x0000000000002966      0x41e build/stm32h7xx_hal_adc_ex.o
 .debug_abbrev  0x0000000000002d84      0x3e6 build/stm32h7xx_hal_cortex.o
 .debug_abbrev  0x000000000000316a      0x302 build/stm32h7xx_hal_spi.o
 .debug_abbrev  0x000000000000346c      0x29b build/stm32h7xx_hal_rcc.o
 .debug_abbrev  0x0000000000003707      0x285 build/stm32h7xx_hal_rcc_ex.o
 .debug_abbrev  0x000000000000398c      0x253 build/stm32h7xx_hal_gpio.o
 .debug_abbrev  0x0000000000003bdf      0x2ca build/stm32h7xx_hal_pwr_ex.o
 .debug_abbrev  0x0000000000003ea9      0x2b1 build/stm32h7xx_hal.o
 .debug_abbrev  0x000000000000415a      0x2dd build/stm32h7xx_hal_i2c.o
 .debug_abbrev  0x0000000000004437      0x1c4 build/stm32h7xx_hal_i2c_ex.o
 .debug_abbrev  0x00000000000045fb      0x391 build/stm32h7xx_hal_uart.o
 .debug_abbrev  0x000000000000498c      0x348 build/stm32h7xx_hal_uart_ex.o
 .debug_abbrev  0x0000000000004cd4       0x1d build/startup_stm32h750xx.o
 .debug_abbrev  0x0000000000004cf1       0xcc /usr/lib/gcc/arm-none-eabi/12.2.1/../../../arm-none-eabi/lib/thumb/v7e-m+dp/hard/libc_nano.a(lib_a-init.o)
 .debug_abbrev  0x0000000000004dbd       0xb4 /usr/lib/gcc/arm-none-eabi/12.2.1/../../../arm-none-eabi/lib/thumb/v7e-m+dp/hard/libc_nano.a(lib_a-memset.o)
 .debug_abbrev  0x0000000000004e71       0x14 /usr/lib/gcc/arm-none-eabi/12.2.1/thumb/v7e-m+dp/hard/libgcc.a(_aeabi_uldivmod.o)
 .debug_abbrev  0x0000000000004e85      0x16a /usr/lib/gcc/arm-none-eabi/12.2.1/thumb/v7e-m+dp/hard/libgcc.a(_udivmoddi4.o)
 .debug_abbrev  0x0000000000004fef       0x1f /usr/lib/gcc/arm-none-eabi/12.2.1/thumb/v7e-m+dp/hard/libgcc.a(_dvmd_tls.o)

.debug_loc      0x0000000000000000    0x1b8eb
 .debug_loc     0x0000000000000000       0xaf build/main.o
 .debug_loc     0x00000000000000af       0x20 build/ready.o
 .debug_loc     0x00000000000000cf       0x20 build/prefire_purge.o
 .debug_loc     0x00000000000000ef       0xca build/fill_chill.o
 .debug_loc     0x00000000000001b9       0x20 build/standby.o
 .debug_loc     0x00000000000001d9       0x5b build/fire.o
 .debug_loc     0x0000000000000234      0x239 build/disarm.o
 .debug_loc     0x000000000000046d       0x20 build/post_fire.o
 .debug_loc     0x000000000000048d       0x20 build/manual.o
 .debug_loc     0x00000000000004ad       0x20 build/abort_hotfire.o
 .debug_loc     0x00000000000004cd      0x768 build/valve_control.o
 .debug_loc     0x0000000000000c35      0x25f build/data_logger.o
 .debug_loc     0x0000000000000e94      0x231 build/init.o
 .debug_loc     0x00000000000010c5       0x4f build/sdr_error.o
 .debug_loc     0x0000000000001114      0x1f5 build/ignition.o
 .debug_loc     0x0000000000001309       0xa5 build/led.o
 .debug_loc     0x00000000000013ae      0xca4 build/flash.o
 .debug_loc     0x0000000000002052      0x79c build/sensor.o
 .debug_loc     0x00000000000027ee      0x584 build/temp.o
 .debug_loc     0x0000000000002d72      0x259 build/usb.o
 .debug_loc     0x0000000000002fcb      0x1b2 build/valve.o
 .debug_loc     0x000000000000317d       0x20 build/stm32h7xx_it.o
 .debug_loc     0x000000000000319d      0x444 build/stm32h7xx_hal_msp.o
 .debug_loc     0x00000000000035e1      0x1f2 build/system_stm32h7xx.o
 .debug_loc     0x00000000000037d3     0x2828 build/stm32h7xx_hal_adc.o
 .debug_loc     0x0000000000005ffb     0x2d6d build/stm32h7xx_hal_adc_ex.o
 .debug_loc     0x0000000000008d68      0x7b9 build/stm32h7xx_hal_cortex.o
 .debug_loc     0x0000000000009521     0x224c build/stm32h7xx_hal_spi.o
 .debug_loc     0x000000000000b76d      0xab5 build/stm32h7xx_hal_rcc.o
 .debug_loc     0x000000000000c222     0x1c6e build/stm32h7xx_hal_rcc_ex.o
 .debug_loc     0x000000000000de90      0x482 build/stm32h7xx_hal_gpio.o
 .debug_loc     0x000000000000e312      0x65b build/stm32h7xx_hal_pwr_ex.o
 .debug_loc     0x000000000000e96d      0x533 build/stm32h7xx_hal.o
 .debug_loc     0x000000000000eea0     0x5325 build/stm32h7xx_hal_i2c.o
 .debug_loc     0x00000000000141c5      0x237 build/stm32h7xx_hal_i2c_ex.o
 .debug_loc     0x00000000000143fc     0x6410 build/stm32h7xx_hal_uart.o
 .debug_loc     0x000000000001a80c      0xdf9 build/stm32h7xx_hal_uart_ex.o
 .debug_loc     0x000000000001b605       0xba /usr/lib/gcc/arm-none-eabi/12.2.1/../../../arm-none-eabi/lib/thumb/v7e-m+dp/hard/libc_nano.a(lib_a-init.o)
 .debug_loc     0x000000000001b6bf      0x22c /usr/lib/gcc/arm-none-eabi/12.2.1/../../../arm-none-eabi/lib/thumb/v7e-m+dp/hard/libc_nano.a(lib_a-memset.o)

.debug_aranges  0x0000000000000000     0x15c0
 .debug_aranges
                0x0000000000000000       0x20 build/main.o
 .debug_aranges
                0x0000000000000020       0x20 build/ready.o
 .debug_aranges
                0x0000000000000040       0x20 build/prefire_purge.o
 .debug_aranges
                0x0000000000000060       0x20 build/fill_chill.o
 .debug_aranges
                0x0000000000000080       0x20 build/standby.o
 .debug_aranges
                0x00000000000000a0       0x20 build/fire.o
 .debug_aranges
                0x00000000000000c0       0x20 build/disarm.o
 .debug_aranges
                0x00000000000000e0       0x20 build/post_fire.o
 .debug_aranges
                0x0000000000000100       0x20 build/manual.o
 .debug_aranges
                0x0000000000000120       0x20 build/abort_hotfire.o
 .debug_aranges
                0x0000000000000140       0x68 build/valve_control.o
 .debug_aranges
                0x00000000000001a8       0x40 build/data_logger.o
 .debug_aranges
                0x00000000000001e8       0x70 build/init.o
 .debug_aranges
                0x0000000000000258       0x20 build/sdr_error.o
 .debug_aranges
                0x0000000000000278       0x48 build/ignition.o
 .debug_aranges
                0x00000000000002c0       0x38 build/led.o
 .debug_aranges
                0x00000000000002f8       0x90 build/flash.o
 .debug_aranges
                0x0000000000000388       0x88 build/sensor.o
 .debug_aranges
                0x0000000000000410       0x50 build/temp.o
 .debug_aranges
                0x0000000000000460       0x38 build/usb.o
 .debug_aranges
                0x0000000000000498       0x28 build/valve.o
 .debug_aranges
                0x00000000000004c0       0x60 build/stm32h7xx_it.o
 .debug_aranges
                0x0000000000000520       0x60 build/stm32h7xx_hal_msp.o
 .debug_aranges
                0x0000000000000580       0x28 build/system_stm32h7xx.o
 .debug_aranges
                0x00000000000005a8      0x118 build/stm32h7xx_hal_adc.o
 .debug_aranges
                0x00000000000006c0      0x128 build/stm32h7xx_hal_adc_ex.o
 .debug_aranges
                0x00000000000007e8       0xe8 build/stm32h7xx_hal_cortex.o
 .debug_aranges
                0x00000000000008d0      0x1a0 build/stm32h7xx_hal_spi.o
 .debug_aranges
                0x0000000000000a70       0x88 build/stm32h7xx_hal_rcc.o
 .debug_aranges
                0x0000000000000af8       0xf8 build/stm32h7xx_hal_rcc_ex.o
 .debug_aranges
                0x0000000000000bf0       0x58 build/stm32h7xx_hal_gpio.o
 .debug_aranges
                0x0000000000000c48      0x158 build/stm32h7xx_hal_pwr_ex.o
 .debug_aranges
                0x0000000000000da0      0x198 build/stm32h7xx_hal.o
 .debug_aranges
                0x0000000000000f38      0x290 build/stm32h7xx_hal_i2c.o
 .debug_aranges
                0x00000000000011c8       0x48 build/stm32h7xx_hal_i2c_ex.o
 .debug_aranges
                0x0000000000001210      0x248 build/stm32h7xx_hal_uart.o
 .debug_aranges
                0x0000000000001458       0xa0 build/stm32h7xx_hal_uart_ex.o
 .debug_aranges
                0x00000000000014f8       0x28 build/startup_stm32h750xx.o
 .debug_aranges
                0x0000000000001520       0x20 /usr/lib/gcc/arm-none-eabi/12.2.1/../../../arm-none-eabi/lib/thumb/v7e-m+dp/hard/libc_nano.a(lib_a-init.o)
 .debug_aranges
                0x0000000000001540       0x20 /usr/lib/gcc/arm-none-eabi/12.2.1/../../../arm-none-eabi/lib/thumb/v7e-m+dp/hard/libc_nano.a(lib_a-memset.o)
 .debug_aranges
                0x0000000000001560       0x20 /usr/lib/gcc/arm-none-eabi/12.2.1/thumb/v7e-m+dp/hard/libgcc.a(_aeabi_uldivmod.o)
 .debug_aranges
                0x0000000000001580       0x20 /usr/lib/gcc/arm-none-eabi/12.2.1/thumb/v7e-m+dp/hard/libgcc.a(_udivmoddi4.o)
 .debug_aranges
                0x00000000000015a0       0x20 /usr/lib/gcc/arm-none-eabi/12.2.1/thumb/v7e-m+dp/hard/libgcc.a(_dvmd_tls.o)

.debug_ranges   0x0000000000000000     0x1750
 .debug_ranges  0x0000000000000000       0x10 build/main.o
 .debug_ranges  0x0000000000000010       0x10 build/ready.o
 .debug_ranges  0x0000000000000020       0x10 build/prefire_purge.o
 .debug_ranges  0x0000000000000030       0x10 build/fill_chill.o
 .debug_ranges  0x0000000000000040       0x10 build/standby.o
 .debug_ranges  0x0000000000000050       0x10 build/fire.o
 .debug_ranges  0x0000000000000060       0x28 build/disarm.o
 .debug_ranges  0x0000000000000088       0x10 build/post_fire.o
 .debug_ranges  0x0000000000000098       0x10 build/manual.o
 .debug_ranges  0x00000000000000a8       0x10 build/abort_hotfire.o
 .debug_ranges  0x00000000000000b8       0x58 build/valve_control.o
 .debug_ranges  0x0000000000000110       0x30 build/data_logger.o
 .debug_ranges  0x0000000000000140       0x60 build/init.o
 .debug_ranges  0x00000000000001a0       0x10 build/sdr_error.o
 .debug_ranges  0x00000000000001b0       0x38 build/ignition.o
 .debug_ranges  0x00000000000001e8       0x28 build/led.o
 .debug_ranges  0x0000000000000210       0xb8 build/flash.o
 .debug_ranges  0x00000000000002c8       0x78 build/sensor.o
 .debug_ranges  0x0000000000000340       0x40 build/temp.o
 .debug_ranges  0x0000000000000380       0x28 build/usb.o
 .debug_ranges  0x00000000000003a8       0x18 build/valve.o
 .debug_ranges  0x00000000000003c0       0x50 build/stm32h7xx_it.o
 .debug_ranges  0x0000000000000410       0x50 build/stm32h7xx_hal_msp.o
 .debug_ranges  0x0000000000000460       0x18 build/system_stm32h7xx.o
 .debug_ranges  0x0000000000000478      0x338 build/stm32h7xx_hal_adc.o
 .debug_ranges  0x00000000000007b0      0x250 build/stm32h7xx_hal_adc_ex.o
 .debug_ranges  0x0000000000000a00       0xd8 build/stm32h7xx_hal_cortex.o
 .debug_ranges  0x0000000000000ad8      0x190 build/stm32h7xx_hal_spi.o
 .debug_ranges  0x0000000000000c68       0xe8 build/stm32h7xx_hal_rcc.o
 .debug_ranges  0x0000000000000d50       0xe8 build/stm32h7xx_hal_rcc_ex.o
 .debug_ranges  0x0000000000000e38       0x48 build/stm32h7xx_hal_gpio.o
 .debug_ranges  0x0000000000000e80      0x1a8 build/stm32h7xx_hal_pwr_ex.o
 .debug_ranges  0x0000000000001028      0x188 build/stm32h7xx_hal.o
 .debug_ranges  0x00000000000011b0      0x280 build/stm32h7xx_hal_i2c.o
 .debug_ranges  0x0000000000001430       0x38 build/stm32h7xx_hal_i2c_ex.o
 .debug_ranges  0x0000000000001468      0x238 build/stm32h7xx_hal_uart.o
 .debug_ranges  0x00000000000016a0       0x90 build/stm32h7xx_hal_uart_ex.o
 .debug_ranges  0x0000000000001730       0x20 build/startup_stm32h750xx.o

.debug_line     0x0000000000000000    0x1de67
 .debug_line    0x0000000000000000      0x43d build/main.o
 .debug_line    0x000000000000043d       0x6d build/ready.o
 .debug_line    0x00000000000004aa       0xf2 build/prefire_purge.o
 .debug_line    0x000000000000059c      0x197 build/fill_chill.o
 .debug_line    0x0000000000000733       0x6b build/standby.o
 .debug_line    0x000000000000079e      0x1b3 build/fire.o
 .debug_line    0x0000000000000951      0x29c build/disarm.o
 .debug_line    0x0000000000000bed       0x75 build/post_fire.o
 .debug_line    0x0000000000000c62       0x78 build/manual.o
 .debug_line    0x0000000000000cda       0xff build/abort_hotfire.o
 .debug_line    0x0000000000000dd9      0x555 build/valve_control.o
 .debug_line    0x000000000000132e      0x2a1 build/data_logger.o
 .debug_line    0x00000000000015cf      0xc0e build/init.o
 .debug_line    0x00000000000021dd       0xd4 build/sdr_error.o
 .debug_line    0x00000000000022b1      0x259 build/ignition.o
 .debug_line    0x000000000000250a      0x18f build/led.o
 .debug_line    0x0000000000002699      0xa43 build/flash.o
 .debug_line    0x00000000000030dc      0x85f build/sensor.o
 .debug_line    0x000000000000393b      0x3db build/temp.o
 .debug_line    0x0000000000003d16      0x226 build/usb.o
 .debug_line    0x0000000000003f3c      0x1c2 build/valve.o
 .debug_line    0x00000000000040fe      0x194 build/stm32h7xx_it.o
 .debug_line    0x0000000000004292      0x737 build/stm32h7xx_hal_msp.o
 .debug_line    0x00000000000049c9      0x3bc build/system_stm32h7xx.o
 .debug_line    0x0000000000004d85     0x27d7 build/stm32h7xx_hal_adc.o
 .debug_line    0x000000000000755c     0x24d9 build/stm32h7xx_hal_adc_ex.o
 .debug_line    0x0000000000009a35      0x7de build/stm32h7xx_hal_cortex.o
 .debug_line    0x000000000000a213     0x27c8 build/stm32h7xx_hal_spi.o
 .debug_line    0x000000000000c9db     0x1172 build/stm32h7xx_hal_rcc.o
 .debug_line    0x000000000000db4d     0x1cfb build/stm32h7xx_hal_rcc_ex.o
 .debug_line    0x000000000000f848      0x669 build/stm32h7xx_hal_gpio.o
 .debug_line    0x000000000000feb1      0xa22 build/stm32h7xx_hal_pwr_ex.o
 .debug_line    0x00000000000108d3      0x86d build/stm32h7xx_hal.o
 .debug_line    0x0000000000011140     0x4d12 build/stm32h7xx_hal_i2c.o
 .debug_line    0x0000000000015e52      0x48f build/stm32h7xx_hal_i2c_ex.o
 .debug_line    0x00000000000162e1     0x6585 build/stm32h7xx_hal_uart.o
 .debug_line    0x000000000001c866      0xc86 build/stm32h7xx_hal_uart_ex.o
 .debug_line    0x000000000001d4ec       0x76 build/startup_stm32h750xx.o
 .debug_line    0x000000000001d562      0x138 /usr/lib/gcc/arm-none-eabi/12.2.1/../../../arm-none-eabi/lib/thumb/v7e-m+dp/hard/libc_nano.a(lib_a-init.o)
 .debug_line    0x000000000001d69a      0x1bf /usr/lib/gcc/arm-none-eabi/12.2.1/../../../arm-none-eabi/lib/thumb/v7e-m+dp/hard/libc_nano.a(lib_a-memset.o)
 .debug_line    0x000000000001d859       0x4e /usr/lib/gcc/arm-none-eabi/12.2.1/thumb/v7e-m+dp/hard/libgcc.a(_aeabi_uldivmod.o)
 .debug_line    0x000000000001d8a7      0x576 /usr/lib/gcc/arm-none-eabi/12.2.1/thumb/v7e-m+dp/hard/libgcc.a(_udivmoddi4.o)
 .debug_line    0x000000000001de1d       0x4a /usr/lib/gcc/arm-none-eabi/12.2.1/thumb/v7e-m+dp/hard/libgcc.a(_dvmd_tls.o)

.debug_str      0x0000000000000000     0x93a9
 .debug_str     0x0000000000000000     0x1e06 build/main.o
                                       0x2002 (size before relaxing)
 .debug_str     0x0000000000001e06      0x10a build/ready.o
                                        0x3cb (size before relaxing)
 .debug_str     0x0000000000001f10       0x25 build/prefire_purge.o
                                        0x404 (size before relaxing)
 .debug_str     0x0000000000001f35      0x273 build/fill_chill.o
                                        0x6af (size before relaxing)
 .debug_str     0x00000000000021a8       0x81 build/standby.o
                                        0x302 (size before relaxing)
 .debug_str     0x0000000000002229      0x14a build/fire.o
                                        0x637 (size before relaxing)
 .debug_str     0x0000000000002373       0x62 build/disarm.o
                                        0x746 (size before relaxing)
 .debug_str     0x00000000000023d5        0xc build/post_fire.o
                                        0x2d1 (size before relaxing)
 .debug_str     0x00000000000023e1        0x9 build/manual.o
                                        0x2d5 (size before relaxing)
 .debug_str     0x00000000000023ea       0x10 build/abort_hotfire.o
                                        0x375 (size before relaxing)
 .debug_str     0x00000000000023fa      0x14c build/valve_control.o
                                        0x50e (size before relaxing)
 .debug_str     0x0000000000002546       0x90 build/data_logger.o
                                        0x7f3 (size before relaxing)
 .debug_str     0x00000000000025d6      0x996 build/init.o
                                       0x1eec (size before relaxing)
 .debug_str     0x0000000000002f6c       0x48 build/sdr_error.o
                                        0x6a9 (size before relaxing)
 .debug_str     0x0000000000002fb4      0x13c build/ignition.o
                                        0x41b (size before relaxing)
 .debug_str     0x00000000000030f0       0x31 build/led.o
                                        0x2ba (size before relaxing)
 .debug_str     0x0000000000003121      0x37e build/flash.o
                                        0xf62 (size before relaxing)
 .debug_str     0x000000000000349f      0x4e9 build/sensor.o
                                       0x115d (size before relaxing)
 .debug_str     0x0000000000003988      0x11c build/temp.o
                                        0xcca (size before relaxing)
 .debug_str     0x0000000000003aa4       0xbc build/usb.o
                                        0x8d4 (size before relaxing)
 .debug_str     0x0000000000003b60       0x1b build/valve.o
                                        0x85c (size before relaxing)
 .debug_str     0x0000000000003b7b       0xc9 build/stm32h7xx_it.o
                                        0x24f (size before relaxing)
 .debug_str     0x0000000000003c44      0x96f build/stm32h7xx_hal_msp.o
                                       0x232e (size before relaxing)
 .debug_str     0x00000000000045b3      0x34c build/system_stm32h7xx.o
                                        0x72a (size before relaxing)
 .debug_str     0x00000000000048ff      0x9a6 build/stm32h7xx_hal_adc.o
                                       0x1340 (size before relaxing)
 .debug_str     0x00000000000052a5      0x723 build/stm32h7xx_hal_adc_ex.o
                                       0x1455 (size before relaxing)
 .debug_str     0x00000000000059c8      0x474 build/stm32h7xx_hal_cortex.o
                                       0x1040 (size before relaxing)
 .debug_str     0x0000000000005e3c      0x507 build/stm32h7xx_hal_spi.o
                                        0xd99 (size before relaxing)
 .debug_str     0x0000000000006343      0x1b8 build/stm32h7xx_hal_rcc.o
                                        0xa02 (size before relaxing)
 .debug_str     0x00000000000064fb      0x65d build/stm32h7xx_hal_rcc_ex.o
                                        0xeef (size before relaxing)
 .debug_str     0x0000000000006b58       0xe5 build/stm32h7xx_hal_gpio.o
                                        0x6c6 (size before relaxing)
 .debug_str     0x0000000000006c3d      0x540 build/stm32h7xx_hal_pwr_ex.o
                                        0xa3c (size before relaxing)
 .debug_str     0x000000000000717d      0x5b3 build/stm32h7xx_hal.o
                                       0x14bc (size before relaxing)
 .debug_str     0x0000000000007730      0x875 build/stm32h7xx_hal_i2c.o
                                       0x1132 (size before relaxing)
 .debug_str     0x0000000000007fa5       0xc2 build/stm32h7xx_hal_i2c_ex.o
                                        0xb27 (size before relaxing)
 .debug_str     0x0000000000008067      0x874 build/stm32h7xx_hal_uart.o
                                       0x1468 (size before relaxing)
 .debug_str     0x00000000000088db      0x239 build/stm32h7xx_hal_uart_ex.o
                                        0xb4d (size before relaxing)
 .debug_str     0x0000000000008b14       0x30 build/startup_stm32h750xx.o
                                         0x79 (size before relaxing)
 .debug_str     0x0000000000008b44      0x166 /usr/lib/gcc/arm-none-eabi/12.2.1/../../../arm-none-eabi/lib/thumb/v7e-m+dp/hard/libc_nano.a(lib_a-init.o)
                                        0x20e (size before relaxing)
 .debug_str     0x0000000000008caa       0xa3 /usr/lib/gcc/arm-none-eabi/12.2.1/../../../arm-none-eabi/lib/thumb/v7e-m+dp/hard/libc_nano.a(lib_a-memset.o)
                                        0x1c3 (size before relaxing)
 .debug_str     0x0000000000008d4d       0x97 /usr/lib/gcc/arm-none-eabi/12.2.1/thumb/v7e-m+dp/hard/libgcc.a(_aeabi_uldivmod.o)
                                         0xa3 (size before relaxing)
 .debug_str     0x0000000000008de4      0x579 /usr/lib/gcc/arm-none-eabi/12.2.1/thumb/v7e-m+dp/hard/libgcc.a(_udivmoddi4.o)
                                        0x679 (size before relaxing)
 .debug_str     0x000000000000935d       0x4c /usr/lib/gcc/arm-none-eabi/12.2.1/thumb/v7e-m+dp/hard/libgcc.a(_dvmd_tls.o)
                                         0xc3 (size before relaxing)

.debug_frame    0x0000000000000000     0x38dc
 .debug_frame   0x0000000000000000       0x28 build/main.o
 .debug_frame   0x0000000000000028       0x28 build/ready.o
 .debug_frame   0x0000000000000050       0x28 build/prefire_purge.o
 .debug_frame   0x0000000000000078       0x3c build/fill_chill.o
 .debug_frame   0x00000000000000b4       0x28 build/standby.o
 .debug_frame   0x00000000000000dc       0x30 build/fire.o
 .debug_frame   0x000000000000010c       0x48 build/disarm.o
 .debug_frame   0x0000000000000154       0x28 build/post_fire.o
 .debug_frame   0x000000000000017c       0x28 build/manual.o
 .debug_frame   0x00000000000001a4       0x28 build/abort_hotfire.o
 .debug_frame   0x00000000000001cc      0x150 build/valve_control.o
 .debug_frame   0x000000000000031c       0xac build/data_logger.o
 .debug_frame   0x00000000000003c8      0x150 build/init.o
 .debug_frame   0x0000000000000518       0x28 build/sdr_error.o
 .debug_frame   0x0000000000000540       0xa0 build/ignition.o
 .debug_frame   0x00000000000005e0       0x70 build/led.o
 .debug_frame   0x0000000000000650      0x20c build/flash.o
 .debug_frame   0x000000000000085c      0x1a0 build/sensor.o
 .debug_frame   0x00000000000009fc       0xe8 build/temp.o
 .debug_frame   0x0000000000000ae4       0x70 build/usb.o
 .debug_frame   0x0000000000000b54       0x40 build/valve.o
 .debug_frame   0x0000000000000b94       0xa8 build/stm32h7xx_it.o
 .debug_frame   0x0000000000000c3c      0x114 build/stm32h7xx_hal_msp.o
 .debug_frame   0x0000000000000d50       0x3c build/system_stm32h7xx.o
 .debug_frame   0x0000000000000d8c      0x338 build/stm32h7xx_hal_adc.o
 .debug_frame   0x00000000000010c4      0x378 build/stm32h7xx_hal_adc_ex.o
 .debug_frame   0x000000000000143c      0x1f4 build/stm32h7xx_hal_cortex.o
 .debug_frame   0x0000000000001630      0x4b4 build/stm32h7xx_hal_spi.o
 .debug_frame   0x0000000000001ae4      0x18c build/stm32h7xx_hal_rcc.o
 .debug_frame   0x0000000000001c70      0x284 build/stm32h7xx_hal_rcc_ex.o
 .debug_frame   0x0000000000001ef4       0xd4 build/stm32h7xx_hal_gpio.o
 .debug_frame   0x0000000000001fc8      0x2f4 build/stm32h7xx_hal_pwr_ex.o
 .debug_frame   0x00000000000022bc      0x360 build/stm32h7xx_hal.o
 .debug_frame   0x000000000000261c      0x938 build/stm32h7xx_hal_i2c.o
 .debug_frame   0x0000000000002f54       0x80 build/stm32h7xx_hal_i2c_ex.o
 .debug_frame   0x0000000000002fd4      0x688 build/stm32h7xx_hal_uart.o
 .debug_frame   0x000000000000365c      0x1c8 build/stm32h7xx_hal_uart_ex.o
 .debug_frame   0x0000000000003824       0x2c /usr/lib/gcc/arm-none-eabi/12.2.1/../../../arm-none-eabi/lib/thumb/v7e-m+dp/hard/libc_nano.a(lib_a-init.o)
 .debug_frame   0x0000000000003850       0x2c /usr/lib/gcc/arm-none-eabi/12.2.1/../../../arm-none-eabi/lib/thumb/v7e-m+dp/hard/libc_nano.a(lib_a-memset.o)
 .debug_frame   0x000000000000387c       0x2c /usr/lib/gcc/arm-none-eabi/12.2.1/thumb/v7e-m+dp/hard/libgcc.a(_aeabi_uldivmod.o)
 .debug_frame   0x00000000000038a8       0x34 /usr/lib/gcc/arm-none-eabi/12.2.1/thumb/v7e-m+dp/hard/libgcc.a(_udivmoddi4.o)

.debug_line_str
                0x0000000000000000       0xa3
 .debug_line_str
                0x0000000000000000       0x97 /usr/lib/gcc/arm-none-eabi/12.2.1/thumb/v7e-m+dp/hard/libgcc.a(_aeabi_uldivmod.o)
 .debug_line_str
                0x0000000000000097        0xc /usr/lib/gcc/arm-none-eabi/12.2.1/thumb/v7e-m+dp/hard/libgcc.a(_dvmd_tls.o)
                                         0x9b (size before relaxing)

.debug_loclists
                0x0000000000000000      0x993
 .debug_loclists
                0x0000000000000000      0x993 /usr/lib/gcc/arm-none-eabi/12.2.1/thumb/v7e-m+dp/hard/libgcc.a(_udivmoddi4.o)

.debug_rnglists
                0x0000000000000000       0x89
 .debug_rnglists
                0x0000000000000000       0x89 /usr/lib/gcc/arm-none-eabi/12.2.1/thumb/v7e-m+dp/hard/libgcc.a(_udivmoddi4.o)

Cross Reference Table

Symbol                                            File
ADC3_IRQHandler                                   build/startup_stm32h750xx.o
ADC_ConfigureBoostMode                            build/stm32h7xx_hal_adc.o
ADC_ConversionStop                                build/stm32h7xx_hal_adc.o
                                                  build/stm32h7xx_hal_adc_ex.o
ADC_DMAConvCplt                                   build/stm32h7xx_hal_adc.o
                                                  build/stm32h7xx_hal_adc_ex.o
ADC_DMAError                                      build/stm32h7xx_hal_adc.o
                                                  build/stm32h7xx_hal_adc_ex.o
ADC_DMAHalfConvCplt                               build/stm32h7xx_hal_adc.o
                                                  build/stm32h7xx_hal_adc_ex.o
ADC_Disable                                       build/stm32h7xx_hal_adc.o
                                                  build/stm32h7xx_hal_adc_ex.o
ADC_Enable                                        build/stm32h7xx_hal_adc.o
                                                  build/stm32h7xx_hal_adc_ex.o
ADC_IRQHandler                                    build/startup_stm32h750xx.o
BDMA_Channel0_IRQHandler                          build/startup_stm32h750xx.o
BDMA_Channel1_IRQHandler                          build/startup_stm32h750xx.o
BDMA_Channel2_IRQHandler                          build/startup_stm32h750xx.o
BDMA_Channel3_IRQHandler                          build/startup_stm32h750xx.o
BDMA_Channel4_IRQHandler                          build/startup_stm32h750xx.o
BDMA_Channel5_IRQHandler                          build/startup_stm32h750xx.o
BDMA_Channel6_IRQHandler                          build/startup_stm32h750xx.o
BDMA_Channel7_IRQHandler                          build/startup_stm32h750xx.o
BusFault_Handler                                  build/stm32h7xx_it.o
CEC_IRQHandler                                    build/startup_stm32h750xx.o
COMP1_IRQHandler                                  build/startup_stm32h750xx.o
CRS_IRQHandler                                    build/startup_stm32h750xx.o
CRYP_IRQHandler                                   build/startup_stm32h750xx.o
D1CorePrescTable                                  build/system_stm32h7xx.o
                                                  build/stm32h7xx_hal.o
                                                  build/stm32h7xx_hal_rcc_ex.o
                                                  build/stm32h7xx_hal_rcc.o
DCMI_IRQHandler                                   build/startup_stm32h750xx.o
DFSDM1_FLT0_IRQHandler                            build/startup_stm32h750xx.o
DFSDM1_FLT1_IRQHandler                            build/startup_stm32h750xx.o
DFSDM1_FLT2_IRQHandler                            build/startup_stm32h750xx.o
DFSDM1_FLT3_IRQHandler                            build/startup_stm32h750xx.o
DMA1_Stream0_IRQHandler                           build/startup_stm32h750xx.o
DMA1_Stream1_IRQHandler                           build/startup_stm32h750xx.o
DMA1_Stream2_IRQHandler                           build/startup_stm32h750xx.o
DMA1_Stream3_IRQHandler                           build/startup_stm32h750xx.o
DMA1_Stream4_IRQHandler                           build/startup_stm32h750xx.o
DMA1_Stream5_IRQHandler                           build/startup_stm32h750xx.o
DMA1_Stream6_IRQHandler                           build/startup_stm32h750xx.o
DMA1_Stream7_IRQHandler                           build/startup_stm32h750xx.o
DMA2D_IRQHandler                                  build/startup_stm32h750xx.o
DMA2_Stream0_IRQHandler                           build/startup_stm32h750xx.o
DMA2_Stream1_IRQHandler                           build/startup_stm32h750xx.o
DMA2_Stream2_IRQHandler                           build/startup_stm32h750xx.o
DMA2_Stream3_IRQHandler                           build/startup_stm32h750xx.o
DMA2_Stream4_IRQHandler                           build/startup_stm32h750xx.o
DMA2_Stream5_IRQHandler                           build/startup_stm32h750xx.o
DMA2_Stream6_IRQHandler                           build/startup_stm32h750xx.o
DMA2_Stream7_IRQHandler                           build/startup_stm32h750xx.o
DMAMUX1_OVR_IRQHandler                            build/startup_stm32h750xx.o
DMAMUX2_OVR_IRQHandler                            build/startup_stm32h750xx.o
DebugMon_Handler                                  build/stm32h7xx_it.o
Default_Handler                                   build/startup_stm32h750xx.o
ECC_IRQHandler                                    build/startup_stm32h750xx.o
ETH_IRQHandler                                    build/startup_stm32h750xx.o
ETH_WKUP_IRQHandler                               build/startup_stm32h750xx.o
EXTI0_IRQHandler                                  build/startup_stm32h750xx.o
EXTI15_10_IRQHandler                              build/startup_stm32h750xx.o
EXTI1_IRQHandler                                  build/startup_stm32h750xx.o
EXTI2_IRQHandler                                  build/startup_stm32h750xx.o
EXTI3_IRQHandler                                  build/startup_stm32h750xx.o
EXTI4_IRQHandler                                  build/startup_stm32h750xx.o
EXTI9_5_IRQHandler                                build/startup_stm32h750xx.o
Error_Handler                                     build/sdr_error.o
                                                  build/stm32h7xx_hal_msp.o
                                                  build/init.o
                                                  build/terminal.o
                                                  build/main.o
FDCAN1_IT0_IRQHandler                             build/startup_stm32h750xx.o
FDCAN1_IT1_IRQHandler                             build/startup_stm32h750xx.o
FDCAN2_IT0_IRQHandler                             build/startup_stm32h750xx.o
FDCAN2_IT1_IRQHandler                             build/startup_stm32h750xx.o
FDCAN_CAL_IRQHandler                              build/startup_stm32h750xx.o
FLASH_CRC_WaitForLastOperation                    build/stm32h7xx_hal_flash.o
                                                  build/stm32h7xx_hal_flash_ex.o
FLASH_Erase_Sector                                build/stm32h7xx_hal_flash_ex.o
                                                  build/stm32h7xx_hal_flash.o
FLASH_IRQHandler                                  build/startup_stm32h750xx.o
FLASH_OB_WaitForLastOperation                     build/stm32h7xx_hal_flash.o
                                                  build/stm32h7xx_hal_flash_ex.o
FLASH_SPI_Init                                    build/init.o
                                                  build/main.o
FLASH_WaitForLastOperation                        build/stm32h7xx_hal_flash.o
                                                  build/stm32h7xx_hal_flash_ex.o
FMC_IRQHandler                                    build/startup_stm32h750xx.o
FPU_IRQHandler                                    build/startup_stm32h750xx.o
GPIO_Init                                         build/init.o
                                                  build/main.o
HAL_ADCEx_Calibration_GetValue                    build/stm32h7xx_hal_adc_ex.o
HAL_ADCEx_Calibration_SetValue                    build/stm32h7xx_hal_adc_ex.o
HAL_ADCEx_Calibration_Start                       build/stm32h7xx_hal_adc_ex.o