Archive member included to satisfy reference by file (symbol)

/usr/lib/gcc/arm-none-eabi/12.2.0/../../../../arm-none-eabi/lib/thumb/v7e-m+dp/hard/libc_nano.a(libc_a-atexit.o)
                              /usr/lib/gcc/arm-none-eabi/12.2.0/../../../../arm-none-eabi/lib/thumb/v7e-m+dp/hard/crt0.o (atexit)
/usr/lib/gcc/arm-none-eabi/12.2.0/../../../../arm-none-eabi/lib/thumb/v7e-m+dp/hard/libc_nano.a(libc_a-exit.o)
                              /usr/lib/gcc/arm-none-eabi/12.2.0/../../../../arm-none-eabi/lib/thumb/v7e-m+dp/hard/crt0.o (exit)
/usr/lib/gcc/arm-none-eabi/12.2.0/../../../../arm-none-eabi/lib/thumb/v7e-m+dp/hard/libc_nano.a(libc_a-findfp.o)
                              /usr/lib/gcc/arm-none-eabi/12.2.0/../../../../arm-none-eabi/lib/thumb/v7e-m+dp/hard/libc_nano.a(libc_a-exit.o) (__stdio_exit_handler)
/usr/lib/gcc/arm-none-eabi/12.2.0/../../../../arm-none-eabi/lib/thumb/v7e-m+dp/hard/libc_nano.a(libc_a-fwalk.o)
                              /usr/lib/gcc/arm-none-eabi/12.2.0/../../../../arm-none-eabi/lib/thumb/v7e-m+dp/hard/libc_nano.a(libc_a-findfp.o) (_fwalk_sglue)
/usr/lib/gcc/arm-none-eabi/12.2.0/../../../../arm-none-eabi/lib/thumb/v7e-m+dp/hard/libc_nano.a(libc_a-stdio.o)
                              /usr/lib/gcc/arm-none-eabi/12.2.0/../../../../arm-none-eabi/lib/thumb/v7e-m+dp/hard/libc_nano.a(libc_a-findfp.o) (__sread)
/usr/lib/gcc/arm-none-eabi/12.2.0/../../../../arm-none-eabi/lib/thumb/v7e-m+dp/hard/libc_nano.a(libc_a-memset.o)
                              /usr/lib/gcc/arm-none-eabi/12.2.0/../../../../arm-none-eabi/lib/thumb/v7e-m+dp/hard/crt0.o (memset)
/usr/lib/gcc/arm-none-eabi/12.2.0/../../../../arm-none-eabi/lib/thumb/v7e-m+dp/hard/libc_nano.a(libc_a-closer.o)
                              /usr/lib/gcc/arm-none-eabi/12.2.0/../../../../arm-none-eabi/lib/thumb/v7e-m+dp/hard/libc_nano.a(libc_a-stdio.o) (_close_r)
/usr/lib/gcc/arm-none-eabi/12.2.0/../../../../arm-none-eabi/lib/thumb/v7e-m+dp/hard/libc_nano.a(libc_a-reent.o)
                              /usr/lib/gcc/arm-none-eabi/12.2.0/../../../../arm-none-eabi/lib/thumb/v7e-m+dp/hard/libc_nano.a(libc_a-closer.o) (errno)
/usr/lib/gcc/arm-none-eabi/12.2.0/../../../../arm-none-eabi/lib/thumb/v7e-m+dp/hard/libc_nano.a(libc_a-impure.o)
                              /usr/lib/gcc/arm-none-eabi/12.2.0/../../../../arm-none-eabi/lib/thumb/v7e-m+dp/hard/libc_nano.a(libc_a-reent.o) (_impure_ptr)
/usr/lib/gcc/arm-none-eabi/12.2.0/../../../../arm-none-eabi/lib/thumb/v7e-m+dp/hard/libc_nano.a(libc_a-lseekr.o)
                              /usr/lib/gcc/arm-none-eabi/12.2.0/../../../../arm-none-eabi/lib/thumb/v7e-m+dp/hard/libc_nano.a(libc_a-stdio.o) (_lseek_r)
/usr/lib/gcc/arm-none-eabi/12.2.0/../../../../arm-none-eabi/lib/thumb/v7e-m+dp/hard/libc_nano.a(libc_a-readr.o)
                              /usr/lib/gcc/arm-none-eabi/12.2.0/../../../../arm-none-eabi/lib/thumb/v7e-m+dp/hard/libc_nano.a(libc_a-stdio.o) (_read_r)
/usr/lib/gcc/arm-none-eabi/12.2.0/../../../../arm-none-eabi/lib/thumb/v7e-m+dp/hard/libc_nano.a(libc_a-writer.o)
                              /usr/lib/gcc/arm-none-eabi/12.2.0/../../../../arm-none-eabi/lib/thumb/v7e-m+dp/hard/libc_nano.a(libc_a-stdio.o) (_write_r)
/usr/lib/gcc/arm-none-eabi/12.2.0/../../../../arm-none-eabi/lib/thumb/v7e-m+dp/hard/libc_nano.a(libc_a-init.o)
                              /usr/lib/gcc/arm-none-eabi/12.2.0/../../../../arm-none-eabi/lib/thumb/v7e-m+dp/hard/crt0.o (__libc_init_array)
/usr/lib/gcc/arm-none-eabi/12.2.0/../../../../arm-none-eabi/lib/thumb/v7e-m+dp/hard/libc_nano.a(libc_a-fini.o)
                              /usr/lib/gcc/arm-none-eabi/12.2.0/../../../../arm-none-eabi/lib/thumb/v7e-m+dp/hard/crt0.o (__libc_fini_array)
/usr/lib/gcc/arm-none-eabi/12.2.0/../../../../arm-none-eabi/lib/thumb/v7e-m+dp/hard/libc_nano.a(libc_a-lock.o)
                              /usr/lib/gcc/arm-none-eabi/12.2.0/../../../../arm-none-eabi/lib/thumb/v7e-m+dp/hard/libc_nano.a(libc_a-findfp.o) (__retarget_lock_init_recursive)
/usr/lib/gcc/arm-none-eabi/12.2.0/../../../../arm-none-eabi/lib/thumb/v7e-m+dp/hard/libc_nano.a(libc_a-memcpy-stub.o)
                              build/sensor.o (memcpy)
/usr/lib/gcc/arm-none-eabi/12.2.0/../../../../arm-none-eabi/lib/thumb/v7e-m+dp/hard/libc_nano.a(libc_a-__atexit.o)
                              /usr/lib/gcc/arm-none-eabi/12.2.0/../../../../arm-none-eabi/lib/thumb/v7e-m+dp/hard/libc_nano.a(libc_a-atexit.o) (__register_exitproc)
/usr/lib/gcc/arm-none-eabi/12.2.0/../../../../arm-none-eabi/lib/thumb/v7e-m+dp/hard/libc_nano.a(libc_a-__call_atexit.o)
                              /usr/lib/gcc/arm-none-eabi/12.2.0/../../../../arm-none-eabi/lib/thumb/v7e-m+dp/hard/libc_nano.a(libc_a-__atexit.o) (__call_exitprocs)
/usr/lib/gcc/arm-none-eabi/12.2.0/../../../../arm-none-eabi/lib/thumb/v7e-m+dp/hard/libc_nano.a(libc_a-freer.o)
                              /usr/lib/gcc/arm-none-eabi/12.2.0/../../../../arm-none-eabi/lib/thumb/v7e-m+dp/hard/libc_nano.a(libc_a-reent.o) (_free_r)
[...]
Memory Configuration

Name             Origin             Length             Attributes
DTCMRAM          0x0000000020000000 0x0000000000020000 xrw
RAM_D1           0x0000000024000000 0x0000000000080000 xrw
RAM_D2           0x0000000030000000 0x0000000000048000 xrw
RAM_D3           0x0000000038000000 0x0000000000010000 xrw
ITCMRAM          0x0000000000000000 0x0000000000010000 xrw
FLASH            0x0000000008000000 0x0000000000020000 xr
*default*        0x0000000000000000 0xffffffffffffffff

Linker script and memory map

LOAD /usr/lib/gcc/arm-none-eabi/12.2.0/thumb/v7e-m+dp/hard/crti.o
LOAD /usr/lib/gcc/arm-none-eabi/12.2.0/thumb/v7e-m+dp/hard/crtbegin.o
LOAD /usr/lib/gcc/arm-none-eabi/12.2.0/../../../../arm-none-eabi/lib/thumb/v7e-m+dp/hard/crt0.o
LOAD build/main.o
LOAD build/init.o
LOAD build/sdr_error.o
LOAD build/commands.o
LOAD build/ignition.o
LOAD build/led.o
LOAD build/power.o
LOAD build/flash.o
LOAD build/loadcell.o
LOAD build/pressure.o
LOAD build/sensor.o
LOAD build/temp.o
LOAD build/usb.o
LOAD build/valve.o
LOAD build/wireless.o
LOAD build/stm32h7xx_it.o
LOAD build/stm32h7xx_hal_msp.o
LOAD build/system_stm32h7xx.o
LOAD build/stm32h7xx_hal_adc.o
LOAD build/stm32h7xx_hal_adc_ex.o
LOAD build/stm32h7xx_hal_cortex.o
LOAD build/stm32h7xx_hal_spi.o
LOAD build/stm32h7xx_hal_spi_ex.o
LOAD build/stm32h7xx_hal_rcc.o
LOAD build/stm32h7xx_hal_rcc_ex.o
LOAD build/stm32h7xx_hal_flash.o
LOAD build/stm32h7xx_hal_flash_ex.o
LOAD build/stm32h7xx_hal_gpio.o
LOAD build/stm32h7xx_hal_hsem.o
LOAD build/stm32h7xx_hal_dma.o
LOAD build/stm32h7xx_hal_dma_ex.o
LOAD build/stm32h7xx_hal_mdma.o
LOAD build/stm32h7xx_hal_pwr.o
LOAD build/stm32h7xx_hal_pwr_ex.o
LOAD build/stm32h7xx_hal.o
LOAD build/stm32h7xx_hal_i2c.o
LOAD build/stm32h7xx_hal_i2c_ex.o
LOAD build/stm32h7xx_hal_exti.o
LOAD build/stm32h7xx_hal_tim.o
LOAD build/stm32h7xx_hal_tim_ex.o
LOAD build/stm32h7xx_hal_uart.o
LOAD build/stm32h7xx_hal_uart_ex.o
LOAD build/startup_stm32h750xx.o
LOAD /usr/lib/gcc/arm-none-eabi/12.2.0/../../../../arm-none-eabi/lib/thumb/v7e-m+dp/hard/libc_nano.a
LOAD /usr/lib/gcc/arm-none-eabi/12.2.0/../../../../arm-none-eabi/lib/thumb/v7e-m+dp/hard/libm.a
LOAD /usr/lib/gcc/arm-none-eabi/12.2.0/../../../../arm-none-eabi/lib/thumb/v7e-m+dp/hard/libnosys.a
START GROUP
LOAD /usr/lib/gcc/arm-none-eabi/12.2.0/thumb/v7e-m+dp/hard/libgcc.a
LOAD /usr/lib/gcc/arm-none-eabi/12.2.0/../../../../arm-none-eabi/lib/thumb/v7e-m+dp/hard/libc_nano.a
END GROUP
START GROUP
LOAD /usr/lib/gcc/arm-none-eabi/12.2.0/thumb/v7e-m+dp/hard/libgcc.a
LOAD /usr/lib/gcc/arm-none-eabi/12.2.0/../../../../arm-none-eabi/lib/thumb/v7e-m+dp/hard/libc_nano.a
END GROUP
LOAD /usr/lib/gcc/arm-none-eabi/12.2.0/thumb/v7e-m+dp/hard/crtend.o
LOAD /usr/lib/gcc/arm-none-eabi/12.2.0/thumb/v7e-m+dp/hard/crtn.o
                0x0000000020020000                _estack = 0x20020000
                0x0000000000000200                _Min_Heap_Size = 0x200
                0x0000000000000400                _Min_Stack_Size = 0x400

.isr_vector     0x0000000008000000      0x298
                0x0000000008000000                . = ALIGN (0x4)
 *(.isr_vector)
 .isr_vector    0x0000000008000000      0x298 build/startup_stm32h750xx.o
                0x0000000008000000                g_pfnVectors
                0x0000000008000298                . = ALIGN (0x4)

.text           0x0000000008000298     0x6234
                0x0000000008000298                . = ALIGN (0x4)
 *(.text)
 .text          0x0000000008000298       0x30 /usr/lib/gcc/arm-none-eabi/12.2.0/thumb/v7e-m+dp/hard/libgcc.a(_aeabi_uldivmod.o)
                0x0000000008000298                __aeabi_uldivmod
 .text          0x00000000080002c8        0x4 /usr/lib/gcc/arm-none-eabi/12.2.0/thumb/v7e-m+dp/hard/libgcc.a(_dvmd_tls.o)
                0x00000000080002c8                __aeabi_ldiv0
                0x00000000080002c8                __aeabi_idiv0
 *(.text*)
 .text.__do_global_dtors_aux
                0x00000000080002cc       0x24 /usr/lib/gcc/arm-none-eabi/12.2.0/thumb/v7e-m+dp/hard/crtbegin.o
 .text.frame_dummy
                0x00000000080002f0       0x1c /usr/lib/gcc/arm-none-eabi/12.2.0/thumb/v7e-m+dp/hard/crtbegin.o
 .text.main     0x000000000800030c       0x98 build/main.o
                0x000000000800030c                main
 .text.SystemClock_Config
                0x00000000080003a4       0xc4 build/init.o
                0x00000000080003a4                SystemClock_Config
 .text.PeriphCommonClock_Config
                0x0000000008000468       0x3e build/init.o
                0x0000000008000468                PeriphCommonClock_Config
 *fill*         0x00000000080004a6        0x2 
 .text.PRESSURE_ADC_Init
                0x00000000080004a8       0xa0 build/init.o
                0x00000000080004a8                PRESSURE_ADC_Init
 .text.LOADCELL_ADC_Init
                0x0000000008000548       0x88 build/init.o
                0x0000000008000548                LOADCELL_ADC_Init
 .text.Thermocouple_I2C_Init
                0x00000000080005d0       0x60 build/init.o
                0x00000000080005d0                Thermocouple_I2C_Init
 .text.FLASH_SPI_Init
                0x0000000008000630       0x58 build/init.o
                0x0000000008000630                FLASH_SPI_Init
 .text.USB_UART_Init
                0x0000000008000688       0x68 build/init.o
                0x0000000008000688                USB_UART_Init
 .text.Valve_UART_Init
                0x00000000080006f0       0x68 build/init.o
                0x00000000080006f0                Valve_UART_Init
 .text.Wireless_UART_Init
                0x0000000008000758       0x68 build/init.o
                0x0000000008000758                Wireless_UART_Init
 .text.GPIO_Init
                0x00000000080007c0      0x1b4 build/init.o
                0x00000000080007c0                GPIO_Init
 .text.Error_Handler
                0x0000000008000974       0x10 build/sdr_error.o
                0x0000000008000974                Error_Handler
 .text.led_reset
                0x0000000008000984       0x14 build/led.o
                0x0000000008000984                led_reset
 .text.led_error_assert
                0x0000000008000998       0x18 build/led.o
                0x0000000008000998                led_error_assert
 .text.led_set_color
                0x00000000080009b0       0x80 build/led.o
                0x00000000080009b0                led_set_color
 .text.write_disable
                0x0000000008000a30       0x48 build/flash.o
 .text.flash_get_status
                0x0000000008000a78       0x6c build/flash.o
                0x0000000008000a78                flash_get_status
 .text.flash_set_status
                0x0000000008000ae4       0xb0 build/flash.o
                0x0000000008000ae4                flash_set_status
 .text.flash_is_flash_busy
                0x0000000008000b94       0x2c build/flash.o
                0x0000000008000b94                flash_is_flash_busy
 .text.flash_write_enable
                0x0000000008000bc0        0xc build/flash.o
                0x0000000008000bc0                flash_write_enable
 .text.flash_write_disable
                0x0000000008000bcc        0xc build/flash.o
                0x0000000008000bcc                flash_write_disable
 .text.flash_init
                0x0000000008000bd8       0x62 build/flash.o
                0x0000000008000bd8                flash_init
 *fill*         0x0000000008000c3a        0x2 
 .text.sensor_init
                0x0000000008000c3c       0x50 build/sensor.o
                0x0000000008000c3c                sensor_init
 .text.write_reg
                0x0000000008000c8c       0x48 build/temp.o
 .text.read_reg
                0x0000000008000cd4       0x44 build/temp.o
 .text.temp_get_status
                0x0000000008000d18        0xe build/temp.o
                0x0000000008000d18                temp_get_status
 .text.temp_get_device_id
                0x0000000008000d26        0xe build/temp.o
                0x0000000008000d26                temp_get_device_id
 .text.temp_init
                0x0000000008000d34       0x74 build/temp.o
                0x0000000008000d34                temp_init
 .text.NMI_Handler
                0x0000000008000da8        0x8 build/stm32h7xx_it.o
                0x0000000008000da8                NMI_Handler
 .text.HardFault_Handler
                0x0000000008000db0        0x8 build/stm32h7xx_it.o
                0x0000000008000db0                HardFault_Handler
 .text.MemManage_Handler
                0x0000000008000db8        0x8 build/stm32h7xx_it.o
                0x0000000008000db8                MemManage_Handler
 .text.BusFault_Handler
                0x0000000008000dc0        0x8 build/stm32h7xx_it.o
                0x0000000008000dc0                BusFault_Handler
 .text.UsageFault_Handler
                0x0000000008000dc8        0x8 build/stm32h7xx_it.o
                0x0000000008000dc8                UsageFault_Handler
 .text.SVC_Handler
                0x0000000008000dd0        0x2 build/stm32h7xx_it.o
                0x0000000008000dd0                SVC_Handler
 .text.DebugMon_Handler
                0x0000000008000dd2        0x2 build/stm32h7xx_it.o
                0x0000000008000dd2                DebugMon_Handler
 .text.PendSV_Handler
                0x0000000008000dd4        0x2 build/stm32h7xx_it.o
                0x0000000008000dd4                PendSV_Handler
 .text.SysTick_Handler
                0x0000000008000dd6        0x8 build/stm32h7xx_it.o
                0x0000000008000dd6                SysTick_Handler
 *fill*         0x0000000008000dde        0x2 
 .text.HAL_MspInit
                0x0000000008000de0       0x24 build/stm32h7xx_hal_msp.o
                0x0000000008000de0                HAL_MspInit
 .text.HAL_ADC_MspInit
                0x0000000008000e04       0xe0 build/stm32h7xx_hal_msp.o
                0x0000000008000e04                HAL_ADC_MspInit
 .text.HAL_I2C_MspInit
                0x0000000008000ee4       0x94 build/stm32h7xx_hal_msp.o
                0x0000000008000ee4                HAL_I2C_MspInit
 .text.HAL_SPI_MspInit
                0x0000000008000f78       0xb4 build/stm32h7xx_hal_msp.o
                0x0000000008000f78                HAL_SPI_MspInit
 .text.HAL_UART_MspInit
                0x000000000800102c      0x168 build/stm32h7xx_hal_msp.o
                0x000000000800102c                HAL_UART_MspInit
 .text.SystemInit
                0x0000000008001194       0xcc build/system_stm32h7xx.o
                0x0000000008001194                SystemInit
 .text.LL_ADC_REG_SetSequencerRanks
                0x0000000008001260       0x30 build/stm32h7xx_hal_adc.o
 .text.LL_ADC_SetChannelSamplingTime
                0x0000000008001290       0x2c build/stm32h7xx_hal_adc.o
 .text.HAL_ADC_ConfigChannel
                0x00000000080012bc      0x488 build/stm32h7xx_hal_adc.o
                0x00000000080012bc                HAL_ADC_ConfigChannel
 .text.ADC_ConfigureBoostMode
                0x0000000008001744      0x164 build/stm32h7xx_hal_adc.o
                0x0000000008001744                ADC_ConfigureBoostMode
 .text.HAL_ADC_Init
                0x00000000080018a8      0x258 build/stm32h7xx_hal_adc.o
                0x00000000080018a8                HAL_ADC_Init
 .text.HAL_ADCEx_MultiModeConfigChannel
                0x0000000008001b00      0x150 build/stm32h7xx_hal_adc_ex.o
                0x0000000008001b00                HAL_ADCEx_MultiModeConfigChannel
 .text.__NVIC_SetPriority
                0x0000000008001c50       0x24 build/stm32h7xx_hal_cortex.o
 .text.NVIC_EncodePriority
                0x0000000008001c74       0x3e build/stm32h7xx_hal_cortex.o
 *fill*         0x0000000008001cb2        0x2 
 .text.HAL_NVIC_SetPriorityGrouping
                0x0000000008001cb4       0x24 build/stm32h7xx_hal_cortex.o
                0x0000000008001cb4                HAL_NVIC_SetPriorityGrouping
 .text.HAL_NVIC_SetPriority
                0x0000000008001cd8       0x20 build/stm32h7xx_hal_cortex.o
                0x0000000008001cd8                HAL_NVIC_SetPriority
 .text.HAL_SYSTICK_Config
                0x0000000008001cf8       0x28 build/stm32h7xx_hal_cortex.o
                0x0000000008001cf8                HAL_SYSTICK_Config
 .text.SPI_CloseTransfer
                0x0000000008001d20       0xd0 build/stm32h7xx_hal_spi.o
 .text.SPI_GetPacketSize
                0x0000000008001df0       0x10 build/stm32h7xx_hal_spi.o
 .text.SPI_WaitOnFlagUntilTimeout
                0x0000000008001e00       0x46 build/stm32h7xx_hal_spi.o
 *fill*         0x0000000008001e46        0x2 
 .text.HAL_SPI_Init
                0x0000000008001e48      0x168 build/stm32h7xx_hal_spi.o
                0x0000000008001e48                HAL_SPI_Init
 .text.HAL_SPI_Transmit
                0x0000000008001fb0      0x2c4 build/stm32h7xx_hal_spi.o
                0x0000000008001fb0                HAL_SPI_Transmit
 .text.HAL_SPI_TransmitReceive
                0x0000000008002274      0x420 build/stm32h7xx_hal_spi.o
                0x0000000008002274                HAL_SPI_TransmitReceive
 .text.HAL_SPI_Receive
                0x0000000008002694      0x2b8 build/stm32h7xx_hal_spi.o
                0x0000000008002694                HAL_SPI_Receive
 .text.HAL_RCC_OscConfig
                0x000000000800294c      0x674 build/stm32h7xx_hal_rcc.o
                0x000000000800294c                HAL_RCC_OscConfig
 .text.HAL_RCC_GetSysClockFreq
                0x0000000008002fc0      0x1f4 build/stm32h7xx_hal_rcc.o
                0x0000000008002fc0                HAL_RCC_GetSysClockFreq
 .text.HAL_RCC_ClockConfig
                0x00000000080031b4      0x294 build/stm32h7xx_hal_rcc.o
                0x00000000080031b4                HAL_RCC_ClockConfig
 .text.HAL_RCC_GetHCLKFreq
                0x0000000008003448       0x44 build/stm32h7xx_hal_rcc.o
                0x0000000008003448                HAL_RCC_GetHCLKFreq
 .text.HAL_RCC_GetPCLK1Freq
                0x000000000800348c       0x24 build/stm32h7xx_hal_rcc.o
                0x000000000800348c                HAL_RCC_GetPCLK1Freq
 .text.HAL_RCC_GetPCLK2Freq
                0x00000000080034b0       0x24 build/stm32h7xx_hal_rcc.o
                0x00000000080034b0                HAL_RCC_GetPCLK2Freq
 .text.RCCEx_PLL2_Config
                0x00000000080034d4      0x10c build/stm32h7xx_hal_rcc_ex.o
 .text.RCCEx_PLL3_Config
                0x00000000080035e0      0x10c build/stm32h7xx_hal_rcc_ex.o
 .text.HAL_RCCEx_PeriphCLKConfig
                0x00000000080036ec      0x9c4 build/stm32h7xx_hal_rcc_ex.o
                0x00000000080036ec                HAL_RCCEx_PeriphCLKConfig
 .text.HAL_RCCEx_GetD3PCLK1Freq
                0x00000000080040b0       0x24 build/stm32h7xx_hal_rcc_ex.o
                0x00000000080040b0                HAL_RCCEx_GetD3PCLK1Freq
 .text.HAL_RCCEx_GetPLL2ClockFreq
                0x00000000080040d4      0x1fc build/stm32h7xx_hal_rcc_ex.o
                0x00000000080040d4                HAL_RCCEx_GetPLL2ClockFreq
 .text.HAL_RCCEx_GetPLL3ClockFreq
                0x00000000080042d0      0x1fc build/stm32h7xx_hal_rcc_ex.o
                0x00000000080042d0                HAL_RCCEx_GetPLL3ClockFreq
 .text.HAL_RCCEx_GetPLL1ClockFreq
                0x00000000080044cc      0x1fc build/stm32h7xx_hal_rcc_ex.o
                0x00000000080044cc                HAL_RCCEx_GetPLL1ClockFreq
 .text.HAL_RCCEx_GetPeriphCLKFreq
                0x00000000080046c8      0x614 build/stm32h7xx_hal_rcc_ex.o
                0x00000000080046c8                HAL_RCCEx_GetPeriphCLKFreq
 .text.HAL_GPIO_Init
                0x0000000008004cdc      0x220 build/stm32h7xx_hal_gpio.o
                0x0000000008004cdc                HAL_GPIO_Init
 .text.HAL_GPIO_WritePin
                0x0000000008004efc        0xc build/stm32h7xx_hal_gpio.o
                0x0000000008004efc                HAL_GPIO_WritePin
 .text.HAL_PWREx_ConfigSupply
                0x0000000008004f08       0x54 build/stm32h7xx_hal_pwr_ex.o
                0x0000000008004f08                HAL_PWREx_ConfigSupply
 .text.HAL_InitTick
                0x0000000008004f5c       0x50 build/stm32h7xx_hal.o
                0x0000000008004f5c                HAL_InitTick
 .text.HAL_Init
                0x0000000008004fac       0x5c build/stm32h7xx_hal.o
                0x0000000008004fac                HAL_Init
 .text.HAL_IncTick
                0x0000000008005008       0x18 build/stm32h7xx_hal.o
                0x0000000008005008                HAL_IncTick
 .text.HAL_GetTick
                0x0000000008005020        0xc build/stm32h7xx_hal.o
                0x0000000008005020                HAL_GetTick
 .text.HAL_GetREVID
                0x000000000800502c        0xc build/stm32h7xx_hal.o
                0x000000000800502c                HAL_GetREVID
 .text.I2C_Flush_TXDR
                0x0000000008005038       0x22 build/stm32h7xx_hal_i2c.o
 .text.I2C_TransferConfig
                0x000000000800505a       0x3c build/stm32h7xx_hal_i2c.o
 .text.I2C_IsErrorOccurred
                0x0000000008005096      0x130 build/stm32h7xx_hal_i2c.o
 .text.I2C_WaitOnTXISFlagUntilTimeout
                0x00000000080051c6       0x56 build/stm32h7xx_hal_i2c.o
 .text.I2C_WaitOnFlagUntilTimeout
                0x000000000800521c       0x56 build/stm32h7xx_hal_i2c.o
 .text.I2C_WaitOnSTOPFlagUntilTimeout
                0x0000000008005272       0x50 build/stm32h7xx_hal_i2c.o
 .text.I2C_WaitOnRXNEFlagUntilTimeout
                0x00000000080052c2       0xae build/stm32h7xx_hal_i2c.o
 .text.HAL_I2C_Init
                0x0000000008005370       0xbc build/stm32h7xx_hal_i2c.o
                0x0000000008005370                HAL_I2C_Init
 .text.HAL_I2C_Master_Transmit
                0x000000000800542c      0x17c build/stm32h7xx_hal_i2c.o
                0x000000000800542c                HAL_I2C_Master_Transmit
 .text.HAL_I2C_Master_Receive
                0x00000000080055a8      0x17c build/stm32h7xx_hal_i2c.o
                0x00000000080055a8                HAL_I2C_Master_Receive
 .text.HAL_I2CEx_ConfigAnalogFilter
                0x0000000008005724       0x5c build/stm32h7xx_hal_i2c_ex.o
                0x0000000008005724                HAL_I2CEx_ConfigAnalogFilter
 .text.HAL_I2CEx_ConfigDigitalFilter
                0x0000000008005780       0x58 build/stm32h7xx_hal_i2c_ex.o
                0x0000000008005780                HAL_I2CEx_ConfigDigitalFilter
 .text.UART_SetConfig
                0x00000000080057d8      0x5f4 build/stm32h7xx_hal_uart.o
                0x00000000080057d8                UART_SetConfig
 .text.UART_AdvFeatureConfig
                0x0000000008005dcc       0xca build/stm32h7xx_hal_uart.o
                0x0000000008005dcc                UART_AdvFeatureConfig
 .text.UART_WaitOnFlagUntilTimeout
                0x0000000008005e96       0xd8 build/stm32h7xx_hal_uart.o
                0x0000000008005e96                UART_WaitOnFlagUntilTimeout
 .text.UART_CheckIdleState
                0x0000000008005f6e       0x74 build/stm32h7xx_hal_uart.o
                0x0000000008005f6e                UART_CheckIdleState
 .text.HAL_UART_Init
                0x0000000008005fe2       0x66 build/stm32h7xx_hal_uart.o
                0x0000000008005fe2                HAL_UART_Init
 .text.UARTEx_SetNbDataToProcess
                0x0000000008006048       0x4c build/stm32h7xx_hal_uart_ex.o
 .text.HAL_UARTEx_DisableFifoMode
                0x0000000008006094       0x3e build/stm32h7xx_hal_uart_ex.o
                0x0000000008006094                HAL_UARTEx_DisableFifoMode
 .text.HAL_UARTEx_SetTxFifoThreshold
                0x00000000080060d2       0x4a build/stm32h7xx_hal_uart_ex.o
                0x00000000080060d2                HAL_UARTEx_SetTxFifoThreshold
 .text.HAL_UARTEx_SetRxFifoThreshold
                0x000000000800611c       0x4a build/stm32h7xx_hal_uart_ex.o
                0x000000000800611c                HAL_UARTEx_SetRxFifoThreshold
 *fill*         0x0000000008006166        0x2 
 .text.Reset_Handler
                0x0000000008006168       0x50 build/startup_stm32h750xx.o
                0x0000000008006168                Reset_Handler
 .text.Default_Handler
                0x00000000080061b8        0x2 build/startup_stm32h750xx.o
                0x00000000080061b8                RTC_Alarm_IRQHandler
                0x00000000080061b8                HASH_RNG_IRQHandler
                0x00000000080061b8                EXTI2_IRQHandler
                0x00000000080061b8                TIM8_CC_IRQHandler
                0x00000000080061b8                HRTIM1_Master_IRQHandler
                0x00000000080061b8                UART8_IRQHandler
                0x00000000080061b8                SPI4_IRQHandler
                0x00000000080061b8                TIM1_CC_IRQHandler
                0x00000000080061b8                BDMA_Channel6_IRQHandler
                0x00000000080061b8                DMA2_Stream5_IRQHandler
                0x00000000080061b8                HRTIM1_FLT_IRQHandler
                0x00000000080061b8                JPEG_IRQHandler
                0x00000000080061b8                DMA1_Stream5_IRQHandler
                0x00000000080061b8                BDMA_Channel1_IRQHandler
                0x00000000080061b8                HRTIM1_TIMD_IRQHandler
                0x00000000080061b8                TAMP_STAMP_IRQHandler
                0x00000000080061b8                EXTI3_IRQHandler
                0x00000000080061b8                LPTIM4_IRQHandler
                0x00000000080061b8                TIM8_TRG_COM_TIM14_IRQHandler
                0x00000000080061b8                LPTIM2_IRQHandler
                0x00000000080061b8                DFSDM1_FLT1_IRQHandler
                0x00000000080061b8                DMAMUX2_OVR_IRQHandler
                0x00000000080061b8                TIM8_UP_TIM13_IRQHandler
                0x00000000080061b8                I2C3_ER_IRQHandler
                0x00000000080061b8                DFSDM1_FLT2_IRQHandler
                0x00000000080061b8                MDMA_IRQHandler
                0x00000000080061b8                LPTIM3_IRQHandler
                0x00000000080061b8                HSEM1_IRQHandler
                0x00000000080061b8                EXTI0_IRQHandler
                0x00000000080061b8                I2C2_EV_IRQHandler
                0x00000000080061b8                DMA1_Stream2_IRQHandler
                0x00000000080061b8                FPU_IRQHandler
                0x00000000080061b8                OTG_HS_WKUP_IRQHandler
                0x00000000080061b8                FDCAN1_IT1_IRQHandler
                0x00000000080061b8                LTDC_ER_IRQHandler
                0x00000000080061b8                DMA2_Stream2_IRQHandler
                0x00000000080061b8                HRTIM1_TIME_IRQHandler
                0x00000000080061b8                SPI1_IRQHandler
                0x00000000080061b8                TIM6_DAC_IRQHandler
                0x00000000080061b8                DCMI_IRQHandler
                0x00000000080061b8                HRTIM1_TIMC_IRQHandler
                0x00000000080061b8                DMA2_Stream3_IRQHandler
                0x00000000080061b8                SAI2_IRQHandler
                0x00000000080061b8                DFSDM1_FLT3_IRQHandler
                0x00000000080061b8                USART6_IRQHandler
                0x00000000080061b8                TIM17_IRQHandler
                0x00000000080061b8                USART3_IRQHandler
                0x00000000080061b8                BDMA_Channel7_IRQHandler
                0x00000000080061b8                CRYP_IRQHandler
                0x00000000080061b8                LPTIM5_IRQHandler
                0x00000000080061b8                UART5_IRQHandler
                0x00000000080061b8                ADC3_IRQHandler
                0x00000000080061b8                DMA2_Stream0_IRQHandler
                0x00000000080061b8                TIM4_IRQHandler
                0x00000000080061b8                BDMA_Channel2_IRQHandler
                0x00000000080061b8                QUADSPI_IRQHandler
                0x00000000080061b8                I2C1_EV_IRQHandler
                0x00000000080061b8                DMA1_Stream6_IRQHandler
                0x00000000080061b8                DMAMUX1_OVR_IRQHandler
                0x00000000080061b8                DMA1_Stream1_IRQHandler
                0x00000000080061b8                TIM16_IRQHandler
                0x00000000080061b8                UART4_IRQHandler
                0x00000000080061b8                BDMA_Channel5_IRQHandler
                0x00000000080061b8                TIM3_IRQHandler
                0x00000000080061b8                RCC_IRQHandler
                0x00000000080061b8                TIM8_BRK_TIM12_IRQHandler
                0x00000000080061b8                TIM1_TRG_COM_IRQHandler
                0x00000000080061b8                Default_Handler
                0x00000000080061b8                ECC_IRQHandler
                0x00000000080061b8                CEC_IRQHandler
                0x00000000080061b8                EXTI15_10_IRQHandler
                0x00000000080061b8                BDMA_Channel0_IRQHandler
                0x00000000080061b8                ADC_IRQHandler
                0x00000000080061b8                DMA1_Stream7_IRQHandler
                0x00000000080061b8                HRTIM1_TIMA_IRQHandler
                0x00000000080061b8                SPI5_IRQHandler
                0x00000000080061b8                TIM7_IRQHandler
                0x00000000080061b8                SDMMC1_IRQHandler
                0x00000000080061b8                TIM5_IRQHandler
                0x00000000080061b8                DMA2_Stream7_IRQHandler
                0x00000000080061b8                TIM15_IRQHandler
                0x00000000080061b8                PVD_AVD_IRQHandler
                0x00000000080061b8                I2C3_EV_IRQHandler
                0x00000000080061b8                EXTI9_5_IRQHandler
                0x00000000080061b8                RTC_WKUP_IRQHandler
                0x00000000080061b8                LTDC_IRQHandler
                0x00000000080061b8                SAI3_IRQHandler
                0x00000000080061b8                ETH_WKUP_IRQHandler
                0x00000000080061b8                SPDIF_RX_IRQHandler
                0x00000000080061b8                SPI2_IRQHandler
                0x00000000080061b8                OTG_HS_EP1_IN_IRQHandler
                0x00000000080061b8                DMA1_Stream0_IRQHandler
                0x00000000080061b8                CRS_IRQHandler
                0x00000000080061b8                EXTI4_IRQHandler
                0x00000000080061b8                HRTIM1_TIMB_IRQHandler
                0x00000000080061b8                FDCAN2_IT1_IRQHandler
                0x00000000080061b8                ETH_IRQHandler
                0x00000000080061b8                TIM1_UP_IRQHandler
                0x00000000080061b8                BDMA_Channel4_IRQHandler
                0x00000000080061b8                OTG_HS_EP1_OUT_IRQHandler
                0x00000000080061b8                WWDG_IRQHandler
                0x00000000080061b8                SPI6_IRQHandler
                0x00000000080061b8                MDIOS_IRQHandler
                0x00000000080061b8                I2C4_EV_IRQHandler
                0x00000000080061b8                FDCAN2_IT0_IRQHandler
                0x00000000080061b8                LPUART1_IRQHandler
                0x00000000080061b8                FDCAN1_IT0_IRQHandler
                0x00000000080061b8                TIM2_IRQHandler
                0x00000000080061b8                OTG_FS_WKUP_IRQHandler
                0x00000000080061b8                OTG_HS_IRQHandler
                0x00000000080061b8                DMA2D_IRQHandler
                0x00000000080061b8                TIM1_BRK_IRQHandler
                0x00000000080061b8                EXTI1_IRQHandler
                0x00000000080061b8                SDMMC2_IRQHandler
                0x00000000080061b8                OTG_FS_EP1_OUT_IRQHandler
                0x00000000080061b8                BDMA_Channel3_IRQHandler
                0x00000000080061b8                UART7_IRQHandler
                0x00000000080061b8                MDIOS_WKUP_IRQHandler
                0x00000000080061b8                USART2_IRQHandler
                0x00000000080061b8                DFSDM1_FLT0_IRQHandler
                0x00000000080061b8                SAI4_IRQHandler
                0x00000000080061b8                I2C2_ER_IRQHandler
                0x00000000080061b8                DMA2_Stream1_IRQHandler
                0x00000000080061b8                FLASH_IRQHandler
                0x00000000080061b8                DMA2_Stream4_IRQHandler
                0x00000000080061b8                USART1_IRQHandler
                0x00000000080061b8                OTG_FS_IRQHandler
                0x00000000080061b8                SPI3_IRQHandler
                0x00000000080061b8                WAKEUP_PIN_IRQHandler
                0x00000000080061b8                DMA1_Stream4_IRQHandler
                0x00000000080061b8                OTG_FS_EP1_IN_IRQHandler
                0x00000000080061b8                I2C1_ER_IRQHandler
                0x00000000080061b8                FMC_IRQHandler
                0x00000000080061b8                FDCAN_CAL_IRQHandler
                0x00000000080061b8                SWPMI1_IRQHandler
                0x00000000080061b8                COMP1_IRQHandler
                0x00000000080061b8                LPTIM1_IRQHandler
                0x00000000080061b8                I2C4_ER_IRQHandler
                0x00000000080061b8                DMA2_Stream6_IRQHandler
                0x00000000080061b8                SAI1_IRQHandler
                0x00000000080061b8                DMA1_Stream3_IRQHandler
 .text.memset   0x00000000080061ba       0x10 /usr/lib/gcc/arm-none-eabi/12.2.0/../../../../arm-none-eabi/lib/thumb/v7e-m+dp/hard/libc_nano.a(libc_a-memset.o)
                0x00000000080061ba                memset
 *fill*         0x00000000080061ca        0x2 
 .text.__libc_init_array
                0x00000000080061cc       0x48 /usr/lib/gcc/arm-none-eabi/12.2.0/../../../../arm-none-eabi/lib/thumb/v7e-m+dp/hard/libc_nano.a(libc_a-init.o)
                0x00000000080061cc                __libc_init_array
 .text.__udivmoddi4
                0x0000000008006214      0x2a0 /usr/lib/gcc/arm-none-eabi/12.2.0/thumb/v7e-m+dp/hard/libgcc.a(_udivmoddi4.o)
                0x0000000008006214                __udivmoddi4
 *(.glue_7)
 .glue_7        0x00000000080064b4        0x0 linker stubs
 *(.glue_7t)
 .glue_7t       0x00000000080064b4        0x0 linker stubs
 *(.eh_frame)
 .eh_frame      0x00000000080064b4        0x0 /usr/lib/gcc/arm-none-eabi/12.2.0/thumb/v7e-m+dp/hard/crtbegin.o
 *(.init)
 .init          0x00000000080064b4        0x4 /usr/lib/gcc/arm-none-eabi/12.2.0/thumb/v7e-m+dp/hard/crti.o
                0x00000000080064b4                _init
 .init          0x00000000080064b8        0x8 /usr/lib/gcc/arm-none-eabi/12.2.0/thumb/v7e-m+dp/hard/crtn.o
 *(.fini)
 .fini          0x00000000080064c0        0x4 /usr/lib/gcc/arm-none-eabi/12.2.0/thumb/v7e-m+dp/hard/crti.o
                0x00000000080064c0                _fini
 .fini          0x00000000080064c4        0x8 /usr/lib/gcc/arm-none-eabi/12.2.0/thumb/v7e-m+dp/hard/crtn.o
                0x00000000080064cc                . = ALIGN (0x4)
                0x00000000080064cc                _etext = .

.vfp11_veneer   0x00000000080064cc        0x0
 .vfp11_veneer  0x00000000080064cc        0x0 linker stubs

.v4_bx          0x00000000080064cc        0x0
 .v4_bx         0x00000000080064cc        0x0 linker stubs

.iplt           0x00000000080064cc        0x0
 .iplt          0x00000000080064cc        0x0 /usr/lib/gcc/arm-none-eabi/12.2.0/thumb/v7e-m+dp/hard/crtbegin.o

.rodata         0x00000000080064cc       0x38
                0x00000000080064cc                . = ALIGN (0x4)
 *(.rodata)
 *(.rodata*)
 .rodata.D1CorePrescTable
                0x00000000080064cc       0x10 build/system_stm32h7xx.o
                0x00000000080064cc                D1CorePrescTable
 .rodata.UARTPrescTable
                0x00000000080064dc       0x18 build/stm32h7xx_hal_uart.o
                0x00000000080064dc                UARTPrescTable
 .rodata.denominator.0
                0x00000000080064f4        0x8 build/stm32h7xx_hal_uart_ex.o
 .rodata.numerator.1
                0x00000000080064fc        0x8 build/stm32h7xx_hal_uart_ex.o
                0x0000000008006504                . = ALIGN (0x4)

.ARM.extab
 *(.ARM.extab* .gnu.linkonce.armextab.*)

.ARM            0x0000000008006504        0x8
                0x0000000008006504                __exidx_start = .
 *(.ARM.exidx*)
 .ARM.exidx.text.__udivmoddi4
                0x0000000008006504        0x8 /usr/lib/gcc/arm-none-eabi/12.2.0/thumb/v7e-m+dp/hard/libgcc.a(_udivmoddi4.o)
                0x000000000800650c                __exidx_end = .

.rel.dyn        0x000000000800650c        0x0
 .rel.iplt      0x000000000800650c        0x0 /usr/lib/gcc/arm-none-eabi/12.2.0/thumb/v7e-m+dp/hard/crtbegin.o

.preinit_array  0x000000000800650c        0x0
                0x000000000800650c                PROVIDE (__preinit_array_start = .)
 *(.preinit_array*)
                0x000000000800650c                PROVIDE (__preinit_array_end = .)

.init_array     0x000000000800650c        0x4
                0x000000000800650c                PROVIDE (__init_array_start = .)
 *(SORT_BY_NAME(.init_array.*))
 *(.init_array*)
 .init_array    0x000000000800650c        0x4 /usr/lib/gcc/arm-none-eabi/12.2.0/thumb/v7e-m+dp/hard/crtbegin.o
                0x0000000008006510                PROVIDE (__init_array_end = .)

.fini_array     0x0000000008006510        0x4
                0x0000000008006510                PROVIDE (__fini_array_start = .)
 *(SORT_BY_NAME(.fini_array.*))
 *(.fini_array*)
 .fini_array    0x0000000008006510        0x4 /usr/lib/gcc/arm-none-eabi/12.2.0/thumb/v7e-m+dp/hard/crtbegin.o
                0x0000000008006514                PROVIDE (__fini_array_end = .)
                0x0000000008006514                _sidata = LOADADDR (.data)

.data           0x0000000020000000       0x10 load address 0x0000000008006514
                0x0000000020000000                . = ALIGN (0x4)
                0x0000000020000000                _sdata = .
 *(.data)
 *(.data*)
 .data.SystemD2Clock
                0x0000000020000000        0x4 build/system_stm32h7xx.o
                0x0000000020000000                SystemD2Clock
 .data.SystemCoreClock
                0x0000000020000004        0x4 build/system_stm32h7xx.o
                0x0000000020000004                SystemCoreClock
 .data.uwTickFreq
                0x0000000020000008        0x1 build/stm32h7xx_hal.o
                0x0000000020000008                uwTickFreq
 *fill*         0x0000000020000009        0x3 
 .data.uwTickPrio
                0x000000002000000c        0x4 build/stm32h7xx_hal.o
                0x000000002000000c                uwTickPrio
                0x0000000020000010                . = ALIGN (0x4)
                0x0000000020000010                _edata = .

.igot.plt       0x0000000020000010        0x0 load address 0x0000000008006524
 .igot.plt      0x0000000020000010        0x0 /usr/lib/gcc/arm-none-eabi/12.2.0/thumb/v7e-m+dp/hard/crtbegin.o
                0x0000000020000010                . = ALIGN (0x4)

.bss            0x0000000020000010      0x3c4 load address 0x0000000008006524
                0x0000000020000010                _sbss = .
                0x0000000020000010                __bss_start__ = _sbss
 *(.bss)
 *(.bss*)
 .bss.completed.1
                0x0000000020000010        0x1 /usr/lib/gcc/arm-none-eabi/12.2.0/thumb/v7e-m+dp/hard/crtbegin.o
 *fill*         0x0000000020000011        0x3 
 .bss.object.0  0x0000000020000014       0x18 /usr/lib/gcc/arm-none-eabi/12.2.0/thumb/v7e-m+dp/hard/crtbegin.o
 .bss.huart4    0x000000002000002c       0x90 build/main.o
                0x000000002000002c                huart4
 .bss.huart2    0x00000000200000bc       0x90 build/main.o
                0x00000000200000bc                huart2
 .bss.huart1    0x000000002000014c       0x90 build/main.o
                0x000000002000014c                huart1
 .bss.hspi2     0x00000000200001dc       0x88 build/main.o
                0x00000000200001dc                hspi2
 .bss.hi2c1     0x0000000020000264       0x4c build/main.o
                0x0000000020000264                hi2c1
 .bss.hadc2     0x00000000200002b0       0x64 build/main.o
                0x00000000200002b0                hadc2
 .bss.hadc1     0x0000000020000314       0x64 build/main.o
                0x0000000020000314                hadc1
 .bss.write_enabled
                0x0000000020000378        0x1 build/flash.o
 *fill*         0x0000000020000379        0x3 
 .bss.sensor_size_offsets_table
                0x000000002000037c       0x50 build/sensor.o
 .bss.HAL_RCC_ADC12_CLK_ENABLED
                0x00000000200003cc        0x4 build/stm32h7xx_hal_msp.o
 .bss.uwTick    0x00000000200003d0        0x4 build/stm32h7xx_hal.o
                0x00000000200003d0                uwTick
 *(COMMON)
                0x00000000200003d4                . = ALIGN (0x4)
                0x00000000200003d4                _ebss = .
                0x00000000200003d4                __bss_end__ = _ebss

._user_heap_stack
                0x00000000200003d4      0x604 load address 0x0000000008006524
                0x00000000200003d8                . = ALIGN (0x8)
 *fill*         0x00000000200003d4        0x4 
                0x00000000200003d8                PROVIDE (end = .)
                [!provide]                        PROVIDE (_end = .)
                0x00000000200005d8                . = (. + _Min_Heap_Size)
 *fill*         0x00000000200003d8      0x200 
                0x00000000200009d8                . = (. + _Min_Stack_Size)
 *fill*         0x00000000200005d8      0x400 
                0x00000000200009d8                . = ALIGN (0x8)

/DISCARD/
 libc.a(*)
 libm.a(*)
 libgcc.a(*)

.ARM.attributes
                0x0000000000000000       0x2e
 *(.ARM.attributes)
 .ARM.attributes
                0x0000000000000000       0x20 /usr/lib/gcc/arm-none-eabi/12.2.0/thumb/v7e-m+dp/hard/crti.o
 .ARM.attributes
                0x0000000000000020       0x32 /usr/lib/gcc/arm-none-eabi/12.2.0/thumb/v7e-m+dp/hard/crtbegin.o
 .ARM.attributes
                0x0000000000000052       0x32 build/main.o
 .ARM.attributes
                0x0000000000000084       0x32 build/init.o
 .ARM.attributes
                0x00000000000000b6       0x32 build/sdr_error.o
 .ARM.attributes
                0x00000000000000e8       0x32 build/led.o
 .ARM.attributes
                0x000000000000011a       0x32 build/flash.o
 .ARM.attributes
                0x000000000000014c       0x32 build/sensor.o
 .ARM.attributes
                0x000000000000017e       0x32 build/temp.o
 .ARM.attributes
                0x00000000000001b0       0x32 build/stm32h7xx_it.o
 .ARM.attributes
                0x00000000000001e2       0x32 build/stm32h7xx_hal_msp.o
 .ARM.attributes
                0x0000000000000214       0x32 build/system_stm32h7xx.o
 .ARM.attributes
                0x0000000000000246       0x32 build/stm32h7xx_hal_adc.o
 .ARM.attributes
                0x0000000000000278       0x32 build/stm32h7xx_hal_adc_ex.o
 .ARM.attributes
                0x00000000000002aa       0x32 build/stm32h7xx_hal_cortex.o
 .ARM.attributes
                0x00000000000002dc       0x32 build/stm32h7xx_hal_spi.o
 .ARM.attributes
                0x000000000000030e       0x32 build/stm32h7xx_hal_rcc.o
 .ARM.attributes
                0x0000000000000340       0x32 build/stm32h7xx_hal_rcc_ex.o
 .ARM.attributes
                0x0000000000000372       0x32 build/stm32h7xx_hal_gpio.o
 .ARM.attributes
                0x00000000000003a4       0x32 build/stm32h7xx_hal_pwr_ex.o
 .ARM.attributes
                0x00000000000003d6       0x32 build/stm32h7xx_hal.o
 .ARM.attributes
                0x0000000000000408       0x32 build/stm32h7xx_hal_i2c.o
 .ARM.attributes
                0x000000000000043a       0x32 build/stm32h7xx_hal_i2c_ex.o
 .ARM.attributes
                0x000000000000046c       0x32 build/stm32h7xx_hal_uart.o
 .ARM.attributes
                0x000000000000049e       0x32 build/stm32h7xx_hal_uart_ex.o
 .ARM.attributes
                0x00000000000004d0       0x21 build/startup_stm32h750xx.o
 .ARM.attributes
                0x00000000000004f1       0x32 /usr/lib/gcc/arm-none-eabi/12.2.0/../../../../arm-none-eabi/lib/thumb/v7e-m+dp/hard/libc_nano.a(libc_a-memset.o)
 .ARM.attributes
                0x0000000000000523       0x32 /usr/lib/gcc/arm-none-eabi/12.2.0/../../../../arm-none-eabi/lib/thumb/v7e-m+dp/hard/libc_nano.a(libc_a-init.o)
 .ARM.attributes
                0x0000000000000555       0x20 /usr/lib/gcc/arm-none-eabi/12.2.0/thumb/v7e-m+dp/hard/libgcc.a(_aeabi_uldivmod.o)
 .ARM.attributes
                0x0000000000000575       0x32 /usr/lib/gcc/arm-none-eabi/12.2.0/thumb/v7e-m+dp/hard/libgcc.a(_udivmoddi4.o)
 .ARM.attributes
                0x00000000000005a7       0x20 /usr/lib/gcc/arm-none-eabi/12.2.0/thumb/v7e-m+dp/hard/libgcc.a(_dvmd_tls.o)
 .ARM.attributes
                0x00000000000005c7       0x20 /usr/lib/gcc/arm-none-eabi/12.2.0/thumb/v7e-m+dp/hard/crtn.o
OUTPUT(build/hotfire.elf elf32-littlearm)
LOAD linker stubs
LOAD /usr/lib/gcc/arm-none-eabi/12.2.0/../../../../arm-none-eabi/lib/thumb/v7e-m+dp/hard/libc.a
LOAD /usr/lib/gcc/arm-none-eabi/12.2.0/../../../../arm-none-eabi/lib/thumb/v7e-m+dp/hard/libm.a
LOAD /usr/lib/gcc/arm-none-eabi/12.2.0/thumb/v7e-m+dp/hard/libgcc.a

.debug_info     0x0000000000000000    0x2a2f1
 .debug_info    0x0000000000000000     0x1c47 build/main.o
 .debug_info    0x0000000000001c47     0x2fb2 build/init.o
 .debug_info    0x0000000000004bf9      0x197 build/sdr_error.o
 .debug_info    0x0000000000004d90      0x444 build/led.o
 .debug_info    0x00000000000051d4     0x1d33 build/flash.o
 .debug_info    0x0000000000006f07      0xae1 build/sensor.o
 .debug_info    0x00000000000079e8      0xed8 build/temp.o
 .debug_info    0x00000000000088c0      0x22c build/stm32h7xx_it.o
 .debug_info    0x0000000000008aec     0x24eb build/stm32h7xx_hal_msp.o
 .debug_info    0x000000000000afd7      0xeb5 build/system_stm32h7xx.o
 .debug_info    0x000000000000be8c     0x3519 build/stm32h7xx_hal_adc.o
 .debug_info    0x000000000000f3a5     0x36a1 build/stm32h7xx_hal_adc_ex.o
 .debug_info    0x0000000000012a46     0x14ed build/stm32h7xx_hal_cortex.o
 .debug_info    0x0000000000013f33     0x1e0d build/stm32h7xx_hal_spi.o
 .debug_info    0x0000000000015d40     0x13ef build/stm32h7xx_hal_rcc.o
 .debug_info    0x000000000001712f     0x1c06 build/stm32h7xx_hal_rcc_ex.o
 .debug_info    0x0000000000018d35      0xee1 build/stm32h7xx_hal_gpio.o
 .debug_info    0x0000000000019c16     0x13f1 build/stm32h7xx_hal_pwr_ex.o
 .debug_info    0x000000000001b007     0x1910 build/stm32h7xx_hal.o
 .debug_info    0x000000000001c917     0x447b build/stm32h7xx_hal_i2c.o
 .debug_info    0x0000000000020d92      0xfdc build/stm32h7xx_hal_i2c_ex.o
 .debug_info    0x0000000000021d6e     0x6865 build/stm32h7xx_hal_uart.o
 .debug_info    0x00000000000285d3     0x13a9 build/stm32h7xx_hal_uart_ex.o
 .debug_info    0x000000000002997c       0x30 build/startup_stm32h750xx.o
 .debug_info    0x00000000000299ac       0xe0 /usr/lib/gcc/arm-none-eabi/12.2.0/../../../../arm-none-eabi/lib/thumb/v7e-m+dp/hard/libc_nano.a(libc_a-memset.o)
 .debug_info    0x0000000000029a8c      0x10b /usr/lib/gcc/arm-none-eabi/12.2.0/../../../../arm-none-eabi/lib/thumb/v7e-m+dp/hard/libc_nano.a(libc_a-init.o)
 .debug_info    0x0000000000029b97       0x24 /usr/lib/gcc/arm-none-eabi/12.2.0/thumb/v7e-m+dp/hard/libgcc.a(_aeabi_uldivmod.o)
 .debug_info    0x0000000000029bbb      0x6fd /usr/lib/gcc/arm-none-eabi/12.2.0/thumb/v7e-m+dp/hard/libgcc.a(_udivmoddi4.o)
 .debug_info    0x000000000002a2b8       0x39 /usr/lib/gcc/arm-none-eabi/12.2.0/thumb/v7e-m+dp/hard/libgcc.a(_dvmd_tls.o)

.debug_abbrev   0x0000000000000000     0x3cc7
 .debug_abbrev  0x0000000000000000      0x228 build/main.o
 .debug_abbrev  0x0000000000000228      0x25e build/init.o
 .debug_abbrev  0x0000000000000486       0xd5 build/sdr_error.o
 .debug_abbrev  0x000000000000055b      0x163 build/led.o
 .debug_abbrev  0x00000000000006be      0x35a build/flash.o
 .debug_abbrev  0x0000000000000a18      0x240 build/sensor.o
 .debug_abbrev  0x0000000000000c58      0x24a build/temp.o
 .debug_abbrev  0x0000000000000ea2       0xb4 build/stm32h7xx_it.o
 .debug_abbrev  0x0000000000000f56      0x265 build/stm32h7xx_hal_msp.o
 .debug_abbrev  0x00000000000011bb      0x12a build/system_stm32h7xx.o
 .debug_abbrev  0x00000000000012e5      0x353 build/stm32h7xx_hal_adc.o
 .debug_abbrev  0x0000000000001638      0x41e build/stm32h7xx_hal_adc_ex.o
 .debug_abbrev  0x0000000000001a56      0x3e6 build/stm32h7xx_hal_cortex.o
 .debug_abbrev  0x0000000000001e3c      0x302 build/stm32h7xx_hal_spi.o
 .debug_abbrev  0x000000000000213e      0x29b build/stm32h7xx_hal_rcc.o
 .debug_abbrev  0x00000000000023d9      0x285 build/stm32h7xx_hal_rcc_ex.o
 .debug_abbrev  0x000000000000265e      0x253 build/stm32h7xx_hal_gpio.o
 .debug_abbrev  0x00000000000028b1      0x2ca build/stm32h7xx_hal_pwr_ex.o
 .debug_abbrev  0x0000000000002b7b      0x2b1 build/stm32h7xx_hal.o
 .debug_abbrev  0x0000000000002e2c      0x2dd build/stm32h7xx_hal_i2c.o
 .debug_abbrev  0x0000000000003109      0x1c4 build/stm32h7xx_hal_i2c_ex.o
 .debug_abbrev  0x00000000000032cd      0x391 build/stm32h7xx_hal_uart.o
 .debug_abbrev  0x000000000000365e      0x348 build/stm32h7xx_hal_uart_ex.o
 .debug_abbrev  0x00000000000039a6       0x1d build/startup_stm32h750xx.o
 .debug_abbrev  0x00000000000039c3       0x9e /usr/lib/gcc/arm-none-eabi/12.2.0/../../../../arm-none-eabi/lib/thumb/v7e-m+dp/hard/libc_nano.a(libc_a-memset.o)
 .debug_abbrev  0x0000000000003a61       0xc9 /usr/lib/gcc/arm-none-eabi/12.2.0/../../../../arm-none-eabi/lib/thumb/v7e-m+dp/hard/libc_nano.a(libc_a-init.o)
 .debug_abbrev  0x0000000000003b2a       0x14 /usr/lib/gcc/arm-none-eabi/12.2.0/thumb/v7e-m+dp/hard/libgcc.a(_aeabi_uldivmod.o)
 .debug_abbrev  0x0000000000003b3e      0x16a /usr/lib/gcc/arm-none-eabi/12.2.0/thumb/v7e-m+dp/hard/libgcc.a(_udivmoddi4.o)
 .debug_abbrev  0x0000000000003ca8       0x1f /usr/lib/gcc/arm-none-eabi/12.2.0/thumb/v7e-m+dp/hard/libgcc.a(_dvmd_tls.o)

.debug_loc      0x0000000000000000    0x19ffc
 .debug_loc     0x0000000000000000       0x9a build/main.o
 .debug_loc     0x000000000000009a      0x1ed build/init.o
 .debug_loc     0x0000000000000287       0x4f build/sdr_error.o
 .debug_loc     0x00000000000002d6       0xa5 build/led.o
 .debug_loc     0x000000000000037b      0xca4 build/flash.o
 .debug_loc     0x000000000000101f      0x5a5 build/sensor.o
 .debug_loc     0x00000000000015c4      0x584 build/temp.o
 .debug_loc     0x0000000000001b48       0xc0 build/stm32h7xx_it.o
 .debug_loc     0x0000000000001c08      0x3d0 build/stm32h7xx_hal_msp.o
 .debug_loc     0x0000000000001fd8      0x1f2 build/system_stm32h7xx.o
 .debug_loc     0x00000000000021ca     0x2828 build/stm32h7xx_hal_adc.o
 .debug_loc     0x00000000000049f2     0x2d6d build/stm32h7xx_hal_adc_ex.o
 .debug_loc     0x000000000000775f      0x7b9 build/stm32h7xx_hal_cortex.o
 .debug_loc     0x0000000000007f18     0x224c build/stm32h7xx_hal_spi.o
 .debug_loc     0x000000000000a164      0xab5 build/stm32h7xx_hal_rcc.o
 .debug_loc     0x000000000000ac19     0x1c6e build/stm32h7xx_hal_rcc_ex.o
 .debug_loc     0x000000000000c887      0x482 build/stm32h7xx_hal_gpio.o
 .debug_loc     0x000000000000cd09      0x65b build/stm32h7xx_hal_pwr_ex.o
 .debug_loc     0x000000000000d364      0x533 build/stm32h7xx_hal.o
 .debug_loc     0x000000000000d897     0x5325 build/stm32h7xx_hal_i2c.o
 .debug_loc     0x0000000000012bbc      0x237 build/stm32h7xx_hal_i2c_ex.o
 .debug_loc     0x0000000000012df3     0x6410 build/stm32h7xx_hal_uart.o
 .debug_loc     0x0000000000019203      0xdf9 build/stm32h7xx_hal_uart_ex.o

.debug_aranges  0x0000000000000000     0x1308
 .debug_aranges
                0x0000000000000000       0x20 build/main.o
 .debug_aranges
                0x0000000000000020       0x68 build/init.o
 .debug_aranges
                0x0000000000000088       0x20 build/sdr_error.o
 .debug_aranges
                0x00000000000000a8       0x38 build/led.o
 .debug_aranges
                0x00000000000000e0       0x90 build/flash.o
 .debug_aranges
                0x0000000000000170       0x48 build/sensor.o
 .debug_aranges
                0x00000000000001b8       0x50 build/temp.o
 .debug_aranges
                0x0000000000000208       0x60 build/stm32h7xx_it.o
 .debug_aranges
                0x0000000000000268       0x60 build/stm32h7xx_hal_msp.o
 .debug_aranges
                0x00000000000002c8       0x28 build/system_stm32h7xx.o
 .debug_aranges
                0x00000000000002f0      0x118 build/stm32h7xx_hal_adc.o
 .debug_aranges
                0x0000000000000408      0x128 build/stm32h7xx_hal_adc_ex.o
 .debug_aranges
                0x0000000000000530       0xe8 build/stm32h7xx_hal_cortex.o
 .debug_aranges
                0x0000000000000618      0x1a0 build/stm32h7xx_hal_spi.o
 .debug_aranges
                0x00000000000007b8       0x88 build/stm32h7xx_hal_rcc.o
 .debug_aranges
                0x0000000000000840       0xf8 build/stm32h7xx_hal_rcc_ex.o
 .debug_aranges
                0x0000000000000938       0x58 build/stm32h7xx_hal_gpio.o
 .debug_aranges
                0x0000000000000990      0x158 build/stm32h7xx_hal_pwr_ex.o
 .debug_aranges
                0x0000000000000ae8      0x198 build/stm32h7xx_hal.o
 .debug_aranges
                0x0000000000000c80      0x290 build/stm32h7xx_hal_i2c.o
 .debug_aranges
                0x0000000000000f10       0x48 build/stm32h7xx_hal_i2c_ex.o
 .debug_aranges
                0x0000000000000f58      0x248 build/stm32h7xx_hal_uart.o
 .debug_aranges
                0x00000000000011a0       0xa0 build/stm32h7xx_hal_uart_ex.o
 .debug_aranges
                0x0000000000001240       0x28 build/startup_stm32h750xx.o
 .debug_aranges
                0x0000000000001268       0x20 /usr/lib/gcc/arm-none-eabi/12.2.0/../../../../arm-none-eabi/lib/thumb/v7e-m+dp/hard/libc_nano.a(libc_a-memset.o)
 .debug_aranges
                0x0000000000001288       0x20 /usr/lib/gcc/arm-none-eabi/12.2.0/../../../../arm-none-eabi/lib/thumb/v7e-m+dp/hard/libc_nano.a(libc_a-init.o)
 .debug_aranges
                0x00000000000012a8       0x20 /usr/lib/gcc/arm-none-eabi/12.2.0/thumb/v7e-m+dp/hard/libgcc.a(_aeabi_uldivmod.o)
 .debug_aranges
                0x00000000000012c8       0x20 /usr/lib/gcc/arm-none-eabi/12.2.0/thumb/v7e-m+dp/hard/libgcc.a(_udivmoddi4.o)
 .debug_aranges
                0x00000000000012e8       0x20 /usr/lib/gcc/arm-none-eabi/12.2.0/thumb/v7e-m+dp/hard/libgcc.a(_dvmd_tls.o)

.debug_ranges   0x0000000000000000     0x1578
 .debug_ranges  0x0000000000000000       0x10 build/main.o
 .debug_ranges  0x0000000000000010       0x58 build/init.o
 .debug_ranges  0x0000000000000068       0x10 build/sdr_error.o
 .debug_ranges  0x0000000000000078       0x28 build/led.o
 .debug_ranges  0x00000000000000a0       0xb8 build/flash.o
 .debug_ranges  0x0000000000000158       0x50 build/sensor.o
 .debug_ranges  0x00000000000001a8       0x40 build/temp.o
 .debug_ranges  0x00000000000001e8       0x50 build/stm32h7xx_it.o
 .debug_ranges  0x0000000000000238       0x50 build/stm32h7xx_hal_msp.o
 .debug_ranges  0x0000000000000288       0x18 build/system_stm32h7xx.o
 .debug_ranges  0x00000000000002a0      0x338 build/stm32h7xx_hal_adc.o
 .debug_ranges  0x00000000000005d8      0x250 build/stm32h7xx_hal_adc_ex.o
 .debug_ranges  0x0000000000000828       0xd8 build/stm32h7xx_hal_cortex.o
 .debug_ranges  0x0000000000000900      0x190 build/stm32h7xx_hal_spi.o
 .debug_ranges  0x0000000000000a90       0xe8 build/stm32h7xx_hal_rcc.o
 .debug_ranges  0x0000000000000b78       0xe8 build/stm32h7xx_hal_rcc_ex.o
 .debug_ranges  0x0000000000000c60       0x48 build/stm32h7xx_hal_gpio.o
 .debug_ranges  0x0000000000000ca8      0x1a8 build/stm32h7xx_hal_pwr_ex.o
 .debug_ranges  0x0000000000000e50      0x188 build/stm32h7xx_hal.o
 .debug_ranges  0x0000000000000fd8      0x280 build/stm32h7xx_hal_i2c.o
 .debug_ranges  0x0000000000001258       0x38 build/stm32h7xx_hal_i2c_ex.o
 .debug_ranges  0x0000000000001290      0x238 build/stm32h7xx_hal_uart.o
 .debug_ranges  0x00000000000014c8       0x90 build/stm32h7xx_hal_uart_ex.o
 .debug_ranges  0x0000000000001558       0x20 build/startup_stm32h750xx.o

.debug_line     0x0000000000000000    0x1c2b9
 .debug_line    0x0000000000000000      0x33e build/main.o
 .debug_line    0x000000000000033e      0xab8 build/init.o
 .debug_line    0x0000000000000df6       0xcb build/sdr_error.o
 .debug_line    0x0000000000000ec1      0x1b3 build/led.o
 .debug_line    0x0000000000001074      0xa92 build/flash.o
 .debug_line    0x0000000000001b06      0x547 build/sensor.o
 .debug_line    0x000000000000204d      0x42d build/temp.o
 .debug_line    0x000000000000247a      0x193 build/stm32h7xx_it.o
 .debug_line    0x000000000000260d      0x6cf build/stm32h7xx_hal_msp.o
 .debug_line    0x0000000000002cdc      0x3e2 build/system_stm32h7xx.o
 .debug_line    0x00000000000030be     0x27f8 build/stm32h7xx_hal_adc.o
 .debug_line    0x00000000000058b6     0x24fa build/stm32h7xx_hal_adc_ex.o
 .debug_line    0x0000000000007db0      0x7ff build/stm32h7xx_hal_cortex.o
 .debug_line    0x00000000000085af     0x27ec build/stm32h7xx_hal_spi.o
 .debug_line    0x000000000000ad9b     0x119d build/stm32h7xx_hal_rcc.o
 .debug_line    0x000000000000bf38     0x1d26 build/stm32h7xx_hal_rcc_ex.o
 .debug_line    0x000000000000dc5e      0x68d build/stm32h7xx_hal_gpio.o
 .debug_line    0x000000000000e2eb      0xa43 build/stm32h7xx_hal_pwr_ex.o
 .debug_line    0x000000000000ed2e      0x88e build/stm32h7xx_hal.o
 .debug_line    0x000000000000f5bc     0x4d36 build/stm32h7xx_hal_i2c.o
 .debug_line    0x00000000000142f2      0x4b3 build/stm32h7xx_hal_i2c_ex.o
 .debug_line    0x00000000000147a5     0x65a6 build/stm32h7xx_hal_uart.o
 .debug_line    0x000000000001ad4b      0xca7 build/stm32h7xx_hal_uart_ex.o
 .debug_line    0x000000000001b9f2       0x76 build/startup_stm32h750xx.o
 .debug_line    0x000000000001ba68      0x123 /usr/lib/gcc/arm-none-eabi/12.2.0/../../../../arm-none-eabi/lib/thumb/v7e-m+dp/hard/libc_nano.a(libc_a-memset.o)
 .debug_line    0x000000000001bb8b      0x135 /usr/lib/gcc/arm-none-eabi/12.2.0/../../../../arm-none-eabi/lib/thumb/v7e-m+dp/hard/libc_nano.a(libc_a-init.o)
 .debug_line    0x000000000001bcc0       0x4e /usr/lib/gcc/arm-none-eabi/12.2.0/thumb/v7e-m+dp/hard/libgcc.a(_aeabi_uldivmod.o)
 .debug_line    0x000000000001bd0e      0x561 /usr/lib/gcc/arm-none-eabi/12.2.0/thumb/v7e-m+dp/hard/libgcc.a(_udivmoddi4.o)
 .debug_line    0x000000000001c26f       0x4a /usr/lib/gcc/arm-none-eabi/12.2.0/thumb/v7e-m+dp/hard/libgcc.a(_dvmd_tls.o)

.debug_str      0x0000000000000000     0x8490
 .debug_str     0x0000000000000000     0x1796 build/main.o
                                       0x195a (size before relaxing)
 .debug_str     0x0000000000001796      0x99f build/init.o
                                       0x1a18 (size before relaxing)
 .debug_str     0x0000000000002135       0x45 build/sdr_error.o
                                        0x437 (size before relaxing)
 .debug_str     0x000000000000217a       0x38 build/led.o
                                        0x2c7 (size before relaxing)
 .debug_str     0x00000000000021b2      0x3eb build/flash.o
                                        0xf82 (size before relaxing)
 .debug_str     0x000000000000259d      0x543 build/sensor.o
                                        0x7f2 (size before relaxing)
 .debug_str     0x0000000000002ae0      0x119 build/temp.o
                                        0xce1 (size before relaxing)
 .debug_str     0x0000000000002bf9       0xc1 build/stm32h7xx_it.o
                                        0x24f (size before relaxing)
 .debug_str     0x0000000000002cba       0xff build/stm32h7xx_hal_msp.o
                                       0x15e3 (size before relaxing)
 .debug_str     0x0000000000002db9      0x344 build/system_stm32h7xx.o
                                        0x731 (size before relaxing)
 .debug_str     0x00000000000030fd      0x9f5 build/stm32h7xx_hal_adc.o
                                       0x134c (size before relaxing)
 .debug_str     0x0000000000003af2      0x720 build/stm32h7xx_hal_adc_ex.o
                                       0x1461 (size before relaxing)
 .debug_str     0x0000000000004212      0xcc5 build/stm32h7xx_hal_cortex.o
                                       0x1056 (size before relaxing)
 .debug_str     0x0000000000004ed7      0x50e build/stm32h7xx_hal_spi.o
                                        0xdb0 (size before relaxing)
 .debug_str     0x00000000000053e5      0x1b5 build/stm32h7xx_hal_rcc.o
                                        0xa19 (size before relaxing)
 .debug_str     0x000000000000559a      0x65a build/stm32h7xx_hal_rcc_ex.o
                                        0xefb (size before relaxing)
 .debug_str     0x0000000000005bf4       0xf3 build/stm32h7xx_hal_gpio.o
                                        0x6d3 (size before relaxing)
 .debug_str     0x0000000000005ce7      0x53d build/stm32h7xx_hal_pwr_ex.o
                                        0xa48 (size before relaxing)
 .debug_str     0x0000000000006224      0x5ce build/stm32h7xx_hal.o
                                       0x14c8 (size before relaxing)
 .debug_str     0x00000000000067f2      0x872 build/stm32h7xx_hal_i2c.o
                                       0x1149 (size before relaxing)
 .debug_str     0x0000000000007064       0xbf build/stm32h7xx_hal_i2c_ex.o
                                        0xb3e (size before relaxing)
 .debug_str     0x0000000000007123      0x8aa build/stm32h7xx_hal_uart.o
                                       0x148a (size before relaxing)
 .debug_str     0x00000000000079cd      0x236 build/stm32h7xx_hal_uart_ex.o
                                        0xb64 (size before relaxing)
 .debug_str     0x0000000000007c03       0x30 build/startup_stm32h750xx.o
                                         0x7c (size before relaxing)
 .debug_str     0x0000000000007c33      0x11f /usr/lib/gcc/arm-none-eabi/12.2.0/../../../../arm-none-eabi/lib/thumb/v7e-m+dp/hard/libc_nano.a(libc_a-memset.o)
                                        0x1c2 (size before relaxing)
 .debug_str     0x0000000000007d52       0xa0 /usr/lib/gcc/arm-none-eabi/12.2.0/../../../../arm-none-eabi/lib/thumb/v7e-m+dp/hard/libc_nano.a(libc_a-init.o)
                                        0x223 (size before relaxing)
 .debug_str     0x0000000000007df2       0x92 /usr/lib/gcc/arm-none-eabi/12.2.0/thumb/v7e-m+dp/hard/libgcc.a(_aeabi_uldivmod.o)
                                         0x9e (size before relaxing)
 .debug_str     0x0000000000007e84      0x5aa /usr/lib/gcc/arm-none-eabi/12.2.0/thumb/v7e-m+dp/hard/libgcc.a(_udivmoddi4.o)
                                        0x6aa (size before relaxing)
 .debug_str     0x000000000000842e       0x62 /usr/lib/gcc/arm-none-eabi/12.2.0/thumb/v7e-m+dp/hard/libgcc.a(_dvmd_tls.o)
                                         0xbe (size before relaxing)

.comment        0x0000000000000000       0x1e
 .comment       0x0000000000000000       0x1e build/main.o
                                         0x1f (size before relaxing)
 .comment       0x000000000000001e       0x1f build/init.o
 .comment       0x000000000000001e       0x1f build/sdr_error.o
 .comment       0x000000000000001e       0x1f build/led.o
 .comment       0x000000000000001e       0x1f build/flash.o
 .comment       0x000000000000001e       0x1f build/sensor.o
 .comment       0x000000000000001e       0x1f build/temp.o
 .comment       0x000000000000001e       0x1f build/stm32h7xx_it.o
 .comment       0x000000000000001e       0x1f build/stm32h7xx_hal_msp.o
 .comment       0x000000000000001e       0x1f build/system_stm32h7xx.o
 .comment       0x000000000000001e       0x1f build/stm32h7xx_hal_adc.o
 .comment       0x000000000000001e       0x1f build/stm32h7xx_hal_adc_ex.o
 .comment       0x000000000000001e       0x1f build/stm32h7xx_hal_cortex.o
 .comment       0x000000000000001e       0x1f build/stm32h7xx_hal_spi.o
 .comment       0x000000000000001e       0x1f build/stm32h7xx_hal_rcc.o
 .comment       0x000000000000001e       0x1f build/stm32h7xx_hal_rcc_ex.o
 .comment       0x000000000000001e       0x1f build/stm32h7xx_hal_gpio.o
 .comment       0x000000000000001e       0x1f build/stm32h7xx_hal_pwr_ex.o
 .comment       0x000000000000001e       0x1f build/stm32h7xx_hal.o
 .comment       0x000000000000001e       0x1f build/stm32h7xx_hal_i2c.o
 .comment       0x000000000000001e       0x1f build/stm32h7xx_hal_i2c_ex.o
 .comment       0x000000000000001e       0x1f build/stm32h7xx_hal_uart.o
 .comment       0x000000000000001e       0x1f build/stm32h7xx_hal_uart_ex.o
 .comment       0x000000000000001e       0x1f /usr/lib/gcc/arm-none-eabi/12.2.0/../../../../arm-none-eabi/lib/thumb/v7e-m+dp/hard/libc_nano.a(libc_a-memset.o)
 .comment       0x000000000000001e       0x1f /usr/lib/gcc/arm-none-eabi/12.2.0/../../../../arm-none-eabi/lib/thumb/v7e-m+dp/hard/libc_nano.a(libc_a-init.o)
 .comment       0x000000000000001e       0x1f /usr/lib/gcc/arm-none-eabi/12.2.0/thumb/v7e-m+dp/hard/libgcc.a(_udivmoddi4.o)

.debug_frame    0x0000000000000000     0x3314
 .debug_frame   0x0000000000000000       0x28 build/main.o
 .debug_frame   0x0000000000000028      0x130 build/init.o
 .debug_frame   0x0000000000000158       0x28 build/sdr_error.o
 .debug_frame   0x0000000000000180       0x70 build/led.o
 .debug_frame   0x00000000000001f0      0x20c build/flash.o
 .debug_frame   0x00000000000003fc       0xcc build/sensor.o
 .debug_frame   0x00000000000004c8       0xe8 build/temp.o
 .debug_frame   0x00000000000005b0       0xd0 build/stm32h7xx_it.o
 .debug_frame   0x0000000000000680      0x114 build/stm32h7xx_hal_msp.o
 .debug_frame   0x0000000000000794       0x3c build/system_stm32h7xx.o
 .debug_frame   0x00000000000007d0      0x338 build/stm32h7xx_hal_adc.o
 .debug_frame   0x0000000000000b08      0x378 build/stm32h7xx_hal_adc_ex.o
 .debug_frame   0x0000000000000e80      0x1f4 build/stm32h7xx_hal_cortex.o
 .debug_frame   0x0000000000001074      0x4b4 build/stm32h7xx_hal_spi.o
 .debug_frame   0x0000000000001528      0x18c build/stm32h7xx_hal_rcc.o
 .debug_frame   0x00000000000016b4      0x284 build/stm32h7xx_hal_rcc_ex.o
 .debug_frame   0x0000000000001938       0xd4 build/stm32h7xx_hal_gpio.o
 .debug_frame   0x0000000000001a0c      0x2f4 build/stm32h7xx_hal_pwr_ex.o
 .debug_frame   0x0000000000001d00      0x360 build/stm32h7xx_hal.o
 .debug_frame   0x0000000000002060      0x938 build/stm32h7xx_hal_i2c.o
 .debug_frame   0x0000000000002998       0x80 build/stm32h7xx_hal_i2c_ex.o
 .debug_frame   0x0000000000002a18      0x688 build/stm32h7xx_hal_uart.o
 .debug_frame   0x00000000000030a0      0x1c8 build/stm32h7xx_hal_uart_ex.o
 .debug_frame   0x0000000000003268       0x20 /usr/lib/gcc/arm-none-eabi/12.2.0/../../../../arm-none-eabi/lib/thumb/v7e-m+dp/hard/libc_nano.a(libc_a-memset.o)
 .debug_frame   0x0000000000003288       0x2c /usr/lib/gcc/arm-none-eabi/12.2.0/../../../../arm-none-eabi/lib/thumb/v7e-m+dp/hard/libc_nano.a(libc_a-init.o)
 .debug_frame   0x00000000000032b4       0x2c /usr/lib/gcc/arm-none-eabi/12.2.0/thumb/v7e-m+dp/hard/libgcc.a(_aeabi_uldivmod.o)
 .debug_frame   0x00000000000032e0       0x34 /usr/lib/gcc/arm-none-eabi/12.2.0/thumb/v7e-m+dp/hard/libgcc.a(_udivmoddi4.o)

.debug_loclists
                0x0000000000000000      0x7f3
 .debug_loclists
                0x0000000000000000       0x47 /usr/lib/gcc/arm-none-eabi/12.2.0/../../../../arm-none-eabi/lib/thumb/v7e-m+dp/hard/libc_nano.a(libc_a-memset.o)
 .debug_loclists
                0x0000000000000047       0x44 /usr/lib/gcc/arm-none-eabi/12.2.0/../../../../arm-none-eabi/lib/thumb/v7e-m+dp/hard/libc_nano.a(libc_a-init.o)
 .debug_loclists
                0x000000000000008b      0x768 /usr/lib/gcc/arm-none-eabi/12.2.0/thumb/v7e-m+dp/hard/libgcc.a(_udivmoddi4.o)

.debug_rnglists
                0x0000000000000000       0x93
 .debug_rnglists
                0x0000000000000000       0x13 /usr/lib/gcc/arm-none-eabi/12.2.0/../../../../arm-none-eabi/lib/thumb/v7e-m+dp/hard/libc_nano.a(libc_a-memset.o)
 .debug_rnglists
                0x0000000000000013       0x13 /usr/lib/gcc/arm-none-eabi/12.2.0/../../../../arm-none-eabi/lib/thumb/v7e-m+dp/hard/libc_nano.a(libc_a-init.o)
 .debug_rnglists
                0x0000000000000026       0x6d /usr/lib/gcc/arm-none-eabi/12.2.0/thumb/v7e-m+dp/hard/libgcc.a(_udivmoddi4.o)

.debug_line_str
                0x0000000000000000       0x9e
 .debug_line_str
                0x0000000000000000       0x92 /usr/lib/gcc/arm-none-eabi/12.2.0/thumb/v7e-m+dp/hard/libgcc.a(_aeabi_uldivmod.o)
 .debug_line_str
                0x0000000000000092        0xc /usr/lib/gcc/arm-none-eabi/12.2.0/thumb/v7e-m+dp/hard/libgcc.a(_dvmd_tls.o)
                                         0x96 (size before relaxing)

Cross Reference Table

Symbol                                            File
ADC3_IRQHandler                                   build/startup_stm32h750xx.o
ADC_ConfigureBoostMode                            build/stm32h7xx_hal_adc.o
ADC_ConversionStop                                build/stm32h7xx_hal_adc.o
                                                  build/stm32h7xx_hal_adc_ex.o
ADC_DMAConvCplt                                   build/stm32h7xx_hal_adc.o
                                                  build/stm32h7xx_hal_adc_ex.o
ADC_DMAError                                      build/stm32h7xx_hal_adc.o
                                                  build/stm32h7xx_hal_adc_ex.o
ADC_DMAHalfConvCplt                               build/stm32h7xx_hal_adc.o
                                                  build/stm32h7xx_hal_adc_ex.o
ADC_Disable                                       build/stm32h7xx_hal_adc.o
                                                  build/stm32h7xx_hal_adc_ex.o
ADC_Enable                                        build/stm32h7xx_hal_adc.o
                                                  build/stm32h7xx_hal_adc_ex.o
ADC_IRQHandler                                    build/startup_stm32h750xx.o
BDMA_Channel0_IRQHandler                          build/startup_stm32h750xx.o
BDMA_Channel1_IRQHandler                          build/startup_stm32h750xx.o
BDMA_Channel2_IRQHandler                          build/startup_stm32h750xx.o
BDMA_Channel3_IRQHandler                          build/startup_stm32h750xx.o
BDMA_Channel4_IRQHandler                          build/startup_stm32h750xx.o
BDMA_Channel5_IRQHandler                          build/startup_stm32h750xx.o
BDMA_Channel6_IRQHandler                          build/startup_stm32h750xx.o
BDMA_Channel7_IRQHandler                          build/startup_stm32h750xx.o
BusFault_Handler                                  build/stm32h7xx_it.o
CEC_IRQHandler                                    build/startup_stm32h750xx.o
COMP1_IRQHandler                                  build/startup_stm32h750xx.o
CRS_IRQHandler                                    build/startup_stm32h750xx.o
CRYP_IRQHandler                                   build/startup_stm32h750xx.o
D1CorePrescTable                                  build/system_stm32h7xx.o
                                                  build/stm32h7xx_hal.o
                                                  build/stm32h7xx_hal_rcc_ex.o
                                                  build/stm32h7xx_hal_rcc.o
DCMI_IRQHandler                                   build/startup_stm32h750xx.o
DFSDM1_FLT0_IRQHandler                            build/startup_stm32h750xx.o
DFSDM1_FLT1_IRQHandler                            build/startup_stm32h750xx.o
DFSDM1_FLT2_IRQHandler                            build/startup_stm32h750xx.o
DFSDM1_FLT3_IRQHandler                            build/startup_stm32h750xx.o
DMA1_Stream0_IRQHandler                           build/startup_stm32h750xx.o
DMA1_Stream1_IRQHandler                           build/startup_stm32h750xx.o
DMA1_Stream2_IRQHandler                           build/startup_stm32h750xx.o
DMA1_Stream3_IRQHandler                           build/startup_stm32h750xx.o
DMA1_Stream4_IRQHandler                           build/startup_stm32h750xx.o
DMA1_Stream5_IRQHandler                           build/startup_stm32h750xx.o
DMA1_Stream6_IRQHandler                           build/startup_stm32h750xx.o
DMA1_Stream7_IRQHandler                           build/startup_stm32h750xx.o
DMA2D_IRQHandler                                  build/startup_stm32h750xx.o
DMA2_Stream0_IRQHandler                           build/startup_stm32h750xx.o
DMA2_Stream1_IRQHandler                           build/startup_stm32h750xx.o
DMA2_Stream2_IRQHandler                           build/startup_stm32h750xx.o
DMA2_Stream3_IRQHandler                           build/startup_stm32h750xx.o
DMA2_Stream4_IRQHandler                           build/startup_stm32h750xx.o
DMA2_Stream5_IRQHandler                           build/startup_stm32h750xx.o
DMA2_Stream6_IRQHandler                           build/startup_stm32h750xx.o
DMA2_Stream7_IRQHandler                           build/startup_stm32h750xx.o
DMAMUX1_OVR_IRQHandler                            build/startup_stm32h750xx.o
DMAMUX2_OVR_IRQHandler                            build/startup_stm32h750xx.o
DebugMon_Handler                                  build/stm32h7xx_it.o
Default_Handler                                   build/startup_stm32h750xx.o
ECC_IRQHandler                                    build/startup_stm32h750xx.o
ETH_IRQHandler                                    build/startup_stm32h750xx.o
ETH_WKUP_IRQHandler                               build/startup_stm32h750xx.o
EXTI0_IRQHandler                                  build/startup_stm32h750xx.o
EXTI15_10_IRQHandler                              build/startup_stm32h750xx.o
EXTI1_IRQHandler                                  build/startup_stm32h750xx.o
EXTI2_IRQHandler                                  build/startup_stm32h750xx.o
EXTI3_IRQHandler                                  build/startup_stm32h750xx.o
EXTI4_IRQHandler                                  build/startup_stm32h750xx.o
EXTI9_5_IRQHandler                                build/startup_stm32h750xx.o
Error_Handler                                     build/sdr_error.o
                                                  build/stm32h7xx_hal_msp.o
                                                  build/stm32h7xx_it.o
                                                  build/pressure.o
                                                  build/loadcell.o
                                                  build/init.o
                                                  build/main.o
FDCAN1_IT0_IRQHandler                             build/startup_stm32h750xx.o
FDCAN1_IT1_IRQHandler                             build/startup_stm32h750xx.o
FDCAN2_IT0_IRQHandler                             build/startup_stm32h750xx.o
FDCAN2_IT1_IRQHandler                             build/startup_stm32h750xx.o
FDCAN_CAL_IRQHandler                              build/startup_stm32h750xx.o
FLASH_CRC_WaitForLastOperation                    build/stm32h7xx_hal_flash.o
                                                  build/stm32h7xx_hal_flash_ex.o
FLASH_Erase_Sector                                build/stm32h7xx_hal_flash_ex.o
                                                  build/stm32h7xx_hal_flash.o
FLASH_IRQHandler                                  build/startup_stm32h750xx.o
FLASH_OB_WaitForLastOperation                     build/stm32h7xx_hal_flash.o
                                                  build/stm32h7xx_hal_flash_ex.o
FLASH_SPI_Init                                    build/init.o
                                                  build/main.o
FLASH_WaitForLastOperation                        build/stm32h7xx_hal_flash.o
                                                  build/stm32h7xx_hal_flash_ex.o
FMC_IRQHandler                                    build/startup_stm32h750xx.o
FPU_IRQHandler                                    build/startup_stm32h750xx.o
GPIO_Init                                         build/init.o
                                                  build/main.o
HAL_ADCEx_Calibration_GetValue                    build/stm32h7xx_hal_adc_ex.o
HAL_ADCEx_Calibration_SetValue                    build/stm32h7xx_hal_adc_ex.o
HAL_ADCEx_Calibration_Start                       build/stm32h7xx_hal_adc_ex.o
HAL_ADCEx_DisableInjectedQueue                    build/stm32h7xx_hal_adc_ex.o
HAL_ADCEx_DisableVoltageRegulator                 build/stm32h7xx_hal_adc_ex.o
HAL_ADCEx_EnableInjectedQueue                     build/stm32h7xx_hal_adc_ex.o
HAL_ADCEx_EndOfSamplingCallback                   build/stm32h7xx_hal_adc_ex.o
                                                  build/stm32h7xx_hal_adc.o
HAL_ADCEx_EnterADCDeepPowerDownMode               build/stm32h7xx_hal_adc_ex.o
HAL_ADCEx_InjectedConfigChannel                   build/stm32h7xx_hal_adc_ex.o
HAL_ADCEx_InjectedConvCpltCallback                build/stm32h7xx_hal_adc_ex.o
                                                  build/stm32h7xx_hal_adc.o
HAL_ADCEx_InjectedGetValue                        build/stm32h7xx_hal_adc_ex.o
HAL_ADCEx_InjectedPollForConversion               build/stm32h7xx_hal_adc_ex.o
HAL_ADCEx_InjectedQueueOverflowCallback           build/stm32h7xx_hal_adc_ex.o
                                                  build/stm32h7xx_hal_adc.o
HAL_ADCEx_InjectedStart                           build/stm32h7xx_hal_adc_ex.o
HAL_ADCEx_InjectedStart_IT                        build/stm32h7xx_hal_adc_ex.o
HAL_ADCEx_InjectedStop                            build/stm32h7xx_hal_adc_ex.o
HAL_ADCEx_InjectedStop_IT                         build/stm32h7xx_hal_adc_ex.o
HAL_ADCEx_LevelOutOfWindow2Callback               build/stm32h7xx_hal_adc_ex.o
                                                  build/stm32h7xx_hal_adc.o
HAL_ADCEx_LevelOutOfWindow3Callback               build/stm32h7xx_hal_adc_ex.o
                                                  build/stm32h7xx_hal_adc.o
HAL_ADCEx_LinearCalibration_FactorLoad            build/stm32h7xx_hal_adc_ex.o
HAL_ADCEx_LinearCalibration_GetValue              build/stm32h7xx_hal_adc_ex.o
HAL_ADCEx_LinearCalibration_SetValue              build/stm32h7xx_hal_adc_ex.o
HAL_ADCEx_MultiModeConfigChannel                  build/stm32h7xx_hal_adc_ex.o
                                                  build/init.o
HAL_ADCEx_MultiModeGetValue                       build/stm32h7xx_hal_adc_ex.o
HAL_ADCEx_MultiModeStart_DMA                      build/stm32h7xx_hal_adc_ex.o
HAL_ADCEx_MultiModeStop_DMA                       build/stm32h7xx_hal_adc_ex.o
HAL_ADCEx_RegularMultiModeStop_DMA                build/stm32h7xx_hal_adc_ex.o
HAL_ADCEx_RegularStop                             build/stm32h7xx_hal_adc_ex.o
HAL_ADCEx_RegularStop_DMA                         build/stm32h7xx_hal_adc_ex.o
HAL_ADCEx_RegularStop_IT                          build/stm32h7xx_hal_adc_ex.o
HAL_ADC_AnalogWDGConfig                           build/stm32h7xx_hal_adc.o
HAL_ADC_ConfigChannel                             build/stm32h7xx_hal_adc.o
                                                  build/init.o
HAL_ADC_ConvCpltCallback                          build/stm32h7xx_hal_adc.o
HAL_ADC_ConvHalfCpltCallback                      build/stm32h7xx_hal_adc.o
HAL_ADC_DeInit                                    build/stm32h7xx_hal_adc.o
HAL_ADC_ErrorCallback                             build/stm32h7xx_hal_adc.o
HAL_ADC_GetError                                  build/stm32h7xx_hal_adc.o
HAL_ADC_GetState                                  build/stm32h7xx_hal_adc.o
HAL_ADC_GetValue                                  build/stm32h7xx_hal_adc.o
                                                  build/pressure.o
                                                  build/loadcell.o
HAL_ADC_IRQHandler                                build/stm32h7xx_hal_adc.o
HAL_ADC_Init                                      build/stm32h7xx_hal_adc.o
                                                  build/init.o
HAL_ADC_LevelOutOfWindowCallback                  build/stm32h7xx_hal_adc.o
HAL_ADC_MspDeInit                                 build/stm32h7xx_hal_msp.o
HAL_ADC_MspInit                                   build/stm32h7xx_hal_msp.o
HAL_ADC_PollForConversion                         build/stm32h7xx_hal_adc.o
                                                  build/pressure.o
                                                  build/loadcell.o
HAL_ADC_PollForEvent                              build/stm32h7xx_hal_adc.o
HAL_ADC_Start                                     build/stm32h7xx_hal_adc.o
                                                  build/pressure.o
                                                  build/loadcell.o
HAL_ADC_Start_DMA                                 build/stm32h7xx_hal_adc.o
HAL_ADC_Start_IT                                  build/stm32h7xx_hal_adc.o
HAL_ADC_Stop                                      build/stm32h7xx_hal_adc.o
                                                  build/pressure.o
                                                  build/loadcell.o
HAL_ADC_Stop_DMA                                  build/stm32h7xx_hal_adc.o
HAL_ADC_Stop_IT                                   build/stm32h7xx_hal_adc.o
HAL_DBGMCU_DisableDBGSleepMode                    build/stm32h7xx_hal.o
HAL_DBGMCU_DisableDBGStandbyMode                  build/stm32h7xx_hal.o
HAL_DBGMCU_DisableDBGStopMode                     build/stm32h7xx_hal.o
HAL_DBGMCU_EnableDBGSleepMode                     build/stm32h7xx_hal.o
HAL_DBGMCU_EnableDBGStandbyMode                   build/stm32h7xx_hal.o
HAL_DBGMCU_EnableDBGStopMode                      build/stm32h7xx_hal.o
HAL_DMAEx_ChangeMemory                            build/stm32h7xx_hal_dma_ex.o
HAL_DMAEx_ConfigMuxRequestGenerator               build/stm32h7xx_hal_dma_ex.o
HAL_DMAEx_ConfigMuxSync                           build/stm32h7xx_hal_dma_ex.o
HAL_DMAEx_DisableMuxRequestGenerator              build/stm32h7xx_hal_dma_ex.o
HAL_DMAEx_EnableMuxRequestGenerator               build/stm32h7xx_hal_dma_ex.o
HAL_DMAEx_MUX_IRQHandler                          build/stm32h7xx_hal_dma_ex.o
HAL_DMAEx_MultiBufferStart                        build/stm32h7xx_hal_dma_ex.o
HAL_DMAEx_MultiBufferStart_IT                     build/stm32h7xx_hal_dma_ex.o
HAL_DMA_Abort                                     build/stm32h7xx_hal_dma.o
                                                  build/stm32h7xx_hal_uart.o
                                                  build/stm32h7xx_hal_spi.o
                                                  build/stm32h7xx_hal_adc_ex.o
                                                  build/stm32h7xx_hal_adc.o
HAL_DMA_Abort_IT                                  build/stm32h7xx_hal_dma.o
                                                  build/stm32h7xx_hal_uart.o
                                                  build/stm32h7xx_hal_i2c.o
                                                  build/stm32h7xx_hal_spi.o
HAL_DMA_DeInit                                    build/stm32h7xx_hal_dma.o
HAL_DMA_GetError                                  build/stm32h7xx_hal_dma.o
                                                  build/stm32h7xx_hal_uart.o
                                                  build/stm32h7xx_hal_i2c.o
                                                  build/stm32h7xx_hal_spi.o
HAL_DMA_GetState                                  build/stm32h7xx_hal_dma.o
                                                  build/stm32h7xx_hal_i2c.o
HAL_DMA_IRQHandler                                build/stm32h7xx_hal_dma.o
HAL_DMA_Init                                      build/stm32h7xx_hal_dma.o
HAL_DMA_PollForTransfer                           build/stm32h7xx_hal_dma.o
HAL_DMA_RegisterCallback                          build/stm32h7xx_hal_dma.o
HAL_DMA_Start                                     build/stm32h7xx_hal_dma.o
HAL_DMA_Start_IT                                  build/stm32h7xx_hal_dma.o
                                                  build/stm32h7xx_hal_uart.o
                                                  build/stm32h7xx_hal_i2c.o
                                                  build/stm32h7xx_hal_spi.o
                                                  build/stm32h7xx_hal_adc_ex.o
                                                  build/stm32h7xx_hal_adc.o
HAL_DMA_UnRegisterCallback                        build/stm32h7xx_hal_dma.o
HAL_DeInit                                        build/stm32h7xx_hal.o
HAL_Delay                                         build/stm32h7xx_hal.o
                                                  build/pressure.o
                                                  build/flash.o
                                                  build/led.o
                                                  build/ignition.o
HAL_DisableCompensationCell                       build/stm32h7xx_hal.o
HAL_EXTI_ClearConfigLine                          build/stm32h7xx_hal_exti.o
HAL_EXTI_ClearPending                             build/stm32h7xx_hal_exti.o
HAL_EXTI_D1_ClearFlag                             build/stm32h7xx_hal.o
HAL_EXTI_D1_EventInputConfig                      build/stm32h7xx_hal.o
HAL_EXTI_D3_EventInputConfig                      build/stm32h7xx_hal.o
HAL_EXTI_EdgeConfig                               build/stm32h7xx_hal.o
HAL_EXTI_GenerateSWI                              build/stm32h7xx_hal_exti.o
HAL_EXTI_GenerateSWInterrupt                      build/stm32h7xx_hal.o
HAL_EXTI_GetConfigLine                            build/stm32h7xx_hal_exti.o
HAL_EXTI_GetHandle                                build/stm32h7xx_hal_exti.o
HAL_EXTI_GetPending                               build/stm32h7xx_hal_exti.o
HAL_EXTI_IRQHandler                               build/stm32h7xx_hal_exti.o
HAL_EXTI_RegisterCallback                         build/stm32h7xx_hal_exti.o
HAL_EXTI_SetConfigLine                            build/stm32h7xx_hal_exti.o
HAL_EnableCompensationCell                        build/stm32h7xx_hal.o
HAL_FLASHEx_ComputeCRC                            build/stm32h7xx_hal_flash_ex.o
HAL_FLASHEx_Erase                                 build/stm32h7xx_hal_flash_ex.o
HAL_FLASHEx_Erase_IT                              build/stm32h7xx_hal_flash_ex.o
HAL_FLASHEx_Lock_Bank1                            build/stm32h7xx_hal_flash_ex.o
HAL_FLASHEx_OBGetConfig                           build/stm32h7xx_hal_flash_ex.o
HAL_FLASHEx_OBProgram                             build/stm32h7xx_hal_flash_ex.o
HAL_FLASHEx_Unlock_Bank1                          build/stm32h7xx_hal_flash_ex.o
HAL_FLASH_EndOfOperationCallback                  build/stm32h7xx_hal_flash.o
HAL_FLASH_GetError                                build/stm32h7xx_hal_flash.o
HAL_FLASH_IRQHandler                              build/stm32h7xx_hal_flash.o
HAL_FLASH_Lock                                    build/stm32h7xx_hal_flash.o
HAL_FLASH_OB_Launch                               build/stm32h7xx_hal_flash.o
HAL_FLASH_OB_Lock                                 build/stm32h7xx_hal_flash.o
HAL_FLASH_OB_Unlock                               build/stm32h7xx_hal_flash.o
HAL_FLASH_OperationErrorCallback                  build/stm32h7xx_hal_flash.o
HAL_FLASH_Program                                 build/stm32h7xx_hal_flash.o
HAL_FLASH_Program_IT                              build/stm32h7xx_hal_flash.o
HAL_FLASH_Unlock                                  build/stm32h7xx_hal_flash.o
HAL_GPIO_DeInit                                   build/stm32h7xx_hal_gpio.o
                                                  build/stm32h7xx_hal_msp.o
HAL_GPIO_EXTI_Callback                            build/stm32h7xx_hal_gpio.o
HAL_GPIO_EXTI_IRQHandler                          build/stm32h7xx_hal_gpio.o
HAL_GPIO_Init                                     build/stm32h7xx_hal_gpio.o
                                                  build/stm32h7xx_hal_rcc.o
                                                  build/stm32h7xx_hal_msp.o
                                                  build/init.o
HAL_GPIO_LockPin                                  build/stm32h7xx_hal_gpio.o
HAL_GPIO_ReadPin                                  build/stm32h7xx_hal_gpio.o
                                                  build/power.o
                                                  build/ignition.o
HAL_GPIO_TogglePin                                build/stm32h7xx_hal_gpio.o
HAL_GPIO_WritePin                                 build/stm32h7xx_hal_gpio.o
                                                  build/pressure.o
                                                  build/flash.o
                                                  build/led.o
                                                  build/ignition.o
                                                  build/init.o
HAL_GetCurrentCPUID                               build/stm32h7xx_hal_cortex.o
HAL_GetDEVID                                      build/stm32h7xx_hal.o
HAL_GetFMCMemorySwappingConfig                    build/stm32h7xx_hal.o
HAL_GetHalVersion                                 build/stm32h7xx_hal.o
HAL_GetREVID                                      build/stm32h7xx_hal.o
                                                  build/stm32h7xx_hal_rcc_ex.o
                                                  build/stm32h7xx_hal_rcc.o
                                                  build/stm32h7xx_hal_adc.o
HAL_GetTick                                       build/stm32h7xx_hal.o
                                                  build/stm32h7xx_hal_uart_ex.o
                                                  build/stm32h7xx_hal_uart.o
                                                  build/stm32h7xx_hal_i2c.o
                                                  build/stm32h7xx_hal_pwr_ex.o
                                                  build/stm32h7xx_hal_mdma.o
                                                  build/stm32h7xx_hal_dma.o
                                                  build/stm32h7xx_hal_flash.o
                                                  build/stm32h7xx_hal_rcc_ex.o
                                                  build/stm32h7xx_hal_rcc.o
                                                  build/stm32h7xx_hal_spi.o
                                                  build/stm32h7xx_hal_adc_ex.o
                                                  build/stm32h7xx_hal_adc.o
HAL_GetTickFreq                                   build/stm32h7xx_hal.o
HAL_GetTickPrio                                   build/stm32h7xx_hal.o
HAL_GetUIDw0                                      build/stm32h7xx_hal.o
HAL_GetUIDw1                                      build/stm32h7xx_hal.o
HAL_GetUIDw2                                      build/stm32h7xx_hal.o
HAL_HSEM_ActivateNotification                     build/stm32h7xx_hal_hsem.o
HAL_HSEM_DeactivateNotification                   build/stm32h7xx_hal_hsem.o
HAL_HSEM_FastTake                                 build/stm32h7xx_hal_hsem.o
HAL_HSEM_FreeCallback                             build/stm32h7xx_hal_hsem.o
HAL_HSEM_GetClearKey                              build/stm32h7xx_hal_hsem.o
HAL_HSEM_IRQHandler                               build/stm32h7xx_hal_hsem.o
HAL_HSEM_IsSemTaken                               build/stm32h7xx_hal_hsem.o
HAL_HSEM_Release                                  build/stm32h7xx_hal_hsem.o
HAL_HSEM_ReleaseAll                               build/stm32h7xx_hal_hsem.o
HAL_HSEM_SetClearKey                              build/stm32h7xx_hal_hsem.o
HAL_HSEM_Take                                     build/stm32h7xx_hal_hsem.o
HAL_HalfDuplex_EnableReceiver                     build/stm32h7xx_hal_uart.o
HAL_HalfDuplex_EnableTransmitter                  build/stm32h7xx_hal_uart.o
HAL_HalfDuplex_Init                               build/stm32h7xx_hal_uart.o
HAL_I2CEx_ConfigAnalogFilter                      build/stm32h7xx_hal_i2c_ex.o
                                                  build/init.o
HAL_I2CEx_ConfigDigitalFilter                     build/stm32h7xx_hal_i2c_ex.o
                                                  build/init.o
HAL_I2CEx_DisableFastModePlus                     build/stm32h7xx_hal_i2c_ex.o
HAL_I2CEx_DisableWakeUp                           build/stm32h7xx_hal_i2c_ex.o
HAL_I2CEx_EnableFastModePlus                      build/stm32h7xx_hal_i2c_ex.o
HAL_I2CEx_EnableWakeUp                            build/stm32h7xx_hal_i2c_ex.o
HAL_I2C_AbortCpltCallback                         build/stm32h7xx_hal_i2c.o
HAL_I2C_AddrCallback                              build/stm32h7xx_hal_i2c.o
HAL_I2C_DeInit                                    build/stm32h7xx_hal_i2c.o
HAL_I2C_DisableListen_IT                          build/stm32h7xx_hal_i2c.o
HAL_I2C_ER_IRQHandler                             build/stm32h7xx_hal_i2c.o
HAL_I2C_EV_IRQHandler                             build/stm32h7xx_hal_i2c.o
HAL_I2C_EnableListen_IT                           build/stm32h7xx_hal_i2c.o
HAL_I2C_ErrorCallback                             build/stm32h7xx_hal_i2c.o
HAL_I2C_GetError                                  build/stm32h7xx_hal_i2c.o
HAL_I2C_GetMode                                   build/stm32h7xx_hal_i2c.o
HAL_I2C_GetState                                  build/stm32h7xx_hal_i2c.o
HAL_I2C_Init                                      build/stm32h7xx_hal_i2c.o
                                                  build/init.o
HAL_I2C_IsDeviceReady                             build/stm32h7xx_hal_i2c.o
HAL_I2C_ListenCpltCallback                        build/stm32h7xx_hal_i2c.o
HAL_I2C_MasterRxCpltCallback                      build/stm32h7xx_hal_i2c.o
HAL_I2C_MasterTxCpltCallback                      build/stm32h7xx_hal_i2c.o
HAL_I2C_Master_Abort_IT                           build/stm32h7xx_hal_i2c.o
HAL_I2C_Master_Receive                            build/stm32h7xx_hal_i2c.o
                                                  build/temp.o
HAL_I2C_Master_Receive_DMA                        build/stm32h7xx_hal_i2c.o
HAL_I2C_Master_Receive_IT                         build/stm32h7xx_hal_i2c.o
HAL_I2C_Master_Seq_Receive_DMA                    build/stm32h7xx_hal_i2c.o
HAL_I2C_Master_Seq_Receive_IT                     build/stm32h7xx_hal_i2c.o
HAL_I2C_Master_Seq_Transmit_DMA                   build/stm32h7xx_hal_i2c.o
HAL_I2C_Master_Seq_Transmit_IT                    build/stm32h7xx_hal_i2c.o
HAL_I2C_Master_Transmit                           build/stm32h7xx_hal_i2c.o
                                                  build/temp.o
HAL_I2C_Master_Transmit_DMA                       build/stm32h7xx_hal_i2c.o
HAL_I2C_Master_Transmit_IT                        build/stm32h7xx_hal_i2c.o
HAL_I2C_MemRxCpltCallback                         build/stm32h7xx_hal_i2c.o
HAL_I2C_MemTxCpltCallback                         build/stm32h7xx_hal_i2c.o
HAL_I2C_Mem_Read                                  build/stm32h7xx_hal_i2c.o
HAL_I2C_Mem_Read_DMA                              build/stm32h7xx_hal_i2c.o
HAL_I2C_Mem_Read_IT                               build/stm32h7xx_hal_i2c.o
HAL_I2C_Mem_Write                                 build/stm32h7xx_hal_i2c.o
HAL_I2C_Mem_Write_DMA                             build/stm32h7xx_hal_i2c.o
HAL_I2C_Mem_Write_IT                              build/stm32h7xx_hal_i2c.o
HAL_I2C_MspDeInit                                 build/stm32h7xx_hal_msp.o
HAL_I2C_MspInit                                   build/stm32h7xx_hal_msp.o
HAL_I2C_SlaveRxCpltCallback                       build/stm32h7xx_hal_i2c.o
HAL_I2C_SlaveTxCpltCallback                       build/stm32h7xx_hal_i2c.o
HAL_I2C_Slave_Receive                             build/stm32h7xx_hal_i2c.o
HAL_I2C_Slave_Receive_DMA                         build/stm32h7xx_hal_i2c.o
HAL_I2C_Slave_Receive_IT                          build/stm32h7xx_hal_i2c.o
HAL_I2C_Slave_Seq_Receive_DMA                     build/stm32h7xx_hal_i2c.o
HAL_I2C_Slave_Seq_Receive_IT                      build/stm32h7xx_hal_i2c.o
HAL_I2C_Slave_Seq_Transmit_DMA                    build/stm32h7xx_hal_i2c.o
HAL_I2C_Slave_Seq_Transmit_IT                     build/stm32h7xx_hal_i2c.o
HAL_I2C_Slave_Transmit                            build/stm32h7xx_hal_i2c.o
HAL_I2C_Slave_Transmit_DMA                        build/stm32h7xx_hal_i2c.o
HAL_I2C_Slave_Transmit_IT                         build/stm32h7xx_hal_i2c.o
HAL_IncTick                                       build/stm32h7xx_hal.o
                                                  build/stm32h7xx_it.o
HAL_Init                                          build/stm32h7xx_hal.o
                                                  build/main.o
HAL_InitTick                                      build/stm32h7xx_hal.o
                                                  build/stm32h7xx_hal_rcc.o
HAL_LIN_Init                                      build/stm32h7xx_hal_uart.o
HAL_LIN_SendBreak                                 build/stm32h7xx_hal_uart.o
HAL_MDMA_Abort                                    build/stm32h7xx_hal_mdma.o
HAL_MDMA_Abort_IT                                 build/stm32h7xx_hal_mdma.o
HAL_MDMA_ConfigPostRequestMask                    build/stm32h7xx_hal_mdma.o
HAL_MDMA_DeInit                                   build/stm32h7xx_hal_mdma.o
HAL_MDMA_GenerateSWRequest                        build/stm32h7xx_hal_mdma.o
HAL_MDMA_GetError                                 build/stm32h7xx_hal_mdma.o
HAL_MDMA_GetState                                 build/stm32h7xx_hal_mdma.o
HAL_MDMA_IRQHandler                               build/stm32h7xx_hal_mdma.o
HAL_MDMA_Init                                     build/stm32h7xx_hal_mdma.o
HAL_MDMA_LinkedList_AddNode                       build/stm32h7xx_hal_mdma.o
HAL_MDMA_LinkedList_CreateNode                    build/stm32h7xx_hal_mdma.o
HAL_MDMA_LinkedList_DisableCircularMode           build/stm32h7xx_hal_mdma.o
HAL_MDMA_LinkedList_EnableCircularMode            build/stm32h7xx_hal_mdma.o